  r1_s138 x dafny: no twin, no input in the bounded domain satisfies `requires`, a vacuous precondition, so there is nothing to measure  <-- FINDING
  r1_s138 x verus: no twin, no input in the bounded domain satisfies `requires`, a vacuous precondition, so there is nothing to measure  <-- FINDING
  r1_s138 x spark: no twin, no input in the bounded domain satisfies `requires`, a vacuous precondition, so there is nothing to measure  <-- FINDING
  r1_s151 x spark: ABSTAIN: spark: 'median' assigned on only one branch of an `if` and read later; no join value
  r1_s138 x framac: no twin, no input in the bounded domain satisfies `requires`, a vacuous precondition, so there is nothing to measure  <-- FINDING
  r1_s138 x lean: no twin, no input in the bounded domain satisfies `requires`, a vacuous precondition, so there is nothing to measure  <-- FINDING
  r1_s151 x lean: ABSTAIN: a path that assigns nothing is not lowered for lean
  r1_s138 x rocq: no twin, no input in the bounded domain satisfies `requires`, a vacuous precondition, so there is nothing to measure  <-- FINDING
  r1_s138 x fstar: no twin, no input in the bounded domain satisfies `requires`, a vacuous precondition, so there is nothing to measure  <-- FINDING
  r1_s102 x dafny [off-by-one#1]: real=refuted twin=refuted  <-- FINDING   (twin witness: x=0 -> real 1, twin 0)
  r1_s101 x dafny [compare-flip]: real=refuted twin=refuted  <-- FINDING   (twin witness: a=[], b=[] -> real [], twin at index 0 outside [0,0))
  r1_s103 x dafny [wrong-var#2]: real=refuted twin=refuted  <-- FINDING   (twin witness: a=0, b=1 -> real 1, twin 0)
  r1_s104 x dafny [wrong-constant]: real=refuted twin=refuted  <-- FINDING   (twin witness: x=0 -> real 0, twin 1)
  r1_s105 x dafny [collapse-if]: real=refuted twin=refuted  <-- FINDING   (twin witness: a=0, b=1 -> real 1, twin 0)
  r1_s109 x dafny [off-by-one]: real=refuted twin=refuted  <-- FINDING   (twin witness: l=1, w=1, h=1 -> real 2, twin 3)
  r1_s112 x dafny [off-by-one]: real=verified twin=refuted   (twin witness: n=1 -> real 3, twin 4)
  r1_s113 x dafny [compare-flip]: real=refuted twin=refuted  <-- FINDING   (twin witness: n=1, k=0 -> real -1, twin -2)
  r1_s115 x dafny [collapse-if]: real=refuted twin=refuted  <-- FINDING   (twin witness: theorem=0, have=1 -> real 1, twin 0)
  r1_s12 x dafny [collapse-if]: real=unproved twin=refuted  <-- FINDING   (twin witness: s=[0], x=1 -> real -1, twin 0)
  r1_s124 x dafny [collapse-if]: real=refuted twin=refuted  <-- FINDING   (twin witness: x=1, y=0 -> real 0, twin 1)
  r1_s129 x dafny [collapse-if]: real=verified twin=refuted   (twin witness: a=1, b=0 -> real 0, twin 1)
  r1_s134 x dafny [wrong-var]: real=refuted twin=refuted  <-- FINDING   (twin witness: base=0, height=1 -> real 0, twin 1)
  r1_s130 x dafny [off-by-one]: real=refuted twin=refuted  <-- FINDING   (twin witness: n=1 -> real 1, twin 2)
  r1_s142 x dafny [off-by-one]: real=refuted twin=refuted  <-- FINDING   (twin witness: n=1 -> real 1, twin 2)
  r1_s140 x dafny [collapse-if]: real=unproved twin=refuted  <-- FINDING   (twin witness: s=[0], x=1 -> real -1, twin 0)
  r1_s145 x dafny [off-by-one]: real=refuted twin=refuted  <-- FINDING   (twin witness: n=1 -> real 1, twin 2)
  r1_s146 x dafny [off-by-one]: real=verified twin=refuted   (twin witness: n=1 -> real 1, twin 2)
  r1_s147 x dafny [wrong-var]: real=verified twin=refuted   (twin witness: length=0, width=1 -> real 0, twin 1)
  r1_s150 x dafny [wrong-operator]: real=refuted twin=refuted  <-- FINDING   (twin witness: x=0 -> real 1, twin -1)
  r1_s151 x dafny [negate-cond]: real=unproved twin=unproved  <-- FINDING   (twin witness: a=0, b=1, c=1 -> real 0, twin no value)
  r1_s152 x dafny [off-by-one]: real=refuted twin=refuted  <-- FINDING   (twin witness: n=1 -> real 0, twin -1)
  r1_s153 x dafny [off-by-one]: real=refuted twin=refuted  <-- FINDING   (twin witness: n=0 -> real 0, twin 1)
  r1_s156 x dafny [off-by-one]: real=verified twin=refuted   (twin witness: a=1, b=1 -> real 1, twin 0)
  r1_s158 x dafny [collapse-if]: real=refuted twin=refuted  <-- FINDING   (twin witness: a=1, b=0 -> real 1, twin 0)
  r1_s165 x dafny [negate-cond]: real=unproved twin=refuted  <-- FINDING   (twin witness: s=[0], x=0, n=0 -> real 0, twin -1)
  r1_s167 x dafny [off-by-one]: real=verified twin=refuted   (twin witness: s=[0, 0] -> real 3, twin 4)
  r1_s168 x dafny [off-by-one]: real=refuted twin=refuted  <-- FINDING   (twin witness: n=1 -> real 0, twin -1)
  r1_s171 x dafny [collapse-if]: real=unproved twin=refuted  <-- FINDING   (twin witness: s=[0], x=1 -> real -1, twin 0)
  r1_s175 x dafny [off-by-one]: real=verified twin=refuted   (twin witness: s=[0, 0] -> real 3, twin 4)
  r1_s179 x dafny [off-by-one]: real=verified twin=refuted   (twin witness: s=1 -> real 6, twin 7)
  r1_s180 x dafny [collapse-if]: real=refuted twin=refuted  <-- FINDING   (twin witness: x=0, y=1 -> real 1, twin 0)
  r1_s183 x dafny [compare-flip]: real=unproved twin=refuted  <-- FINDING   (twin witness: n=0 -> real 0, twin 1)
  r1_s19 x dafny [wrong-var]: real=malformed twin=malformed  <-- FINDING   (twin witness: costPrice=0, sellingPrice=1 -> real False, twin True)
  r1_s188 x dafny [off-by-one]: real=refuted twin=refuted  <-- FINDING   (twin witness: n=1 -> real -6, twin -7)
  r1_s196 x dafny [compare-flip]: real=refuted twin=refuted  <-- FINDING   (twin witness: n=0 -> real 1, twin 2)
  r1_s201 x dafny [wrong-constant]: real=verified twin=refuted   (twin witness: s=[] -> real 0, twin 1)
  r1_s203 x dafny [off-by-one#1]: real=refuted twin=refuted  <-- FINDING   (twin witness: side=1 -> real 4, twin 3)
  r1_s206 x dafny [off-by-one]: real=refuted twin=refuted  <-- FINDING   (twin witness: n=1 -> real 0, twin -1)
  r1_s207 x dafny [off-by-one]: real=refuted twin=refuted  <-- FINDING   (twin witness: baseEdge=1, height=1 -> real 3, twin 4)
  r1_s210 x dafny [off-by-one#1]: real=verified twin=refuted   (twin witness: x=0 -> real 1, twin 0)
  r1_s211 x dafny [off-by-one]: real=refuted twin=refuted  <-- FINDING   (twin witness: baseEdge=1, height=0 -> real 3, twin 4)
  r1_s215 x dafny [collapse-if]: real=verified twin=refuted   (twin witness: a=0, b=1 -> real 1, twin 0)
  r1_s217 x dafny [off-by-one]: real=refuted twin=refuted  <-- FINDING   (twin witness: n=1 -> real 3, twin 4)
  r1_s22 x dafny [off-by-one]: real=verified twin=refuted   (twin witness: a=0, b=1 -> real 2, twin 3)
  r1_s221 x dafny [off-by-one]: real=refuted twin=refuted  <-- FINDING   (twin witness: n=1 -> real 1, twin 2)
  r1_s227 x dafny [wrong-constant]: real=refuted twin=refuted  <-- FINDING   (twin witness: x=1 -> real -1, twin 0)
  r1_s228 x dafny [off-by-one]: real=verified twin=refuted   (twin witness: n=2 -> real 3, twin 4)
  r1_s230 x dafny [wrong-var]: real=verified twin=refuted   (twin witness: n=1, k=2 -> real 2, twin 1)
  r1_s232 x dafny [off-by-one]: real=verified twin=refuted   (twin witness: side=1 -> real 4, twin 5)
  r1_s235 x dafny [compare-flip]: real=refuted twin=refuted  <-- FINDING   (twin witness: s=[], x=0 -> real -1, twin at index 0 outside [0,0))
  r1_s236 x dafny [off-by-one]: real=verified twin=refuted   (twin witness: side=1 -> real 4, twin 5)
  r1_s237 x dafny [off-by-one]: real=refuted twin=refuted  <-- FINDING   (twin witness: n=0 -> real 0, twin 1)
  r1_s238 x dafny [off-by-one#4]: real=refuted twin=refuted  <-- FINDING   (twin witness: x=0, y=0 -> real [-1, -1], twin [-2, -1])
  r1_s24 x dafny [off-by-one]: real=verified twin=refuted   (twin witness: n=1, s=0 -> real 1, twin 0)
  r1_s243 x dafny [off-by-one]: real=refuted twin=refuted  <-- FINDING   (twin witness: n=1 -> real 3, twin 4)
  r1_s255 x dafny [off-by-one]: real=refuted twin=refuted  <-- FINDING   (twin witness: n=1 -> real 1, twin 2)
  r1_s257 x dafny [off-by-one]: real=refuted twin=refuted  <-- FINDING   (twin witness: n=1 -> real 1, twin 2)
  r1_s258 x dafny [collapse-if]: real=refuted twin=refuted  <-- FINDING   (twin witness: a=0, b=1 -> real 1, twin 0)
  r1_s26 x dafny [collapse-if]: real=verified twin=refuted   (twin witness: a=0, b=1 -> real 1, twin 0)
  r1_s260 x dafny [collapse-if]: real=verified twin=refuted   (twin witness: x=1, y=0 -> real 0, twin 1)
  r1_s262 x dafny [off-by-one]: real=verified twin=refuted   (twin witness: x=1 -> real 3, twin 4)
  r1_s263 x dafny [off-by-one]: real=verified twin=refuted   (twin witness: n=10 -> real 0, twin 10)
  r1_s265 x dafny [negate-cond]: real=unproved twin=refuted  <-- FINDING   (twin witness: s=[0], x=0 -> real 0, twin -1)
  r1_s268 x dafny [off-by-one]: real=refuted twin=refuted  <-- FINDING   (twin witness: n=3 -> real 6, twin 10)
  r1_s273 x dafny [off-by-one]: real=verified twin=refuted   (twin witness: radius=1 -> real 2, twin 3)
  r1_s275 x dafny [off-by-one]: real=refuted twin=refuted  <-- FINDING   (twin witness: l=1, w=1, h=1 -> real 2, twin 3)
  r1_s28 x dafny [off-by-one]: real=verified twin=refuted   (twin witness: a=0, b=1 -> real 2, twin 3)
  r1_s285 x dafny [off-by-one]: real=refuted twin=refuted  <-- FINDING   (twin witness: n=1 -> real 0, twin -1)
  r1_s288 x dafny [off-by-one+nonrefuting]: real=verified twin=verified  <-- FINDING   (twin witness: x=6 -> real 7, twin 8)
  r1_s292 x dafny [off-by-one]: real=refuted twin=refuted  <-- FINDING   (twin witness: n=0 -> real 0, twin 1)
  r1_s293 x dafny [collapse-if]: real=refuted twin=refuted  <-- FINDING   (twin witness: x=1 -> real 1, twin -1)
  r1_s294 x dafny [off-by-one#1]: real=refuted twin=refuted  <-- FINDING   (twin witness: x=0 -> real 1, twin 0)
  r1_s298 x dafny [off-by-one#2]: real=refuted twin=refuted  <-- FINDING   (twin witness: n=0 -> real True, twin False)
  r1_s30 x dafny [off-by-one]: real=malformed twin=malformed  <-- FINDING   (twin witness: arr=[0], k=1 -> real 0, twin at index 1 outside [0,1))
  r1_s299 x dafny [off-by-one#1]: real=refuted twin=refuted  <-- FINDING   (twin witness: n=3 -> real 10, twin 6)
  r1_s303 x dafny [off-by-one]: real=refuted twin=refuted  <-- FINDING   (twin witness: n=1 -> real 1, twin 0)
  r1_s31 x dafny [off-by-one]: real=verified twin=refuted   (twin witness: l=0, w=1, h=1 -> real 2, twin 3)
  r1_s33 x dafny [off-by-one#1]: real=verified twin=refuted   (twin witness: n=0 -> real 1, twin 0)
  r1_s333 x dafny [off-by-one]: real=refuted twin=refuted  <-- FINDING   (twin witness: n=7 -> real 252, twin 294)
  r1_s337 x dafny [wrong-var#2]: real=refuted twin=refuted  <-- FINDING   (twin witness: a=1, b=0 -> real 1, twin 0)
  r1_s338 x dafny [off-by-one#2]: real=refuted twin=refuted  <-- FINDING   (twin witness: x=0 -> real 0, twin 1)
  r1_s34 x dafny [off-by-one]: real=refuted twin=refuted  <-- FINDING   (twin witness: n=2 -> real 9, twin 11)
  r1_s341 x dafny [collapse-if]: real=verified twin=refuted   (twin witness: a=1, b=2 -> real 2, twin 1)
  r1_s342 x dafny [off-by-one]: real=refuted twin=refuted  <-- FINDING   (twin witness: size=1 -> real 6, twin 7)
  r1_s343 x dafny [off-by-one]: real=verified twin=refuted   (twin witness: n=1 -> real 1, twin 0)
  r1_s345 x dafny [off-by-one]: real=refuted twin=refuted  <-- FINDING   (twin witness: n=1 -> real 2, twin 3)
  r1_s346 x dafny [off-by-one]: real=refuted twin=refuted  <-- FINDING   (twin witness: n=1 -> real 2, twin 3)
  r1_s348 x dafny [off-by-one]: real=refuted twin=refuted  <-- FINDING   (twin witness: n=4 -> real 72, twin 84)
  r1_s347 x dafny [collapse-if]: real=refuted twin=refuted  <-- FINDING   (twin witness: s=[0], x=1 -> real -1, twin 0)
  r1_s357 x dafny [off-by-one]: real=malformed twin=malformed  <-- FINDING   (twin witness: side=1 -> real 5, twin 6)
  r1_s35 x dafny [wrong-var+nonrefuting]: real=refuted twin=unproved  <-- FINDING   (twin witness: costPrice=0, sellingPrice=1 -> real False, twin True)
  r1_s361 x dafny [collapse-if]: real=refuted twin=refuted  <-- FINDING   (twin witness: a=0, b=1 -> real 1, twin 0)
  r1_s365 x dafny [collapse-if]: real=verified twin=refuted   (twin witness: s=[0], x=1 -> real -1, twin 0)
  r1_s368 x dafny [collapse-if]: real=refuted twin=refuted  <-- FINDING   (twin witness: s=[1], x=0 -> real -1, twin 0)
  r1_s37 x dafny [off-by-one]: real=refuted twin=refuted  <-- FINDING   (twin witness: n=1 -> real 0, twin -1)
  r1_s373 x dafny [compare-flip]: real=verified twin=refuted   (twin witness: s=[], x=0, n=0 -> real -1, twin at index 0 outside [0,0))
  r1_s38 x dafny [wrong-constant#1]: real=verified twin=refuted   (twin witness: s=[] -> real 0, twin -1)
  r1_s380 x dafny [off-by-one]: real=refuted twin=refuted  <-- FINDING   (twin witness: n=1 -> real 3, twin 4)
  r1_s388 x dafny [collapse-if]: real=verified twin=refuted   (twin witness: a=0, b=1 -> real 1, twin 0)
  r1_s39 x dafny [wrong-var]: real=verified twin=refuted   (twin witness: base=0, height=1 -> real 0, twin 1)
  r1_s390 x dafny [off-by-one]: real=refuted twin=refuted  <-- FINDING   (twin witness: baseEdge=1, height=1 -> real 3, twin 4)
  r1_s392 x dafny [off-by-one]: real=verified twin=refuted   (twin witness: s=[0, 0] -> real 3, twin 4)
  r1_s393 x dafny [collapse-if]: real=unproved twin=refuted  <-- FINDING   (twin witness: s=[0], x=1 -> real -1, twin 0)
  r1_s394 x dafny [wrong-constant]: real=verified twin=refuted   (twin witness: s=[] -> real 0, twin 1)
  r1_s396 x dafny [wrong-var#3]: real=refuted twin=refuted  <-- FINDING   (twin witness: x=0, y=1 -> real [-4, -5], twin [0, 0])
  r1_s397 x dafny [wrong-var#3]: real=refuted twin=refuted  <-- FINDING   (twin witness: x=0, y=1 -> real 1, twin 2)
  r1_s402 x dafny [compare-flip]: real=refuted twin=refuted  <-- FINDING   (twin witness: s=[], x=0 -> real -1, twin at index 0 outside [0,0))
  r1_s404 x dafny [off-by-one]: real=refuted twin=refuted  <-- FINDING   (twin witness: side=1 -> real 6, twin 7)
  r1_s407 x dafny [off-by-one]: real=verified twin=refuted   (twin witness: x=1 -> real 3, twin 4)
  r1_s41 x dafny [collapse-if]: real=refuted twin=refuted  <-- FINDING   (twin witness: a=0, b=1 -> real 1, twin 0)
  r1_s411 x dafny [compare-flip]: real=refuted twin=refuted  <-- FINDING   (twin witness: s=[] -> real [], twin at index 0 outside [0,0))
  r1_s412 x dafny [off-by-one]: real=verified twin=refuted   (twin witness: n=6 -> real 180, twin 210)
  r1_s416 x dafny [off-by-one]: real=refuted twin=refuted  <-- FINDING   (twin witness: x=4 -> real 6, twin 5)
  r1_s419 x dafny [off-by-one]: real=refuted twin=refuted  <-- FINDING   (twin witness: n=1 -> real 3, twin 4)
  r1_s421 x dafny [collapse-if+nonrefuting]: real=refuted twin=unproved  <-- FINDING   (twin witness: x=0, y=1 -> real 1, twin 0)
  r1_s424 x dafny [collapse-if]: real=verified twin=refuted   (twin witness: a=1, b=2 -> real 2, twin 1)
  r1_s428 x dafny [off-by-one]: real=refuted twin=refuted  <-- FINDING   (twin witness: n=1 -> real 19, twin 20)
  r1_s425 x dafny [off-by-one]: real=verified twin=refuted   (twin witness: s=[0, 0] -> real 3, twin 4)
  r1_s432 x dafny [off-by-one]: real=refuted twin=refuted  <-- FINDING   (twin witness: n=1 -> real 12, twin 15)
  r1_s43 x dafny [collapse-if]: real=refuted twin=refuted  <-- FINDING   (twin witness: s=[0], x=1 -> real -1, twin 0)
  r1_s434 x dafny [collapse-if]: real=verified twin=refuted   (twin witness: costPrice=1, sellingPrice=2 -> real 0, twin -1)
  r1_s435 x dafny [wrong-constant]: real=refuted twin=refuted  <-- FINDING   (twin witness: radius=1 -> real 1, twin 2)
  r1_s441 x dafny [collapse-if]: real=verified twin=refuted   (twin witness: a=0, b=1 -> real 1, twin 0)
  r1_s449 x dafny [off-by-one+nonrefuting]: real=refuted twin=unproved  <-- FINDING   (twin witness: x=0 -> real 2, twin 3)
  r1_s45 x dafny [off-by-one]: real=refuted twin=refuted  <-- FINDING   (twin witness: radius=0 -> real 29, twin 30)
  r1_s450 x dafny [collapse-if]: real=unproved twin=refuted  <-- FINDING   (twin witness: s=[0], x=1 -> real -1, twin 0)
  r1_s452 x dafny [off-by-one]: real=refuted twin=refuted  <-- FINDING   (twin witness: n=5 -> real 121, twin 141)
  r1_s456 x dafny [compare-flip]: real=refuted twin=refuted  <-- FINDING   (twin witness: x=1, y=1 -> real 1, twin 0)
  r1_s458 x dafny [off-by-one]: real=verified twin=refuted   (twin witness: s=[0, 0] -> real 3, twin 4)
  r1_s459 x dafny [wrong-var]: real=verified twin=refuted   (twin witness: costPrice=0, sellingPrice=1 -> real False, twin True)
  r1_s46 x dafny [off-by-one]: real=verified twin=refuted   (twin witness: radius=1 -> real 2, twin 3)
  r1_s461 x dafny [off-by-one]: real=refuted twin=refuted  <-- FINDING   (twin witness: baseEdge=1, height=1 -> real 5, twin 6)
  r1_s466 x dafny [off-by-one]: real=refuted twin=refuted  <-- FINDING   (twin witness: n=1 -> real -10, twin -9)
  r1_s468 x dafny [off-by-one]: real=refuted twin=refuted  <-- FINDING   (twin witness: n=6 -> real 7, twin 8)
  r1_s471 x dafny [wrong-var]: real=refuted twin=refuted  <-- FINDING   (twin witness: n=1, k=0 -> real 0, twin 1)
  r1_s483 x dafny [wrong-var]: real=refuted twin=refuted  <-- FINDING   (twin witness: a=0, b=1, c=0 -> real 0, twin 1)
  r1_s487 x dafny [off-by-one]: real=refuted twin=refuted  <-- FINDING   (twin witness: n=1 -> real 1, twin 0)
  r1_s493 x dafny [wrong-var]: real=verified twin=refuted   (twin witness: length=0, width=1 -> real 0, twin 1)
  r1_s494 x dafny [off-by-one#1]: real=verified twin=refuted   (twin witness: x=0 -> real 1, twin 0)
  r1_s496 x dafny [wrong-var]: real=refuted twin=refuted  <-- FINDING   (twin witness: base=0, height=1, length=0 -> real 0, twin 1)
  r1_s52 x dafny [wrong-operator#2]: real=refuted twin=refuted  <-- FINDING   (twin witness: n=1, k=0 -> real 1, twin -1)
  r1_s53 x dafny [wrong-constant]: real=refuted twin=refuted  <-- FINDING   (twin witness: a=1, b=0 -> real 1, twin 2)
  r1_s56 x dafny [collapse-if]: real=verified twin=refuted   (twin witness: a=0, b=1 -> real 1, twin 0)
  r1_s59 x dafny [off-by-one]: real=refuted twin=refuted  <-- FINDING   (twin witness: arr=[0], k=1 -> real 0, twin at index 1 outside [0,1))
  r1_s6 x dafny [off-by-one]: real=verified twin=refuted   (twin witness: side=1 -> real 4, twin 5)
  r1_s62 x dafny [collapse-if]: real=unproved twin=refuted  <-- FINDING   (twin witness: s=[0], x=1 -> real -1, twin 0)
  r1_s64 x dafny [collapse-if+nonrefuting]: real=refuted twin=unproved  <-- FINDING   (twin witness: x=0 -> real 0, twin 1)
  r1_s67 x dafny [collapse-if]: real=unproved twin=refuted  <-- FINDING   (twin witness: s=[0], x=1, n=0 -> real -1, twin 0)
  r1_s68 x dafny [collapse-if]: real=unproved twin=refuted  <-- FINDING   (twin witness: s=[0], x=1 -> real -1, twin 0)
  r1_s7 x dafny [off-by-one]: real=verified twin=refuted   (twin witness: side=1 -> real 4, twin 5)
  r1_s70 x dafny [off-by-one]: real=verified twin=refuted   (twin witness: n=1 -> real 1, twin 2)
  r1_s75 x dafny [off-by-one]: real=refuted twin=refuted  <-- FINDING   (twin witness: x=0 -> real 1, twin 2)
  r1_s79 x dafny [off-by-one#2]: real=refuted twin=refuted  <-- FINDING   (twin witness: x=0, y=0 -> real [0, 0], twin [1, 0])
  r1_s8 x dafny [off-by-one]: real=refuted twin=refuted  <-- FINDING   (twin witness: n=4 -> real 72, twin 84)
  r1_s82 x dafny [wrong-constant#1]: real=refuted twin=refuted  <-- FINDING   (twin witness: x=0 -> real 0, twin -1)
  r1_s83 x dafny [off-by-one]: real=refuted twin=refuted  <-- FINDING   (twin witness: side=1 -> real 5, twin 6)
  r1_s84 x dafny [off-by-one]: real=refuted twin=refuted  <-- FINDING   (twin witness: n=0 -> real -1, twin -2)
  r1_s85 x dafny [wrong-constant]: real=refuted twin=refuted  <-- FINDING   (twin witness: x=1, y=0 -> real 1, twin 2)
  r1_s86 x dafny [off-by-one#1]: real=refuted twin=refuted  <-- FINDING   (twin witness: length=1, width=0 -> real 0, twin 1)
  r1_s87 x dafny [off-by-one]: real=verified twin=refuted   (twin witness: s=[0, 0] -> real 3, twin 4)
  r1_s90 x dafny [collapse-if]: real=verified twin=refuted   (twin witness: s=[0], x=1 -> real -1, twin 0)
  r1_s91 x dafny [compare-flip]: real=unproved twin=unproved  <-- FINDING   (twin witness: s=[], x=0 -> real 0, twin 2)
  r1_s92 x dafny [off-by-one#1]: real=refuted twin=refuted  <-- FINDING   (twin witness: n=1 -> real 0, twin -1)
  r1_s97 x dafny [wrong-constant]: real=verified twin=refuted   (twin witness: x=0 -> real 0, twin 1)
  r1_s102 x verus [off-by-one#1]: real=refuted twin=refuted  <-- FINDING   (twin witness: x=0 -> real 1, twin 0)
  r1_s101 x verus [compare-flip]: real=refuted twin=refuted  <-- FINDING   (twin witness: a=[], b=[] -> real [], twin at index 0 outside [0,0))
  r1_s103 x verus [wrong-var#2]: real=refuted twin=refuted  <-- FINDING   (twin witness: a=0, b=1 -> real 1, twin 0)
  r1_s104 x verus [wrong-constant]: real=refuted twin=refuted  <-- FINDING   (twin witness: x=0 -> real 0, twin 1)
  r1_s105 x verus [collapse-if]: real=refuted twin=refuted  <-- FINDING   (twin witness: a=0, b=1 -> real 1, twin 0)
  r1_s109 x verus [off-by-one]: real=refuted twin=refuted  <-- FINDING   (twin witness: l=1, w=1, h=1 -> real 2, twin 3)
  r1_s112 x verus [off-by-one]: real=verified twin=refuted   (twin witness: n=1 -> real 3, twin 4)
  r1_s113 x verus [compare-flip]: real=refuted twin=refuted  <-- FINDING   (twin witness: n=1, k=0 -> real -1, twin -2)
  r1_s115 x verus [collapse-if]: real=refuted twin=refuted  <-- FINDING   (twin witness: theorem=0, have=1 -> real 1, twin 0)
  r1_s12 x verus [collapse-if]: real=unproved twin=refuted  <-- FINDING   (twin witness: s=[0], x=1 -> real -1, twin 0)
  r1_s124 x verus [collapse-if]: real=refuted twin=refuted  <-- FINDING   (twin witness: x=1, y=0 -> real 0, twin 1)
  r1_s129 x verus [collapse-if]: real=verified twin=refuted   (twin witness: a=1, b=0 -> real 0, twin 1)
  r1_s130 x verus [off-by-one]: real=refuted twin=refuted  <-- FINDING   (twin witness: n=1 -> real 1, twin 2)
  r1_s134 x verus [wrong-var]: real=refuted twin=refuted  <-- FINDING   (twin witness: base=0, height=1 -> real 0, twin 1)
  r1_s142 x verus [off-by-one]: real=refuted twin=refuted  <-- FINDING   (twin witness: n=1 -> real 1, twin 2)
  r1_s140 x verus [collapse-if]: real=unproved twin=refuted  <-- FINDING   (twin witness: s=[0], x=1 -> real -1, twin 0)
  r1_s145 x verus [off-by-one]: real=refuted twin=refuted  <-- FINDING   (twin witness: n=1 -> real 1, twin 2)
  r1_s146 x verus [off-by-one]: real=verified twin=refuted   (twin witness: n=1 -> real 1, twin 2)
  r1_s147 x verus [wrong-var]: real=verified twin=refuted   (twin witness: length=0, width=1 -> real 0, twin 1)
  r1_s150 x verus [wrong-operator]: real=refuted twin=refuted  <-- FINDING   (twin witness: x=0 -> real 1, twin -1)
  r1_s151 x verus [negate-cond]: real=unproved twin=unproved  <-- FINDING   (twin witness: a=0, b=1, c=1 -> real 0, twin no value)
  r1_s152 x verus [off-by-one]: real=refuted twin=refuted  <-- FINDING   (twin witness: n=1 -> real 0, twin -1)
  r1_s153 x verus [off-by-one]: real=refuted twin=refuted  <-- FINDING   (twin witness: n=0 -> real 0, twin 1)
  r1_s156 x verus [off-by-one]: real=verified twin=refuted   (twin witness: a=1, b=1 -> real 1, twin 0)
  r1_s158 x verus [collapse-if]: real=refuted twin=refuted  <-- FINDING   (twin witness: a=1, b=0 -> real 1, twin 0)
  r1_s165 x verus [negate-cond]: real=unproved twin=refuted  <-- FINDING   (twin witness: s=[0], x=0, n=0 -> real 0, twin -1)
  r1_s167 x verus [off-by-one]: real=verified twin=refuted   (twin witness: s=[0, 0] -> real 3, twin 4)
  r1_s168 x verus [off-by-one]: real=refuted twin=refuted  <-- FINDING   (twin witness: n=1 -> real 0, twin -1)
  r1_s171 x verus [collapse-if]: real=unproved twin=refuted  <-- FINDING   (twin witness: s=[0], x=1 -> real -1, twin 0)
  r1_s175 x verus [off-by-one]: real=verified twin=refuted   (twin witness: s=[0, 0] -> real 3, twin 4)
  r1_s179 x verus [off-by-one]: real=verified twin=refuted   (twin witness: s=1 -> real 6, twin 7)
  r1_s180 x verus [collapse-if]: real=refuted twin=refuted  <-- FINDING   (twin witness: x=0, y=1 -> real 1, twin 0)
  r1_s183 x verus [compare-flip]: real=unproved twin=refuted  <-- FINDING   (twin witness: n=0 -> real 0, twin 1)
  r1_s19 x verus [wrong-var]: real=malformed twin=malformed  <-- FINDING   (twin witness: costPrice=0, sellingPrice=1 -> real False, twin True)
  r1_s188 x verus [off-by-one]: real=refuted twin=refuted  <-- FINDING   (twin witness: n=1 -> real -6, twin -7)
  r1_s196 x verus [compare-flip]: real=refuted twin=refuted  <-- FINDING   (twin witness: n=0 -> real 1, twin 2)
  r1_s201 x verus [wrong-constant]: real=verified twin=refuted   (twin witness: s=[] -> real 0, twin 1)
  r1_s203 x verus [off-by-one#1]: real=refuted twin=refuted  <-- FINDING   (twin witness: side=1 -> real 4, twin 3)
  r1_s206 x verus [off-by-one]: real=refuted twin=refuted  <-- FINDING   (twin witness: n=1 -> real 0, twin -1)
  r1_s207 x verus [off-by-one]: real=refuted twin=refuted  <-- FINDING   (twin witness: baseEdge=1, height=1 -> real 3, twin 4)
  r1_s210 x verus [off-by-one#1]: real=verified twin=refuted   (twin witness: x=0 -> real 1, twin 0)
  r1_s211 x verus [off-by-one]: real=refuted twin=refuted  <-- FINDING   (twin witness: baseEdge=1, height=0 -> real 3, twin 4)
  r1_s215 x verus [collapse-if]: real=verified twin=refuted   (twin witness: a=0, b=1 -> real 1, twin 0)
  r1_s217 x verus [off-by-one]: real=refuted twin=refuted  <-- FINDING   (twin witness: n=1 -> real 3, twin 4)
  r1_s22 x verus [off-by-one]: real=verified twin=refuted   (twin witness: a=0, b=1 -> real 2, twin 3)
  r1_s221 x verus [off-by-one]: real=refuted twin=refuted  <-- FINDING   (twin witness: n=1 -> real 1, twin 2)
  r1_s227 x verus [wrong-constant]: real=refuted twin=refuted  <-- FINDING   (twin witness: x=1 -> real -1, twin 0)
  r1_s228 x verus [off-by-one]: real=verified twin=refuted   (twin witness: n=2 -> real 3, twin 4)
  r1_s230 x verus [wrong-var]: real=verified twin=refuted   (twin witness: n=1, k=2 -> real 2, twin 1)
  r1_s232 x verus [off-by-one]: real=verified twin=refuted   (twin witness: side=1 -> real 4, twin 5)
  r1_s235 x verus [compare-flip]: real=refuted twin=refuted  <-- FINDING   (twin witness: s=[], x=0 -> real -1, twin at index 0 outside [0,0))
  r1_s236 x verus [off-by-one]: real=verified twin=refuted   (twin witness: side=1 -> real 4, twin 5)
  r1_s237 x verus [off-by-one]: real=refuted twin=refuted  <-- FINDING   (twin witness: n=0 -> real 0, twin 1)
  r1_s238 x verus [off-by-one#4]: real=refuted twin=refuted  <-- FINDING   (twin witness: x=0, y=0 -> real [-1, -1], twin [-2, -1])
  r1_s24 x verus [off-by-one]: real=verified twin=refuted   (twin witness: n=1, s=0 -> real 1, twin 0)
  r1_s243 x verus [off-by-one]: real=refuted twin=refuted  <-- FINDING   (twin witness: n=1 -> real 3, twin 4)
  r1_s255 x verus [off-by-one]: real=refuted twin=refuted  <-- FINDING   (twin witness: n=1 -> real 1, twin 2)
  r1_s257 x verus [off-by-one]: real=refuted twin=refuted  <-- FINDING   (twin witness: n=1 -> real 1, twin 2)
  r1_s258 x verus [collapse-if]: real=refuted twin=refuted  <-- FINDING   (twin witness: a=0, b=1 -> real 1, twin 0)
  r1_s26 x verus [collapse-if]: real=verified twin=refuted   (twin witness: a=0, b=1 -> real 1, twin 0)
  r1_s260 x verus [collapse-if]: real=verified twin=refuted   (twin witness: x=1, y=0 -> real 0, twin 1)
  r1_s262 x verus [off-by-one]: real=verified twin=refuted   (twin witness: x=1 -> real 3, twin 4)
  r1_s263 x verus [off-by-one]: real=verified twin=refuted   (twin witness: n=10 -> real 0, twin 10)
  r1_s265 x verus [negate-cond]: real=unproved twin=refuted  <-- FINDING   (twin witness: s=[0], x=0 -> real 0, twin -1)
  r1_s268 x verus [off-by-one]: real=refuted twin=refuted  <-- FINDING   (twin witness: n=3 -> real 6, twin 10)
  r1_s273 x verus [off-by-one]: real=verified twin=refuted   (twin witness: radius=1 -> real 2, twin 3)
  r1_s275 x verus [off-by-one]: real=refuted twin=refuted  <-- FINDING   (twin witness: l=1, w=1, h=1 -> real 2, twin 3)
  r1_s28 x verus [off-by-one]: real=verified twin=refuted   (twin witness: a=0, b=1 -> real 2, twin 3)
  r1_s285 x verus [off-by-one]: real=refuted twin=refuted  <-- FINDING   (twin witness: n=1 -> real 0, twin -1)
  r1_s288 x verus [off-by-one+nonrefuting]: real=verified twin=verified  <-- FINDING   (twin witness: x=6 -> real 7, twin 8)
  r1_s292 x verus [off-by-one]: real=refuted twin=refuted  <-- FINDING   (twin witness: n=0 -> real 0, twin 1)
  r1_s293 x verus [collapse-if]: real=refuted twin=refuted  <-- FINDING   (twin witness: x=1 -> real 1, twin -1)
  r1_s294 x verus [off-by-one#1]: real=refuted twin=refuted  <-- FINDING   (twin witness: x=0 -> real 1, twin 0)
  r1_s298 x verus [off-by-one#2]: real=refuted twin=refuted  <-- FINDING   (twin witness: n=0 -> real True, twin False)
  r1_s30 x verus [off-by-one]: real=malformed twin=malformed  <-- FINDING   (twin witness: arr=[0], k=1 -> real 0, twin at index 1 outside [0,1))
  r1_s299 x verus [off-by-one#1]: real=refuted twin=refuted  <-- FINDING   (twin witness: n=3 -> real 10, twin 6)
  r1_s303 x verus [off-by-one]: real=refuted twin=refuted  <-- FINDING   (twin witness: n=1 -> real 1, twin 0)
  r1_s31 x verus [off-by-one]: real=verified twin=refuted   (twin witness: l=0, w=1, h=1 -> real 2, twin 3)
  r1_s33 x verus [off-by-one#1]: real=verified twin=refuted   (twin witness: n=0 -> real 1, twin 0)
  r1_s333 x verus [off-by-one]: real=refuted twin=refuted  <-- FINDING   (twin witness: n=7 -> real 252, twin 294)
  r1_s337 x verus [wrong-var#2]: real=refuted twin=refuted  <-- FINDING   (twin witness: a=1, b=0 -> real 1, twin 0)
  r1_s338 x verus [off-by-one#2]: real=refuted twin=refuted  <-- FINDING   (twin witness: x=0 -> real 0, twin 1)
  r1_s34 x verus [off-by-one]: real=refuted twin=refuted  <-- FINDING   (twin witness: n=2 -> real 9, twin 11)
  r1_s341 x verus [collapse-if]: real=verified twin=refuted   (twin witness: a=1, b=2 -> real 2, twin 1)
  r1_s342 x verus [off-by-one]: real=refuted twin=refuted  <-- FINDING   (twin witness: size=1 -> real 6, twin 7)
  r1_s343 x verus [off-by-one]: real=verified twin=refuted   (twin witness: n=1 -> real 1, twin 0)
  r1_s345 x verus [off-by-one]: real=refuted twin=refuted  <-- FINDING   (twin witness: n=1 -> real 2, twin 3)
  r1_s346 x verus [off-by-one]: real=refuted twin=refuted  <-- FINDING   (twin witness: n=1 -> real 2, twin 3)
  r1_s347 x verus [collapse-if]: real=refuted twin=refuted  <-- FINDING   (twin witness: s=[0], x=1 -> real -1, twin 0)
  r1_s348 x verus [off-by-one]: real=refuted twin=refuted  <-- FINDING   (twin witness: n=4 -> real 72, twin 84)
  r1_s357 x verus [off-by-one]: real=malformed twin=malformed  <-- FINDING   (twin witness: side=1 -> real 5, twin 6)
  r1_s35 x verus [wrong-var+nonrefuting]: real=refuted twin=unproved  <-- FINDING   (twin witness: costPrice=0, sellingPrice=1 -> real False, twin True)
  r1_s361 x verus [collapse-if]: real=refuted twin=refuted  <-- FINDING   (twin witness: a=0, b=1 -> real 1, twin 0)
  r1_s365 x verus [collapse-if]: real=verified twin=refuted   (twin witness: s=[0], x=1 -> real -1, twin 0)
  r1_s368 x verus [collapse-if]: real=refuted twin=refuted  <-- FINDING   (twin witness: s=[1], x=0 -> real -1, twin 0)
  r1_s37 x verus [off-by-one]: real=refuted twin=refuted  <-- FINDING   (twin witness: n=1 -> real 0, twin -1)
  r1_s373 x verus [compare-flip]: real=verified twin=refuted   (twin witness: s=[], x=0, n=0 -> real -1, twin at index 0 outside [0,0))
  r1_s38 x verus [wrong-constant#1]: real=verified twin=refuted   (twin witness: s=[] -> real 0, twin -1)
  r1_s380 x verus [off-by-one]: real=refuted twin=refuted  <-- FINDING   (twin witness: n=1 -> real 3, twin 4)
  r1_s388 x verus [collapse-if]: real=verified twin=refuted   (twin witness: a=0, b=1 -> real 1, twin 0)
  r1_s39 x verus [wrong-var]: real=verified twin=refuted   (twin witness: base=0, height=1 -> real 0, twin 1)
  r1_s390 x verus [off-by-one]: real=refuted twin=refuted  <-- FINDING   (twin witness: baseEdge=1, height=1 -> real 3, twin 4)
  r1_s392 x verus [off-by-one]: real=verified twin=refuted   (twin witness: s=[0, 0] -> real 3, twin 4)
  r1_s393 x verus [collapse-if]: real=unproved twin=refuted  <-- FINDING   (twin witness: s=[0], x=1 -> real -1, twin 0)
  r1_s394 x verus [wrong-constant]: real=verified twin=refuted   (twin witness: s=[] -> real 0, twin 1)
  r1_s396 x verus [wrong-var#3]: real=refuted twin=refuted  <-- FINDING   (twin witness: x=0, y=1 -> real [-4, -5], twin [0, 0])
  r1_s397 x verus [wrong-var#3]: real=refuted twin=refuted  <-- FINDING   (twin witness: x=0, y=1 -> real 1, twin 2)
  r1_s402 x verus [compare-flip]: real=refuted twin=refuted  <-- FINDING   (twin witness: s=[], x=0 -> real -1, twin at index 0 outside [0,0))
  r1_s404 x verus [off-by-one]: real=refuted twin=refuted  <-- FINDING   (twin witness: side=1 -> real 6, twin 7)
  r1_s407 x verus [off-by-one]: real=verified twin=refuted   (twin witness: x=1 -> real 3, twin 4)
  r1_s41 x verus [collapse-if]: real=refuted twin=refuted  <-- FINDING   (twin witness: a=0, b=1 -> real 1, twin 0)
  r1_s411 x verus [compare-flip]: real=refuted twin=refuted  <-- FINDING   (twin witness: s=[] -> real [], twin at index 0 outside [0,0))
  r1_s412 x verus [off-by-one]: real=verified twin=refuted   (twin witness: n=6 -> real 180, twin 210)
  r1_s416 x verus [off-by-one]: real=refuted twin=refuted  <-- FINDING   (twin witness: x=4 -> real 6, twin 5)
  r1_s419 x verus [off-by-one]: real=refuted twin=refuted  <-- FINDING   (twin witness: n=1 -> real 3, twin 4)
  r1_s421 x verus [collapse-if+nonrefuting]: real=refuted twin=unproved  <-- FINDING   (twin witness: x=0, y=1 -> real 1, twin 0)
  r1_s424 x verus [collapse-if]: real=verified twin=refuted   (twin witness: a=1, b=2 -> real 2, twin 1)
  r1_s425 x verus [off-by-one]: real=verified twin=refuted   (twin witness: s=[0, 0] -> real 3, twin 4)
  r1_s428 x verus [off-by-one]: real=refuted twin=refuted  <-- FINDING   (twin witness: n=1 -> real 19, twin 20)
  r1_s43 x verus [collapse-if]: real=refuted twin=refuted  <-- FINDING   (twin witness: s=[0], x=1 -> real -1, twin 0)
  r1_s432 x verus [off-by-one]: real=refuted twin=refuted  <-- FINDING   (twin witness: n=1 -> real 12, twin 15)
  r1_s434 x verus [collapse-if]: real=verified twin=refuted   (twin witness: costPrice=1, sellingPrice=2 -> real 0, twin -1)
  r1_s435 x verus [wrong-constant]: real=refuted twin=refuted  <-- FINDING   (twin witness: radius=1 -> real 1, twin 2)
  r1_s441 x verus [collapse-if]: real=verified twin=refuted   (twin witness: a=0, b=1 -> real 1, twin 0)
  r1_s449 x verus [off-by-one+nonrefuting]: real=refuted twin=unproved  <-- FINDING   (twin witness: x=0 -> real 2, twin 3)
  r1_s45 x verus [off-by-one]: real=refuted twin=refuted  <-- FINDING   (twin witness: radius=0 -> real 29, twin 30)
  r1_s450 x verus [collapse-if]: real=unproved twin=refuted  <-- FINDING   (twin witness: s=[0], x=1 -> real -1, twin 0)
  r1_s452 x verus [off-by-one]: real=refuted twin=refuted  <-- FINDING   (twin witness: n=5 -> real 121, twin 141)
  r1_s456 x verus [compare-flip]: real=refuted twin=refuted  <-- FINDING   (twin witness: x=1, y=1 -> real 1, twin 0)
  r1_s458 x verus [off-by-one]: real=verified twin=refuted   (twin witness: s=[0, 0] -> real 3, twin 4)
  r1_s459 x verus [wrong-var]: real=verified twin=refuted   (twin witness: costPrice=0, sellingPrice=1 -> real False, twin True)
  r1_s46 x verus [off-by-one]: real=verified twin=refuted   (twin witness: radius=1 -> real 2, twin 3)
  r1_s461 x verus [off-by-one]: real=refuted twin=refuted  <-- FINDING   (twin witness: baseEdge=1, height=1 -> real 5, twin 6)
  r1_s466 x verus [off-by-one]: real=refuted twin=refuted  <-- FINDING   (twin witness: n=1 -> real -10, twin -9)
  r1_s468 x verus [off-by-one]: real=refuted twin=refuted  <-- FINDING   (twin witness: n=6 -> real 7, twin 8)
  r1_s471 x verus [wrong-var]: real=refuted twin=refuted  <-- FINDING   (twin witness: n=1, k=0 -> real 0, twin 1)
  r1_s483 x verus [wrong-var]: real=refuted twin=refuted  <-- FINDING   (twin witness: a=0, b=1, c=0 -> real 0, twin 1)
  r1_s487 x verus [off-by-one]: real=refuted twin=refuted  <-- FINDING   (twin witness: n=1 -> real 1, twin 0)
  r1_s493 x verus [wrong-var]: real=verified twin=refuted   (twin witness: length=0, width=1 -> real 0, twin 1)
  r1_s494 x verus [off-by-one#1]: real=verified twin=refuted   (twin witness: x=0 -> real 1, twin 0)
  r1_s496 x verus [wrong-var]: real=refuted twin=refuted  <-- FINDING   (twin witness: base=0, height=1, length=0 -> real 0, twin 1)
  r1_s52 x verus [wrong-operator#2]: real=refuted twin=refuted  <-- FINDING   (twin witness: n=1, k=0 -> real 1, twin -1)
  r1_s53 x verus [wrong-constant]: real=refuted twin=refuted  <-- FINDING   (twin witness: a=1, b=0 -> real 1, twin 2)
  r1_s56 x verus [collapse-if]: real=verified twin=refuted   (twin witness: a=0, b=1 -> real 1, twin 0)
  r1_s59 x verus [off-by-one]: real=refuted twin=refuted  <-- FINDING   (twin witness: arr=[0], k=1 -> real 0, twin at index 1 outside [0,1))
  r1_s6 x verus [off-by-one]: real=verified twin=refuted   (twin witness: side=1 -> real 4, twin 5)
  r1_s62 x verus [collapse-if]: real=unproved twin=refuted  <-- FINDING   (twin witness: s=[0], x=1 -> real -1, twin 0)
  r1_s64 x verus [collapse-if+nonrefuting]: real=refuted twin=unproved  <-- FINDING   (twin witness: x=0 -> real 0, twin 1)
  r1_s67 x verus [collapse-if]: real=unproved twin=refuted  <-- FINDING   (twin witness: s=[0], x=1, n=0 -> real -1, twin 0)
  r1_s68 x verus [collapse-if]: real=unproved twin=refuted  <-- FINDING   (twin witness: s=[0], x=1 -> real -1, twin 0)
  r1_s7 x verus [off-by-one]: real=verified twin=refuted   (twin witness: side=1 -> real 4, twin 5)
  r1_s70 x verus [off-by-one]: real=verified twin=refuted   (twin witness: n=1 -> real 1, twin 2)
  r1_s75 x verus [off-by-one]: real=refuted twin=refuted  <-- FINDING   (twin witness: x=0 -> real 1, twin 2)
  r1_s79 x verus [off-by-one#2]: real=refuted twin=refuted  <-- FINDING   (twin witness: x=0, y=0 -> real [0, 0], twin [1, 0])
  r1_s8 x verus [off-by-one]: real=refuted twin=refuted  <-- FINDING   (twin witness: n=4 -> real 72, twin 84)
  r1_s82 x verus [wrong-constant#1]: real=refuted twin=refuted  <-- FINDING   (twin witness: x=0 -> real 0, twin -1)
  r1_s83 x verus [off-by-one]: real=refuted twin=refuted  <-- FINDING   (twin witness: side=1 -> real 5, twin 6)
  r1_s84 x verus [off-by-one]: real=refuted twin=refuted  <-- FINDING   (twin witness: n=0 -> real -1, twin -2)
  r1_s85 x verus [wrong-constant]: real=refuted twin=refuted  <-- FINDING   (twin witness: x=1, y=0 -> real 1, twin 2)
  r1_s86 x verus [off-by-one#1]: real=refuted twin=refuted  <-- FINDING   (twin witness: length=1, width=0 -> real 0, twin 1)
  r1_s87 x verus [off-by-one]: real=verified twin=refuted   (twin witness: s=[0, 0] -> real 3, twin 4)
  r1_s90 x verus [collapse-if]: real=verified twin=refuted   (twin witness: s=[0], x=1 -> real -1, twin 0)
  r1_s91 x verus [compare-flip]: real=refuted twin=refuted  <-- FINDING   (twin witness: s=[], x=0 -> real 0, twin 2)
  r1_s92 x verus [off-by-one#1]: real=refuted twin=refuted  <-- FINDING   (twin witness: n=1 -> real 0, twin -1)
  r1_s97 x verus [wrong-constant]: real=verified twin=refuted   (twin witness: x=0 -> real 0, twin 1)
  r1_s102 x spark [off-by-one#1]: real=refuted twin=refuted  <-- FINDING   (twin witness: x=0 -> real 1, twin 0)
  r1_s103 x spark [wrong-var#2]: real=refuted twin=refuted  <-- FINDING   (twin witness: a=0, b=1 -> real 1, twin 0)
  r1_s104 x spark [wrong-constant]: real=refuted twin=refuted  <-- FINDING   (twin witness: x=0 -> real 0, twin 1)
  r1_s105 x spark [collapse-if]: real=refuted twin=refuted  <-- FINDING   (twin witness: a=0, b=1 -> real 1, twin 0)
  r1_s109 x spark [off-by-one]: real=refuted twin=refuted  <-- FINDING   (twin witness: l=1, w=1, h=1 -> real 2, twin 3)
  r1_s112 x spark [off-by-one]: real=verified twin=refuted   (twin witness: n=1 -> real 3, twin 4)
  r1_s113 x spark [compare-flip]: real=refuted twin=refuted  <-- FINDING   (twin witness: n=1, k=0 -> real -1, twin -2)
  r1_s101 x spark [compare-flip]: real=refuted twin=refuted  <-- FINDING   (twin witness: a=[], b=[] -> real [], twin at index 0 outside [0,0))
  r1_s115 x spark [collapse-if]: real=refuted twin=refuted  <-- FINDING   (twin witness: theorem=0, have=1 -> real 1, twin 0)
  r1_s124 x spark [collapse-if]: real=refuted twin=refuted  <-- FINDING   (twin witness: x=1, y=0 -> real 0, twin 1)
  r1_s129 x spark [collapse-if]: real=verified twin=refuted   (twin witness: a=1, b=0 -> real 0, twin 1)
  r1_s130 x spark [off-by-one]: real=refuted twin=refuted  <-- FINDING   (twin witness: n=1 -> real 1, twin 2)
  r1_s134 x spark [wrong-var]: real=refuted twin=refuted  <-- FINDING   (twin witness: base=0, height=1 -> real 0, twin 1)
  r1_s12 x spark [collapse-if]: real=timeout twin=refuted  <-- FINDING   (twin witness: s=[0], x=1 -> real -1, twin 0)
  r1_s142 x spark [off-by-one]: real=refuted twin=refuted  <-- FINDING   (twin witness: n=1 -> real 1, twin 2)
  r1_s145 x spark [off-by-one]: real=refuted twin=refuted  <-- FINDING   (twin witness: n=1 -> real 1, twin 2)
  r1_s146 x spark [off-by-one]: real=verified twin=refuted   (twin witness: n=1 -> real 1, twin 2)
  r1_s147 x spark [wrong-var]: real=verified twin=refuted   (twin witness: length=0, width=1 -> real 0, twin 1)
  r1_s140 x spark [collapse-if]: real=timeout twin=refuted  <-- FINDING   (twin witness: s=[0], x=1 -> real -1, twin 0)
  r1_s150 x spark [wrong-operator]: real=refuted twin=refuted  <-- FINDING   (twin witness: x=0 -> real 1, twin -1)
  r1_s152 x spark [off-by-one]: real=refuted twin=refuted  <-- FINDING   (twin witness: n=1 -> real 0, twin -1)
  r1_s153 x spark [off-by-one]: real=refuted twin=refuted  <-- FINDING   (twin witness: n=0 -> real 0, twin 1)
  r1_s158 x spark [collapse-if]: real=refuted twin=refuted  <-- FINDING   (twin witness: a=1, b=0 -> real 1, twin 0)
  r1_s156 x spark [off-by-one]: real=verified twin=refuted   (twin witness: a=1, b=1 -> real 1, twin 0)
  r1_s167 x spark [off-by-one]: real=verified twin=refuted   (twin witness: s=[0, 0] -> real 3, twin 4)
  r1_s168 x spark [off-by-one]: real=refuted twin=refuted  <-- FINDING   (twin witness: n=1 -> real 0, twin -1)
  r1_s165 x spark [negate-cond]: real=timeout twin=refuted  <-- FINDING   (twin witness: s=[0], x=0, n=0 -> real 0, twin -1)
  r1_s171 x spark [collapse-if]: real=timeout twin=refuted  <-- FINDING   (twin witness: s=[0], x=1 -> real -1, twin 0)
  r1_s179 x spark [off-by-one]: real=verified twin=refuted   (twin witness: s=1 -> real 6, twin 7)
  r1_s180 x spark [collapse-if]: real=refuted twin=refuted  <-- FINDING   (twin witness: x=0, y=1 -> real 1, twin 0)
  r1_s183 x spark [compare-flip]: real=unproved twin=refuted  <-- FINDING   (twin witness: n=0 -> real 0, twin 1)
  r1_s188 x spark [off-by-one]: real=refuted twin=refuted  <-- FINDING   (twin witness: n=1 -> real -6, twin -7)
  r1_s19 x spark [wrong-var]: real=malformed twin=malformed  <-- FINDING   (twin witness: costPrice=0, sellingPrice=1 -> real False, twin True)
  r1_s175 x spark [off-by-one]: real=verified twin=refuted   (twin witness: s=[0, 0] -> real 3, twin 4)
  r1_s196 x spark [compare-flip]: real=vacuous twin=vacuous  <-- FINDING   (twin witness: n=0 -> real 1, twin 2)
  r1_s203 x spark [off-by-one#1]: real=refuted twin=refuted  <-- FINDING   (twin witness: side=1 -> real 4, twin 3)
  r1_s206 x spark [off-by-one]: real=refuted twin=refuted  <-- FINDING   (twin witness: n=1 -> real 0, twin -1)
  r1_s207 x spark [off-by-one]: real=refuted twin=refuted  <-- FINDING   (twin witness: baseEdge=1, height=1 -> real 3, twin 4)
  r1_s210 x spark [off-by-one#1]: real=verified twin=refuted   (twin witness: x=0 -> real 1, twin 0)
  r1_s211 x spark [off-by-one]: real=refuted twin=refuted  <-- FINDING   (twin witness: baseEdge=1, height=0 -> real 3, twin 4)
  r1_s215 x spark [collapse-if]: real=verified twin=refuted   (twin witness: a=0, b=1 -> real 1, twin 0)
  r1_s217 x spark [off-by-one]: real=refuted twin=refuted  <-- FINDING   (twin witness: n=1 -> real 3, twin 4)
  r1_s201 x spark [wrong-constant]: real=verified twin=refuted   (twin witness: s=[] -> real 0, twin 1)
  r1_s221 x spark [off-by-one]: real=refuted twin=refuted  <-- FINDING   (twin witness: n=1 -> real 1, twin 2)
  r1_s22 x spark [off-by-one]: real=verified twin=refuted   (twin witness: a=0, b=1 -> real 2, twin 3)
  r1_s227 x spark [wrong-constant]: real=refuted twin=refuted  <-- FINDING   (twin witness: x=1 -> real -1, twin 0)
  r1_s230 x spark [wrong-var]: real=verified twin=refuted   (twin witness: n=1, k=2 -> real 2, twin 1)
  r1_s228 x spark [off-by-one]: real=verified twin=refuted   (twin witness: n=2 -> real 3, twin 4)
  r1_s232 x spark [off-by-one]: real=verified twin=refuted   (twin witness: side=1 -> real 4, twin 5)
  r1_s236 x spark [off-by-one]: real=verified twin=refuted   (twin witness: side=1 -> real 4, twin 5)
  r1_s237 x spark [off-by-one]: real=refuted twin=refuted  <-- FINDING   (twin witness: n=0 -> real 0, twin 1)
  r1_s238 x spark [off-by-one#4]: real=refuted twin=refuted  <-- FINDING   (twin witness: x=0, y=0 -> real [-1, -1], twin [-2, -1])
  r1_s235 x spark [compare-flip]: real=refuted twin=refuted  <-- FINDING   (twin witness: s=[], x=0 -> real -1, twin at index 0 outside [0,0))
  r1_s24 x spark [off-by-one]: real=verified twin=refuted   (twin witness: n=1, s=0 -> real 1, twin 0)
  r1_s243 x spark [off-by-one]: real=refuted twin=refuted  <-- FINDING   (twin witness: n=1 -> real 3, twin 4)
  r1_s255 x spark [off-by-one]: real=refuted twin=refuted  <-- FINDING   (twin witness: n=1 -> real 1, twin 2)
  r1_s257 x spark [off-by-one]: real=refuted twin=refuted  <-- FINDING   (twin witness: n=1 -> real 1, twin 2)
  r1_s258 x spark [collapse-if]: real=refuted twin=refuted  <-- FINDING   (twin witness: a=0, b=1 -> real 1, twin 0)
  r1_s26 x spark [collapse-if]: real=verified twin=refuted   (twin witness: a=0, b=1 -> real 1, twin 0)
  r1_s260 x spark [collapse-if]: real=verified twin=refuted   (twin witness: x=1, y=0 -> real 0, twin 1)
  r1_s263 x spark [off-by-one]: real=verified twin=refuted   (twin witness: n=10 -> real 0, twin 10)
  r1_s262 x spark [off-by-one]: real=verified twin=refuted   (twin witness: x=1 -> real 3, twin 4)
  r1_s268 x spark [off-by-one]: real=refuted twin=refuted  <-- FINDING   (twin witness: n=3 -> real 6, twin 10)
  r1_s273 x spark [off-by-one]: real=verified twin=refuted   (twin witness: radius=1 -> real 2, twin 3)
  r1_s275 x spark [off-by-one]: real=refuted twin=refuted  <-- FINDING   (twin witness: l=1, w=1, h=1 -> real 2, twin 3)
  r1_s28 x spark [off-by-one]: real=verified twin=refuted   (twin witness: a=0, b=1 -> real 2, twin 3)
  r1_s285 x spark [off-by-one]: real=refuted twin=refuted  <-- FINDING   (twin witness: n=1 -> real 0, twin -1)
  r1_s288 x spark [off-by-one+nonrefuting]: real=verified twin=verified  <-- FINDING   (twin witness: x=6 -> real 7, twin 8)
  r1_s292 x spark [off-by-one]: real=refuted twin=refuted  <-- FINDING   (twin witness: n=0 -> real 0, twin 1)
  r1_s293 x spark [collapse-if]: real=refuted twin=refuted  <-- FINDING   (twin witness: x=1 -> real 1, twin -1)
  r1_s265 x spark [negate-cond]: real=unproved twin=refuted  <-- FINDING   (twin witness: s=[0], x=0 -> real 0, twin -1)
  r1_s294 x spark [off-by-one#1]: real=refuted twin=refuted  <-- FINDING   (twin witness: x=0 -> real 1, twin 0)
  r1_s298 x spark [off-by-one#2]: real=refuted twin=refuted  <-- FINDING   (twin witness: n=0 -> real True, twin False)
  r1_s299 x spark [off-by-one#1]: real=refuted twin=refuted  <-- FINDING   (twin witness: n=3 -> real 10, twin 6)
  r1_s30 x spark [off-by-one]: real=malformed twin=malformed  <-- FINDING   (twin witness: arr=[0], k=1 -> real 0, twin at index 1 outside [0,1))
  r1_s303 x spark [off-by-one]: real=refuted twin=refuted  <-- FINDING   (twin witness: n=1 -> real 1, twin 0)
  r1_s31 x spark [off-by-one]: real=verified twin=refuted   (twin witness: l=0, w=1, h=1 -> real 2, twin 3)
  r1_s33 x spark [off-by-one#1]: real=verified twin=refuted   (twin witness: n=0 -> real 1, twin 0)
  r1_s333 x spark [off-by-one]: real=refuted twin=refuted  <-- FINDING   (twin witness: n=7 -> real 252, twin 294)
  r1_s337 x spark [wrong-var#2]: real=refuted twin=refuted  <-- FINDING   (twin witness: a=1, b=0 -> real 1, twin 0)
  r1_s338 x spark [off-by-one#2]: real=refuted twin=refuted  <-- FINDING   (twin witness: x=0 -> real 0, twin 1)
  r1_s34 x spark [off-by-one]: real=refuted twin=refuted  <-- FINDING   (twin witness: n=2 -> real 9, twin 11)
  r1_s341 x spark [collapse-if]: real=verified twin=refuted   (twin witness: a=1, b=2 -> real 2, twin 1)
  r1_s342 x spark [off-by-one]: real=refuted twin=refuted  <-- FINDING   (twin witness: size=1 -> real 6, twin 7)
  r1_s343 x spark [off-by-one]: real=verified twin=refuted   (twin witness: n=1 -> real 1, twin 0)
  r1_s345 x spark [off-by-one]: real=refuted twin=refuted  <-- FINDING   (twin witness: n=1 -> real 2, twin 3)
  r1_s346 x spark [off-by-one]: real=refuted twin=refuted  <-- FINDING   (twin witness: n=1 -> real 2, twin 3)
  r1_s348 x spark [off-by-one]: real=refuted twin=refuted  <-- FINDING   (twin witness: n=4 -> real 72, twin 84)
  r1_s35 x spark [wrong-var+nonrefuting]: real=refuted twin=refuted  <-- FINDING   (twin witness: costPrice=0, sellingPrice=1 -> real False, twin True)
  r1_s357 x spark [off-by-one]: real=malformed twin=malformed  <-- FINDING   (twin witness: side=1 -> real 5, twin 6)
  r1_s361 x spark [collapse-if]: real=refuted twin=refuted  <-- FINDING   (twin witness: a=0, b=1 -> real 1, twin 0)
  r1_s347 x spark [collapse-if]: real=refuted twin=refuted  <-- FINDING   (twin witness: s=[0], x=1 -> real -1, twin 0)
  r1_s368 x spark [collapse-if]: real=refuted twin=refuted  <-- FINDING   (twin witness: s=[1], x=0 -> real -1, twin 0)
  r1_s365 x spark [collapse-if]: real=verified twin=refuted   (twin witness: s=[0], x=1 -> real -1, twin 0)
  r1_s37 x spark [off-by-one]: real=refuted twin=refuted  <-- FINDING   (twin witness: n=1 -> real 0, twin -1)
  r1_s38 x spark [wrong-constant#1]: real=verified twin=refuted   (twin witness: s=[] -> real 0, twin -1)
  r1_s373 x spark [compare-flip]: real=verified twin=refuted   (twin witness: s=[], x=0, n=0 -> real -1, twin at index 0 outside [0,0))
  r1_s380 x spark [off-by-one]: real=refuted twin=refuted  <-- FINDING   (twin witness: n=1 -> real 3, twin 4)
  r1_s388 x spark [collapse-if]: real=verified twin=refuted   (twin witness: a=0, b=1 -> real 1, twin 0)
  r1_s39 x spark [wrong-var]: real=verified twin=refuted   (twin witness: base=0, height=1 -> real 0, twin 1)
  r1_s390 x spark [off-by-one]: real=refuted twin=refuted  <-- FINDING   (twin witness: baseEdge=1, height=1 -> real 3, twin 4)
  r1_s393 x spark [collapse-if]: real=timeout twin=refuted  <-- FINDING   (twin witness: s=[0], x=1 -> real -1, twin 0)
  r1_s392 x spark [off-by-one]: real=verified twin=refuted   (twin witness: s=[0, 0] -> real 3, twin 4)
  r1_s396 x spark [wrong-var#3]: real=refuted twin=refuted  <-- FINDING   (twin witness: x=0, y=1 -> real [-4, -5], twin [0, 0])
  r1_s397 x spark [wrong-var#3]: real=refuted twin=refuted  <-- FINDING   (twin witness: x=0, y=1 -> real 1, twin 2)
  r1_s394 x spark [wrong-constant]: real=verified twin=refuted   (twin witness: s=[] -> real 0, twin 1)
  r1_s404 x spark [off-by-one]: real=refuted twin=refuted  <-- FINDING   (twin witness: side=1 -> real 6, twin 7)
  r1_s402 x spark [compare-flip]: real=refuted twin=refuted  <-- FINDING   (twin witness: s=[], x=0 -> real -1, twin at index 0 outside [0,0))
  r1_s41 x spark [collapse-if]: real=refuted twin=refuted  <-- FINDING   (twin witness: a=0, b=1 -> real 1, twin 0)
  r1_s407 x spark [off-by-one]: real=verified twin=refuted   (twin witness: x=1 -> real 3, twin 4)
  r1_s412 x spark [off-by-one]: real=verified twin=refuted   (twin witness: n=6 -> real 180, twin 210)
  r1_s416 x spark [off-by-one]: real=refuted twin=refuted  <-- FINDING   (twin witness: x=4 -> real 6, twin 5)
  r1_s419 x spark [off-by-one]: real=refuted twin=refuted  <-- FINDING   (twin witness: n=1 -> real 3, twin 4)
  r1_s421 x spark [collapse-if+nonrefuting]: real=refuted twin=refuted  <-- FINDING   (twin witness: x=0, y=1 -> real 1, twin 0)
  r1_s424 x spark [collapse-if]: real=verified twin=refuted   (twin witness: a=1, b=2 -> real 2, twin 1)
  r1_s411 x spark [compare-flip]: real=refuted twin=refuted  <-- FINDING   (twin witness: s=[] -> real [], twin at index 0 outside [0,0))
  r1_s428 x spark [off-by-one]: real=refuted twin=refuted  <-- FINDING   (twin witness: n=1 -> real 19, twin 20)
  r1_s425 x spark [off-by-one]: real=verified twin=refuted   (twin witness: s=[0, 0] -> real 3, twin 4)
  r1_s432 x spark [off-by-one]: real=refuted twin=refuted  <-- FINDING   (twin witness: n=1 -> real 12, twin 15)
  r1_s43 x spark [collapse-if]: real=refuted twin=refuted  <-- FINDING   (twin witness: s=[0], x=1 -> real -1, twin 0)
  r1_s435 x spark [wrong-constant]: real=refuted twin=refuted  <-- FINDING   (twin witness: radius=1 -> real 1, twin 2)
  r1_s434 x spark [collapse-if]: real=verified twin=refuted   (twin witness: costPrice=1, sellingPrice=2 -> real 0, twin -1)
  r1_s449 x spark [off-by-one+nonrefuting]: real=refuted twin=refuted  <-- FINDING   (twin witness: x=0 -> real 2, twin 3)
  r1_s441 x spark [collapse-if]: real=verified twin=refuted   (twin witness: a=0, b=1 -> real 1, twin 0)
  r1_s45 x spark [off-by-one]: real=refuted twin=refuted  <-- FINDING   (twin witness: radius=0 -> real 29, twin 30)
  r1_s452 x spark [off-by-one]: real=refuted twin=refuted  <-- FINDING   (twin witness: n=5 -> real 121, twin 141)
  r1_s456 x spark [compare-flip]: real=refuted twin=refuted  <-- FINDING   (twin witness: x=1, y=1 -> real 1, twin 0)
  r1_s450 x spark [collapse-if]: real=timeout twin=refuted  <-- FINDING   (twin witness: s=[0], x=1 -> real -1, twin 0)
  r1_s459 x spark [wrong-var]: real=verified twin=refuted   (twin witness: costPrice=0, sellingPrice=1 -> real False, twin True)
  r1_s46 x spark [off-by-one]: real=verified twin=refuted   (twin witness: radius=1 -> real 2, twin 3)
  r1_s461 x spark [off-by-one]: real=refuted twin=refuted  <-- FINDING   (twin witness: baseEdge=1, height=1 -> real 5, twin 6)
  r1_s466 x spark [off-by-one]: real=refuted twin=refuted  <-- FINDING   (twin witness: n=1 -> real -10, twin -9)
  r1_s458 x spark [off-by-one]: real=verified twin=refuted   (twin witness: s=[0, 0] -> real 3, twin 4)
  r1_s468 x spark [off-by-one]: real=refuted twin=refuted  <-- FINDING   (twin witness: n=6 -> real 7, twin 8)
  r1_s471 x spark [wrong-var]: real=refuted twin=refuted  <-- FINDING   (twin witness: n=1, k=0 -> real 0, twin 1)
  r1_s483 x spark [wrong-var]: real=refuted twin=refuted  <-- FINDING   (twin witness: a=0, b=1, c=0 -> real 0, twin 1)
  r1_s487 x spark [off-by-one]: real=refuted twin=refuted  <-- FINDING   (twin witness: n=1 -> real 1, twin 0)
  r1_s493 x spark [wrong-var]: real=verified twin=refuted   (twin witness: length=0, width=1 -> real 0, twin 1)
  r1_s494 x spark [off-by-one#1]: real=verified twin=refuted   (twin witness: x=0 -> real 1, twin 0)
  r1_s496 x spark [wrong-var]: real=refuted twin=refuted  <-- FINDING   (twin witness: base=0, height=1, length=0 -> real 0, twin 1)
  r1_s53 x spark [wrong-constant]: real=refuted twin=refuted  <-- FINDING   (twin witness: a=1, b=0 -> real 1, twin 2)
  r1_s52 x spark [wrong-operator#2]: real=refuted twin=refuted  <-- FINDING   (twin witness: n=1, k=0 -> real 1, twin -1)
  r1_s56 x spark [collapse-if]: real=verified twin=refuted   (twin witness: a=0, b=1 -> real 1, twin 0)
  r1_s6 x spark [off-by-one]: real=verified twin=refuted   (twin witness: side=1 -> real 4, twin 5)
  r1_s59 x spark [off-by-one]: real=refuted twin=refuted  <-- FINDING   (twin witness: arr=[0], k=1 -> real 0, twin at index 1 outside [0,1))
  r1_s64 x spark [collapse-if+nonrefuting]: real=refuted twin=refuted  <-- FINDING   (twin witness: x=0 -> real 0, twin 1)
  r1_s62 x spark [collapse-if]: real=timeout twin=refuted  <-- FINDING   (twin witness: s=[0], x=1 -> real -1, twin 0)
  r1_s68 x spark [collapse-if]: real=timeout twin=refuted  <-- FINDING   (twin witness: s=[0], x=1 -> real -1, twin 0)
  r1_s7 x spark [off-by-one]: real=verified twin=refuted   (twin witness: side=1 -> real 4, twin 5)
  r1_s70 x spark [off-by-one]: real=verified twin=refuted   (twin witness: n=1 -> real 1, twin 2)
  r1_s75 x spark [off-by-one]: real=refuted twin=refuted  <-- FINDING   (twin witness: x=0 -> real 1, twin 2)
  r1_s79 x spark [off-by-one#2]: real=refuted twin=refuted  <-- FINDING   (twin witness: x=0, y=0 -> real [0, 0], twin [1, 0])
  r1_s8 x spark [off-by-one]: real=refuted twin=refuted  <-- FINDING   (twin witness: n=4 -> real 72, twin 84)
  r1_s82 x spark [wrong-constant#1]: real=refuted twin=refuted  <-- FINDING   (twin witness: x=0 -> real 0, twin -1)
  r1_s83 x spark [off-by-one]: real=refuted twin=refuted  <-- FINDING   (twin witness: side=1 -> real 5, twin 6)
  r1_s67 x spark [collapse-if]: real=unproved twin=refuted  <-- FINDING   (twin witness: s=[0], x=1, n=0 -> real -1, twin 0)
  r1_s84 x spark [off-by-one]: real=refuted twin=refuted  <-- FINDING   (twin witness: n=0 -> real -1, twin -2)
  r1_s85 x spark [wrong-constant]: real=refuted twin=refuted  <-- FINDING   (twin witness: x=1, y=0 -> real 1, twin 2)
  r1_s86 x spark [off-by-one#1]: real=refuted twin=refuted  <-- FINDING   (twin witness: length=1, width=0 -> real 0, twin 1)
  r1_s87 x spark [off-by-one]: real=verified twin=refuted   (twin witness: s=[0, 0] -> real 3, twin 4)
  r1_s90 x spark [collapse-if]: real=verified twin=refuted   (twin witness: s=[0], x=1 -> real -1, twin 0)
  r1_s92 x spark [off-by-one#1]: real=refuted twin=refuted  <-- FINDING   (twin witness: n=1 -> real 0, twin -1)
  r1_s97 x spark [wrong-constant]: real=verified twin=refuted   (twin witness: x=0 -> real 0, twin 1)
  r1_s101 x framac [compare-flip]: real=refuted twin=refuted  <-- FINDING   (twin witness: a=[], b=[] -> real [], twin at index 0 outside [0,0))
  r1_s91 x spark [compare-flip]: real=unproved twin=unproved  <-- FINDING   (twin witness: s=[], x=0 -> real 0, twin 2)
  r1_s103 x framac [wrong-var#2]: real=refuted twin=refuted  <-- FINDING   (twin witness: a=0, b=1 -> real 1, twin 0)
  r1_s102 x framac [off-by-one#1]: real=refuted twin=refuted  <-- FINDING   (twin witness: x=0 -> real 1, twin 0)
  r1_s104 x framac [wrong-constant]: real=refuted twin=refuted  <-- FINDING   (twin witness: x=0 -> real 0, twin 1)
  r1_s105 x framac [collapse-if]: real=refuted twin=refuted  <-- FINDING   (twin witness: a=0, b=1 -> real 1, twin 0)
  r1_s109 x framac [off-by-one]: real=refuted twin=refuted  <-- FINDING   (twin witness: l=1, w=1, h=1 -> real 2, twin 3)
  r1_s112 x framac [off-by-one]: real=verified twin=refuted   (twin witness: n=1 -> real 3, twin 4)
  r1_s115 x framac [collapse-if]: real=refuted twin=refuted  <-- FINDING   (twin witness: theorem=0, have=1 -> real 1, twin 0)
  r1_s113 x framac [compare-flip]: real=refuted twin=refuted  <-- FINDING   (twin witness: n=1, k=0 -> real -1, twin -2)
  r1_s124 x framac [collapse-if]: real=refuted twin=refuted  <-- FINDING   (twin witness: x=1, y=0 -> real 0, twin 1)
  r1_s129 x framac [collapse-if]: real=verified twin=refuted   (twin witness: a=1, b=0 -> real 0, twin 1)
  r1_s130 x framac [off-by-one]: real=refuted twin=refuted  <-- FINDING   (twin witness: n=1 -> real 1, twin 2)
  r1_s12 x framac [collapse-if]: real=timeout twin=refuted  <-- FINDING   (twin witness: s=[0], x=1 -> real -1, twin 0)
  r1_s134 x framac [wrong-var]: real=refuted twin=refuted  <-- FINDING   (twin witness: base=0, height=1 -> real 0, twin 1)
  r1_s142 x framac [off-by-one]: real=refuted twin=refuted  <-- FINDING   (twin witness: n=1 -> real 1, twin 2)
  r1_s145 x framac [off-by-one]: real=refuted twin=refuted  <-- FINDING   (twin witness: n=1 -> real 1, twin 2)
  r1_s146 x framac [off-by-one]: real=verified twin=refuted   (twin witness: n=1 -> real 1, twin 2)
  r1_s147 x framac [wrong-var]: real=verified twin=refuted   (twin witness: length=0, width=1 -> real 0, twin 1)
  r1_s140 x framac [collapse-if]: real=timeout twin=refuted  <-- FINDING   (twin witness: s=[0], x=1 -> real -1, twin 0)
  r1_s150 x framac [wrong-operator]: real=refuted twin=refuted  <-- FINDING   (twin witness: x=0 -> real 1, twin -1)
  r1_s152 x framac [off-by-one]: real=refuted twin=refuted  <-- FINDING   (twin witness: n=1 -> real 0, twin -1)
  r1_s151 x framac [negate-cond]: real=timeout twin=timeout  <-- FINDING   (twin witness: a=0, b=1, c=1 -> real 0, twin no value)
  r1_s153 x framac [off-by-one]: real=refuted twin=refuted  <-- FINDING   (twin witness: n=0 -> real 0, twin 1)
  r1_s158 x framac [collapse-if]: real=refuted twin=refuted  <-- FINDING   (twin witness: a=1, b=0 -> real 1, twin 0)
  r1_s156 x framac [off-by-one]: real=verified twin=refuted   (twin witness: a=1, b=1 -> real 1, twin 0)
  r1_s167 x framac [off-by-one]: real=verified twin=refuted   (twin witness: s=[0, 0] -> real 3, twin 4)
  r1_s168 x framac [off-by-one]: real=refuted twin=refuted  <-- FINDING   (twin witness: n=1 -> real 0, twin -1)
  r1_s165 x framac [negate-cond]: real=timeout twin=refuted  <-- FINDING   (twin witness: s=[0], x=0, n=0 -> real 0, twin -1)
  r1_s171 x framac [collapse-if]: real=timeout twin=refuted  <-- FINDING   (twin witness: s=[0], x=1 -> real -1, twin 0)
  r1_s175 x framac [off-by-one]: real=verified twin=refuted   (twin witness: s=[0, 0] -> real 3, twin 4)
  r1_s179 x framac [off-by-one]: real=verified twin=refuted   (twin witness: s=1 -> real 6, twin 7)
  r1_s183 x framac [compare-flip]: real=timeout twin=refuted  <-- FINDING   (twin witness: n=0 -> real 0, twin 1)
  r1_s180 x framac [collapse-if]: real=refuted twin=refuted  <-- FINDING   (twin witness: x=0, y=1 -> real 1, twin 0)
  r1_s19 x framac [wrong-var]: real=malformed twin=malformed  <-- FINDING   (twin witness: costPrice=0, sellingPrice=1 -> real False, twin True)
  r1_s188 x framac [off-by-one]: real=refuted twin=refuted  <-- FINDING   (twin witness: n=1 -> real -6, twin -7)
  r1_s196 x framac [compare-flip]: real=refuted twin=refuted  <-- FINDING   (twin witness: n=0 -> real 1, twin 2)
  r1_s203 x framac [off-by-one#1]: real=refuted twin=refuted  <-- FINDING   (twin witness: side=1 -> real 4, twin 3)
  r1_s206 x framac [off-by-one]: real=refuted twin=refuted  <-- FINDING   (twin witness: n=1 -> real 0, twin -1)
  r1_s207 x framac [off-by-one]: real=refuted twin=refuted  <-- FINDING   (twin witness: baseEdge=1, height=1 -> real 3, twin 4)
  r1_s201 x framac [wrong-constant]: real=verified twin=refuted   (twin witness: s=[] -> real 0, twin 1)
  r1_s211 x framac [off-by-one]: real=refuted twin=refuted  <-- FINDING   (twin witness: baseEdge=1, height=0 -> real 3, twin 4)
  r1_s210 x framac [off-by-one#1]: real=verified twin=refuted   (twin witness: x=0 -> real 1, twin 0)
  r1_s215 x framac [collapse-if]: real=verified twin=refuted   (twin witness: a=0, b=1 -> real 1, twin 0)
  r1_s217 x framac [off-by-one]: real=refuted twin=refuted  <-- FINDING   (twin witness: n=1 -> real 3, twin 4)
  r1_s221 x framac [off-by-one]: real=refuted twin=refuted  <-- FINDING   (twin witness: n=1 -> real 1, twin 2)
  r1_s227 x framac [wrong-constant]: real=refuted twin=refuted  <-- FINDING   (twin witness: x=1 -> real -1, twin 0)
  r1_s22 x framac [off-by-one]: real=verified twin=refuted   (twin witness: a=0, b=1 -> real 2, twin 3)
  r1_s228 x framac [off-by-one]: real=verified twin=refuted   (twin witness: n=2 -> real 3, twin 4)
  r1_s230 x framac [wrong-var]: real=verified twin=refuted   (twin witness: n=1, k=2 -> real 2, twin 1)
  r1_s232 x framac [off-by-one]: real=verified twin=refuted   (twin witness: side=1 -> real 4, twin 5)
  r1_s236 x framac [off-by-one]: real=verified twin=refuted   (twin witness: side=1 -> real 4, twin 5)
  r1_s237 x framac [off-by-one]: real=refuted twin=refuted  <-- FINDING   (twin witness: n=0 -> real 0, twin 1)
  r1_s238 x framac [off-by-one#4]: real=refuted twin=refuted  <-- FINDING   (twin witness: x=0, y=0 -> real [-1, -1], twin [-2, -1])
  r1_s24 x framac [off-by-one]: real=verified twin=refuted   (twin witness: n=1, s=0 -> real 1, twin 0)
  r1_s235 x framac [compare-flip]: real=refuted twin=refuted  <-- FINDING   (twin witness: s=[], x=0 -> real -1, twin at index 0 outside [0,0))
  r1_s243 x framac [off-by-one]: real=refuted twin=refuted  <-- FINDING   (twin witness: n=1 -> real 3, twin 4)
  r1_s255 x framac [off-by-one]: real=refuted twin=refuted  <-- FINDING   (twin witness: n=1 -> real 1, twin 2)
  r1_s257 x framac [off-by-one]: real=refuted twin=refuted  <-- FINDING   (twin witness: n=1 -> real 1, twin 2)
  r1_s258 x framac [collapse-if]: real=refuted twin=refuted  <-- FINDING   (twin witness: a=0, b=1 -> real 1, twin 0)
  r1_s26 x framac [collapse-if]: real=verified twin=refuted   (twin witness: a=0, b=1 -> real 1, twin 0)
  r1_s260 x framac [collapse-if]: real=verified twin=refuted   (twin witness: x=1, y=0 -> real 0, twin 1)
  r1_s262 x framac [off-by-one]: real=verified twin=refuted   (twin witness: x=1 -> real 3, twin 4)
  r1_s263 x framac [off-by-one]: real=verified twin=refuted   (twin witness: n=10 -> real 0, twin 10)
  r1_s268 x framac [off-by-one]: real=refuted twin=refuted  <-- FINDING   (twin witness: n=3 -> real 6, twin 10)
  r1_s273 x framac [off-by-one]: real=verified twin=refuted   (twin witness: radius=1 -> real 2, twin 3)
  r1_s275 x framac [off-by-one]: real=refuted twin=refuted  <-- FINDING   (twin witness: l=1, w=1, h=1 -> real 2, twin 3)
  r1_s265 x framac [negate-cond]: real=timeout twin=refuted  <-- FINDING   (twin witness: s=[0], x=0 -> real 0, twin -1)
  r1_s285 x framac [off-by-one]: real=refuted twin=refuted  <-- FINDING   (twin witness: n=1 -> real 0, twin -1)
  r1_s28 x framac [off-by-one]: real=verified twin=refuted   (twin witness: a=0, b=1 -> real 2, twin 3)
  r1_s288 x framac [off-by-one+nonrefuting]: real=verified twin=verified  <-- FINDING   (twin witness: x=6 -> real 7, twin 8)
  r1_s293 x framac [collapse-if]: real=refuted twin=refuted  <-- FINDING   (twin witness: x=1 -> real 1, twin -1)
  r1_s292 x framac [off-by-one]: real=refuted twin=refuted  <-- FINDING   (twin witness: n=0 -> real 0, twin 1)
  r1_s294 x framac [off-by-one#1]: real=refuted twin=refuted  <-- FINDING   (twin witness: x=0 -> real 1, twin 0)
  r1_s298 x framac [off-by-one#2]: real=refuted twin=refuted  <-- FINDING   (twin witness: n=0 -> real True, twin False)
  r1_s30 x framac [off-by-one]: real=malformed twin=malformed  <-- FINDING   (twin witness: arr=[0], k=1 -> real 0, twin at index 1 outside [0,1))
  r1_s299 x framac [off-by-one#1]: real=refuted twin=refuted  <-- FINDING   (twin witness: n=3 -> real 10, twin 6)
  r1_s303 x framac [off-by-one]: real=refuted twin=refuted  <-- FINDING   (twin witness: n=1 -> real 1, twin 0)
  r1_s33 x framac [off-by-one#1]: real=verified twin=refuted   (twin witness: n=0 -> real 1, twin 0)
  r1_s333 x framac [off-by-one]: real=refuted twin=refuted  <-- FINDING   (twin witness: n=7 -> real 252, twin 294)
  r1_s337 x framac [wrong-var#2]: real=refuted twin=refuted  <-- FINDING   (twin witness: a=1, b=0 -> real 1, twin 0)
  r1_s338 x framac [off-by-one#2]: real=refuted twin=refuted  <-- FINDING   (twin witness: x=0 -> real 0, twin 1)
  r1_s34 x framac [off-by-one]: real=refuted twin=refuted  <-- FINDING   (twin witness: n=2 -> real 9, twin 11)
  r1_s31 x framac [off-by-one]: real=verified twin=refuted   (twin witness: l=0, w=1, h=1 -> real 2, twin 3)
  r1_s341 x framac [collapse-if]: real=verified twin=refuted   (twin witness: a=1, b=2 -> real 2, twin 1)
  r1_s342 x framac [off-by-one]: real=refuted twin=refuted  <-- FINDING   (twin witness: size=1 -> real 6, twin 7)
  r1_s343 x framac [off-by-one]: real=verified twin=refuted   (twin witness: n=1 -> real 1, twin 0)
  r1_s345 x framac [off-by-one]: real=refuted twin=refuted  <-- FINDING   (twin witness: n=1 -> real 2, twin 3)
  r1_s346 x framac [off-by-one]: real=refuted twin=refuted  <-- FINDING   (twin witness: n=1 -> real 2, twin 3)
  r1_s348 x framac [off-by-one]: real=refuted twin=refuted  <-- FINDING   (twin witness: n=4 -> real 72, twin 84)
  r1_s35 x framac [wrong-var+nonrefuting]: real=refuted twin=timeout  <-- FINDING   (twin witness: costPrice=0, sellingPrice=1 -> real False, twin True)
  r1_s347 x framac [collapse-if]: real=refuted twin=refuted  <-- FINDING   (twin witness: s=[0], x=1 -> real -1, twin 0)
  r1_s357 x framac [off-by-one]: real=malformed twin=malformed  <-- FINDING   (twin witness: side=1 -> real 5, twin 6)
  r1_s361 x framac [collapse-if]: real=refuted twin=refuted  <-- FINDING   (twin witness: a=0, b=1 -> real 1, twin 0)
  r1_s365 x framac [collapse-if]: real=verified twin=refuted   (twin witness: s=[0], x=1 -> real -1, twin 0)
  r1_s368 x framac [collapse-if]: real=refuted twin=refuted  <-- FINDING   (twin witness: s=[1], x=0 -> real -1, twin 0)
  r1_s37 x framac [off-by-one]: real=refuted twin=refuted  <-- FINDING   (twin witness: n=1 -> real 0, twin -1)
  r1_s38 x framac [wrong-constant#1]: real=verified twin=refuted   (twin witness: s=[] -> real 0, twin -1)
  r1_s373 x framac [compare-flip]: real=verified twin=refuted   (twin witness: s=[], x=0, n=0 -> real -1, twin at index 0 outside [0,0))
  r1_s380 x framac [off-by-one]: real=refuted twin=refuted  <-- FINDING   (twin witness: n=1 -> real 3, twin 4)
  r1_s388 x framac [collapse-if]: real=verified twin=refuted   (twin witness: a=0, b=1 -> real 1, twin 0)
  r1_s39 x framac [wrong-var]: real=verified twin=refuted   (twin witness: base=0, height=1 -> real 0, twin 1)
  r1_s390 x framac [off-by-one]: real=refuted twin=refuted  <-- FINDING   (twin witness: baseEdge=1, height=1 -> real 3, twin 4)
  r1_s392 x framac [off-by-one]: real=verified twin=refuted   (twin witness: s=[0, 0] -> real 3, twin 4)
  r1_s394 x framac [wrong-constant]: real=verified twin=refuted   (twin witness: s=[] -> real 0, twin 1)
  r1_s393 x framac [collapse-if]: real=timeout twin=refuted  <-- FINDING   (twin witness: s=[0], x=1 -> real -1, twin 0)
  r1_s397 x framac [wrong-var#3]: real=refuted twin=refuted  <-- FINDING   (twin witness: x=0, y=1 -> real 1, twin 2)
  r1_s396 x framac [wrong-var#3]: real=refuted twin=refuted  <-- FINDING   (twin witness: x=0, y=1 -> real [-4, -5], twin [0, 0])
  r1_s404 x framac [off-by-one]: real=refuted twin=refuted  <-- FINDING   (twin witness: side=1 -> real 6, twin 7)
  r1_s407 x framac [off-by-one]: real=verified twin=refuted   (twin witness: x=1 -> real 3, twin 4)
  r1_s41 x framac [collapse-if]: real=refuted twin=refuted  <-- FINDING   (twin witness: a=0, b=1 -> real 1, twin 0)
  r1_s402 x framac [compare-flip]: real=refuted twin=refuted  <-- FINDING   (twin witness: s=[], x=0 -> real -1, twin at index 0 outside [0,0))
  r1_s412 x framac [off-by-one]: real=verified twin=refuted   (twin witness: n=6 -> real 180, twin 210)
  r1_s416 x framac [off-by-one]: real=refuted twin=refuted  <-- FINDING   (twin witness: x=4 -> real 6, twin 5)
  r1_s419 x framac [off-by-one]: real=refuted twin=refuted  <-- FINDING   (twin witness: n=1 -> real 3, twin 4)
  r1_s411 x framac [compare-flip]: real=refuted twin=refuted  <-- FINDING   (twin witness: s=[] -> real [], twin at index 0 outside [0,0))
  r1_s421 x framac [collapse-if+nonrefuting]: real=refuted twin=timeout  <-- FINDING   (twin witness: x=0, y=1 -> real 1, twin 0)
  r1_s424 x framac [collapse-if]: real=verified twin=refuted   (twin witness: a=1, b=2 -> real 2, twin 1)
  r1_s425 x framac [off-by-one]: real=verified twin=refuted   (twin witness: s=[0, 0] -> real 3, twin 4)
  r1_s428 x framac [off-by-one]: real=refuted twin=refuted  <-- FINDING   (twin witness: n=1 -> real 19, twin 20)
  r1_s432 x framac [off-by-one]: real=refuted twin=refuted  <-- FINDING   (twin witness: n=1 -> real 12, twin 15)
  r1_s43 x framac [collapse-if]: real=refuted twin=refuted  <-- FINDING   (twin witness: s=[0], x=1 -> real -1, twin 0)
  r1_s434 x framac [collapse-if]: real=verified twin=refuted   (twin witness: costPrice=1, sellingPrice=2 -> real 0, twin -1)
  r1_s435 x framac [wrong-constant]: real=refuted twin=refuted  <-- FINDING   (twin witness: radius=1 -> real 1, twin 2)
  r1_s441 x framac [collapse-if]: real=verified twin=refuted   (twin witness: a=0, b=1 -> real 1, twin 0)
  r1_s449 x framac [off-by-one+nonrefuting]: real=refuted twin=timeout  <-- FINDING   (twin witness: x=0 -> real 2, twin 3)
  r1_s45 x framac [off-by-one]: real=refuted twin=refuted  <-- FINDING   (twin witness: radius=0 -> real 29, twin 30)
  r1_s452 x framac [off-by-one]: real=refuted twin=refuted  <-- FINDING   (twin witness: n=5 -> real 121, twin 141)
  r1_s456 x framac [compare-flip]: real=refuted twin=refuted  <-- FINDING   (twin witness: x=1, y=1 -> real 1, twin 0)
  r1_s450 x framac [collapse-if]: real=timeout twin=refuted  <-- FINDING   (twin witness: s=[0], x=1 -> real -1, twin 0)
  r1_s458 x framac [off-by-one]: real=verified twin=refuted   (twin witness: s=[0, 0] -> real 3, twin 4)
  r1_s459 x framac [wrong-var]: real=verified twin=refuted   (twin witness: costPrice=0, sellingPrice=1 -> real False, twin True)
  r1_s46 x framac [off-by-one]: real=verified twin=refuted   (twin witness: radius=1 -> real 2, twin 3)
  r1_s466 x framac [off-by-one]: real=refuted twin=refuted  <-- FINDING   (twin witness: n=1 -> real -10, twin -9)
  r1_s461 x framac [off-by-one]: real=refuted twin=refuted  <-- FINDING   (twin witness: baseEdge=1, height=1 -> real 5, twin 6)
  r1_s468 x framac [off-by-one]: real=refuted twin=refuted  <-- FINDING   (twin witness: n=6 -> real 7, twin 8)
  r1_s471 x framac [wrong-var]: real=refuted twin=refuted  <-- FINDING   (twin witness: n=1, k=0 -> real 0, twin 1)
  r1_s483 x framac [wrong-var]: real=refuted twin=refuted  <-- FINDING   (twin witness: a=0, b=1, c=0 -> real 0, twin 1)
  r1_s493 x framac [wrong-var]: real=verified twin=refuted   (twin witness: length=0, width=1 -> real 0, twin 1)
  r1_s487 x framac [off-by-one]: real=refuted twin=refuted  <-- FINDING   (twin witness: n=1 -> real 1, twin 0)
  r1_s494 x framac [off-by-one#1]: real=verified twin=refuted   (twin witness: x=0 -> real 1, twin 0)
  r1_s496 x framac [wrong-var]: real=refuted twin=refuted  <-- FINDING   (twin witness: base=0, height=1, length=0 -> real 0, twin 1)
  r1_s53 x framac [wrong-constant]: real=refuted twin=refuted  <-- FINDING   (twin witness: a=1, b=0 -> real 1, twin 2)
  r1_s56 x framac [collapse-if]: real=verified twin=refuted   (twin witness: a=0, b=1 -> real 1, twin 0)
  r1_s52 x framac [wrong-operator#2]: real=refuted twin=refuted  <-- FINDING   (twin witness: n=1, k=0 -> real 1, twin -1)
  r1_s6 x framac [off-by-one]: real=verified twin=refuted   (twin witness: side=1 -> real 4, twin 5)
  r1_s59 x framac [off-by-one]: real=refuted twin=refuted  <-- FINDING   (twin witness: arr=[0], k=1 -> real 0, twin at index 1 outside [0,1))
  r1_s64 x framac [collapse-if+nonrefuting]: real=refuted twin=timeout  <-- FINDING   (twin witness: x=0 -> real 0, twin 1)
  r1_s62 x framac [collapse-if]: real=timeout twin=refuted  <-- FINDING   (twin witness: s=[0], x=1 -> real -1, twin 0)
  r1_s67 x framac [collapse-if]: real=timeout twin=refuted  <-- FINDING   (twin witness: s=[0], x=1, n=0 -> real -1, twin 0)
  r1_s7 x framac [off-by-one]: real=verified twin=refuted   (twin witness: side=1 -> real 4, twin 5)
  r1_s70 x framac [off-by-one]: real=verified twin=refuted   (twin witness: n=1 -> real 1, twin 2)
  r1_s75 x framac [off-by-one]: real=refuted twin=refuted  <-- FINDING   (twin witness: x=0 -> real 1, twin 2)
  r1_s79 x framac [off-by-one#2]: real=refuted twin=refuted  <-- FINDING   (twin witness: x=0, y=0 -> real [0, 0], twin [1, 0])
  r1_s8 x framac [off-by-one]: real=refuted twin=refuted  <-- FINDING   (twin witness: n=4 -> real 72, twin 84)
  r1_s68 x framac [collapse-if]: real=timeout twin=refuted  <-- FINDING   (twin witness: s=[0], x=1 -> real -1, twin 0)
  r1_s82 x framac [wrong-constant#1]: real=refuted twin=refuted  <-- FINDING   (twin witness: x=0 -> real 0, twin -1)
  r1_s83 x framac [off-by-one]: real=refuted twin=refuted  <-- FINDING   (twin witness: side=1 -> real 5, twin 6)
  r1_s84 x framac [off-by-one]: real=refuted twin=refuted  <-- FINDING   (twin witness: n=0 -> real -1, twin -2)
  r1_s85 x framac [wrong-constant]: real=refuted twin=refuted  <-- FINDING   (twin witness: x=1, y=0 -> real 1, twin 2)
  r1_s86 x framac [off-by-one#1]: real=refuted twin=refuted  <-- FINDING   (twin witness: length=1, width=0 -> real 0, twin 1)
  r1_s87 x framac [off-by-one]: real=verified twin=refuted   (twin witness: s=[0, 0] -> real 3, twin 4)
  r1_s90 x framac [collapse-if]: real=verified twin=refuted   (twin witness: s=[0], x=1 -> real -1, twin 0)
  r1_s92 x framac [off-by-one#1]: real=refuted twin=refuted  <-- FINDING   (twin witness: n=1 -> real 0, twin -1)
  r1_s97 x framac [wrong-constant]: real=verified twin=refuted   (twin witness: x=0 -> real 0, twin 1)
  r1_s101 x lean [compare-flip]: real=refuted twin=refuted  <-- FINDING   (twin witness: a=[], b=[] -> real [], twin at index 0 outside [0,0))
  r1_s102 x lean [off-by-one#1]: real=refuted twin=refuted  <-- FINDING   (twin witness: x=0 -> real 1, twin 0)
  r1_s103 x lean [wrong-var#2]: real=refuted twin=refuted  <-- FINDING   (twin witness: a=0, b=1 -> real 1, twin 0)
  r1_s91 x framac [compare-flip]: real=refuted twin=refuted  <-- FINDING   (twin witness: s=[], x=0 -> real 0, twin 2)
  r1_s104 x lean [wrong-constant]: real=refuted twin=refuted  <-- FINDING   (twin witness: x=0 -> real 0, twin 1)
  r1_s105 x lean [collapse-if]: real=refuted twin=refuted  <-- FINDING   (twin witness: a=0, b=1 -> real 1, twin 0)
  r1_s112 x lean [off-by-one]: real=verified twin=refuted   (twin witness: n=1 -> real 3, twin 4)
  r1_s109 x lean [off-by-one]: real=refuted twin=refuted  <-- FINDING   (twin witness: l=1, w=1, h=1 -> real 2, twin 3)
  r1_s115 x lean [collapse-if]: real=refuted twin=refuted  <-- FINDING   (twin witness: theorem=0, have=1 -> real 1, twin 0)
  r1_s113 x lean [compare-flip]: real=refuted twin=refuted  <-- FINDING   (twin witness: n=1, k=0 -> real -1, twin -2)
  r1_s124 x lean [collapse-if]: real=refuted twin=refuted  <-- FINDING   (twin witness: x=1, y=0 -> real 0, twin 1)
  r1_s12 x lean [collapse-if]: real=unproved twin=refuted  <-- FINDING   (twin witness: s=[0], x=1 -> real -1, twin 0)
  r1_s129 x lean [collapse-if]: real=verified twin=refuted   (twin witness: a=1, b=0 -> real 0, twin 1)
  r1_s130 x lean [off-by-one]: real=refuted twin=refuted  <-- FINDING   (twin witness: n=1 -> real 1, twin 2)
  r1_s134 x lean [wrong-var]: real=refuted twin=refuted  <-- FINDING   (twin witness: base=0, height=1 -> real 0, twin 1)
  r1_s142 x lean [off-by-one]: real=refuted twin=refuted  <-- FINDING   (twin witness: n=1 -> real 1, twin 2)
  r1_s145 x lean [off-by-one]: real=refuted twin=refuted  <-- FINDING   (twin witness: n=1 -> real 1, twin 2)
  r1_s140 x lean [collapse-if]: real=unproved twin=refuted  <-- FINDING   (twin witness: s=[0], x=1 -> real -1, twin 0)
  r1_s146 x lean [off-by-one]: real=verified twin=refuted   (twin witness: n=1 -> real 1, twin 2)
  r1_s147 x lean [wrong-var]: real=verified twin=refuted   (twin witness: length=0, width=1 -> real 0, twin 1)
  r1_s150 x lean [wrong-operator]: real=refuted twin=refuted  <-- FINDING   (twin witness: x=0 -> real 1, twin -1)
  r1_s152 x lean [off-by-one]: real=refuted twin=refuted  <-- FINDING   (twin witness: n=1 -> real 0, twin -1)
  r1_s153 x lean [off-by-one]: real=refuted twin=refuted  <-- FINDING   (twin witness: n=0 -> real 0, twin 1)
  r1_s156 x lean [off-by-one]: real=verified twin=refuted   (twin witness: a=1, b=1 -> real 1, twin 0)
  r1_s158 x lean [collapse-if]: real=refuted twin=refuted  <-- FINDING   (twin witness: a=1, b=0 -> real 1, twin 0)
  r1_s165 x lean [negate-cond]: real=unproved twin=refuted  <-- FINDING   (twin witness: s=[0], x=0, n=0 -> real 0, twin -1)
  r1_s167 x lean [off-by-one]: real=verified twin=refuted   (twin witness: s=[0, 0] -> real 3, twin 4)
  r1_s168 x lean [off-by-one]: real=refuted twin=refuted  <-- FINDING   (twin witness: n=1 -> real 0, twin -1)
  r1_s175 x lean [off-by-one]: real=verified twin=refuted   (twin witness: s=[0, 0] -> real 3, twin 4)
  r1_s171 x lean [collapse-if]: real=unproved twin=refuted  <-- FINDING   (twin witness: s=[0], x=1 -> real -1, twin 0)
  r1_s179 x lean [off-by-one]: real=verified twin=refuted   (twin witness: s=1 -> real 6, twin 7)
  r1_s180 x lean [collapse-if]: real=refuted twin=refuted  <-- FINDING   (twin witness: x=0, y=1 -> real 1, twin 0)
  r1_s188 x lean [off-by-one]: real=refuted twin=refuted  <-- FINDING   (twin witness: n=1 -> real -6, twin -7)
  r1_s183 x lean [compare-flip]: real=unproved twin=refuted  <-- FINDING   (twin witness: n=0 -> real 0, twin 1)
  r1_s19 x lean [wrong-var]: real=verified twin=refuted   (twin witness: costPrice=0, sellingPrice=1 -> real False, twin True)
  r1_s196 x lean [compare-flip]: real=refuted twin=refuted  <-- FINDING   (twin witness: n=0 -> real 1, twin 2)
  r1_s201 x lean [wrong-constant]: real=verified twin=refuted   (twin witness: s=[] -> real 0, twin 1)
  r1_s203 x lean [off-by-one#1]: real=refuted twin=refuted  <-- FINDING   (twin witness: side=1 -> real 4, twin 3)
  r1_s206 x lean [off-by-one]: real=refuted twin=refuted  <-- FINDING   (twin witness: n=1 -> real 0, twin -1)
  r1_s207 x lean [off-by-one]: real=refuted twin=refuted  <-- FINDING   (twin witness: baseEdge=1, height=1 -> real 3, twin 4)
