  r0_s138 x dafny: no twin, the real body returns no value on any input that satisfies `requires`, nothing for a twin to differ from  <-- FINDING
  r0_s18 x dafny: no twin, the real body returns no value on any input that satisfies `requires`, nothing for a twin to differ from  <-- FINDING
  r0_s403 x dafny: no twin, the real body returns no value on any input that satisfies `requires`, nothing for a twin to differ from  <-- FINDING
  r0_s68 x dafny: no twin, the real body returns no value on any input that satisfies `requires`, nothing for a twin to differ from  <-- FINDING
  r0_s138 x verus: no twin, the real body returns no value on any input that satisfies `requires`, nothing for a twin to differ from  <-- FINDING
  r0_s18 x verus: no twin, the real body returns no value on any input that satisfies `requires`, nothing for a twin to differ from  <-- FINDING
  r0_s403 x verus: no twin, the real body returns no value on any input that satisfies `requires`, nothing for a twin to differ from  <-- FINDING
  r0_s68 x verus: no twin, the real body returns no value on any input that satisfies `requires`, nothing for a twin to differ from  <-- FINDING
  r0_s138 x spark: no twin, the real body returns no value on any input that satisfies `requires`, nothing for a twin to differ from  <-- FINDING
  r0_s18 x spark: no twin, the real body returns no value on any input that satisfies `requires`, nothing for a twin to differ from  <-- FINDING
  r0_s403 x spark: no twin, the real body returns no value on any input that satisfies `requires`, nothing for a twin to differ from  <-- FINDING
  r0_s68 x spark: no twin, the real body returns no value on any input that satisfies `requires`, nothing for a twin to differ from  <-- FINDING
  r0_s138 x framac: no twin, the real body returns no value on any input that satisfies `requires`, nothing for a twin to differ from  <-- FINDING
  r0_s18 x framac: no twin, the real body returns no value on any input that satisfies `requires`, nothing for a twin to differ from  <-- FINDING
  r0_s403 x framac: no twin, the real body returns no value on any input that satisfies `requires`, nothing for a twin to differ from  <-- FINDING
  r0_s68 x framac: no twin, the real body returns no value on any input that satisfies `requires`, nothing for a twin to differ from  <-- FINDING
  r0_s138 x lean: no twin, the real body returns no value on any input that satisfies `requires`, nothing for a twin to differ from  <-- FINDING
  r0_s18 x lean: no twin, the real body returns no value on any input that satisfies `requires`, nothing for a twin to differ from  <-- FINDING
  r0_s403 x lean: no twin, the real body returns no value on any input that satisfies `requires`, nothing for a twin to differ from  <-- FINDING
  r0_s68 x lean: no twin, the real body returns no value on any input that satisfies `requires`, nothing for a twin to differ from  <-- FINDING
  r0_s138 x rocq: no twin, the real body returns no value on any input that satisfies `requires`, nothing for a twin to differ from  <-- FINDING
  r0_s18 x rocq: no twin, the real body returns no value on any input that satisfies `requires`, nothing for a twin to differ from  <-- FINDING
  r0_s403 x rocq: no twin, the real body returns no value on any input that satisfies `requires`, nothing for a twin to differ from  <-- FINDING
  r0_s68 x rocq: no twin, the real body returns no value on any input that satisfies `requires`, nothing for a twin to differ from  <-- FINDING
  r0_s138 x fstar: no twin, the real body returns no value on any input that satisfies `requires`, nothing for a twin to differ from  <-- FINDING
  r0_s18 x fstar: no twin, the real body returns no value on any input that satisfies `requires`, nothing for a twin to differ from  <-- FINDING
  r0_s403 x fstar: no twin, the real body returns no value on any input that satisfies `requires`, nothing for a twin to differ from  <-- FINDING
  r0_s68 x fstar: no twin, the real body returns no value on any input that satisfies `requires`, nothing for a twin to differ from  <-- FINDING
  r0_s108 x dafny [off-by-one]: real=refuted twin=refuted  <-- FINDING   (twin witness: n=1 -> real 1, twin 2)
  r0_s104 x dafny [off-by-one]: real=refuted twin=refuted  <-- FINDING   (twin witness: i=1, k=1 -> real 3, twin 4)
  r0_s117 x dafny [compare-flip]: real=refuted twin=refuted  <-- FINDING   (twin witness: a=[0], b=[1] -> real [], twin at index 1 outside [0,1))
  r0_s119 x dafny [compare-flip]: real=unproved twin=unproved  <-- FINDING   (twin witness: a=[0] -> real 0, twin at index 1 outside [0,1))
  r0_s12 x dafny [off-by-one]: real=refuted twin=refuted  <-- FINDING   (twin witness: baseEdge=1, height=1 -> real 7, twin 8)
  r0_s121 x dafny [compare-flip]: real=refuted twin=refuted  <-- FINDING   (twin witness: a=[], b=[] -> real [], twin at index 0 outside [0,0))
  r0_s125 x dafny [collapse-if+nonrefuting]: real=verified twin=verified  <-- FINDING   (twin witness: x=1 -> real 1, twin -1)
  r0_s126 x dafny [boundary-swap]: real=refuted twin=refuted  <-- FINDING   (twin witness: x=1, y=1 -> real 1, twin 0)
  r0_s131 x dafny [off-by-one]: real=verified twin=refuted   (twin witness: humanYears=1 -> real 7, twin 8)
  r0_s132 x dafny [collapse-if]: real=verified twin=refuted   (twin witness: a=0, b=1 -> real 1, twin 0)
  r0_s140 x dafny [compare-flip]: real=refuted twin=refuted  <-- FINDING   (twin witness: a=[], b=[] -> real [], twin at index 0 outside [0,0))
  r0_s153 x dafny [collapse-if]: real=verified twin=refuted   (twin witness: costPrice=0, sellingPrice=1 -> real 0, twin -1)
  r0_s159 x dafny [off-by-one]: real=refuted twin=refuted  <-- FINDING   (twin witness: n=1 -> real 0, twin 1)
  r0_s166 x dafny [collapse-if]: real=refuted twin=refuted  <-- FINDING   (twin witness: x=1 -> real 1, twin 2)
  r0_s167 x dafny [off-by-one]: real=verified twin=refuted   (twin witness: l=0, w=1, h=1 -> real 2, twin 3)
  r0_s168 x dafny [wrong-var]: real=verified twin=refuted   (twin witness: length=1, width=-1 -> real -1, twin 1)
  r0_s174 x dafny [compare-flip]: real=refuted twin=refuted  <-- FINDING   (twin witness: a=[], b=[] -> real [], twin at index 0 outside [0,0))
  r0_s177 x dafny [wrong-var]: real=verified twin=refuted   (twin witness: length=0, width=1 -> real 0, twin 1)
  r0_s180 x dafny [off-by-one]: real=verified twin=refuted   (twin witness: x=6 -> real 18, twin 24)
  r0_s190 x dafny [compare-flip]: real=refuted twin=refuted  <-- FINDING   (twin witness: a=[], b=[] -> real [], twin at index 0 outside [0,0))
  r0_s197 x dafny [off-by-one]: real=verified twin=refuted   (twin witness: n=0 -> real 1, twin 2)
  r0_s199 x dafny [compare-flip]: real=refuted twin=refuted  <-- FINDING   (twin witness: n=0 -> real 1, twin 2)
  r0_s204 x dafny [off-by-one]: real=verified twin=refuted   (twin witness:  -> real 29, twin 30)
  r0_s216 x dafny [wrong-operator]: real=verified twin=refuted   (twin witness: x=0 -> real 1, twin -1)
  r0_s221 x dafny [off-by-one]: real=refuted twin=refuted  <-- FINDING   (twin witness: n=2 -> real 7, twin 11)
  r0_s223 x dafny [wrong-var]: real=verified twin=refuted   (twin witness: length=-1, width=1 -> real -1, twin 1)
  r0_s225 x dafny [off-by-one#1]: real=refuted twin=refuted  <-- FINDING   (twin witness: baseEdge=1, height=1 -> real 2, twin 1)
  r0_s229 x dafny [off-by-one]: real=refuted twin=refuted  <-- FINDING   (twin witness: x=1 -> real 4, twin 5)
  r0_s239 x dafny [off-by-one]: real=verified twin=refuted   (twin witness: baseEdge=1, height=1 -> real 3, twin 4)
  r0_s24 x dafny [boundary-swap]: real=refuted twin=refuted  <-- FINDING   (twin witness: n=1 -> real 1, twin 0)
  r0_s25 x dafny [compare-flip]: real=unproved twin=refuted  <-- FINDING   (twin witness: a=[], b=[] -> real [], twin at index 0 outside [0,0))
  r0_s250 x dafny [off-by-one]: real=verified twin=refuted   (twin witness: s=[1, 1] -> real 3, twin 4)
  r0_s254 x dafny [off-by-one]: real=verified twin=refuted   (twin witness: val=1 -> real 2, twin 3)
  r0_s256 x dafny [off-by-one#6]: real=refuted twin=refuted  <-- FINDING   (twin witness: x=1 -> real [2, 4], twin [3, 6])
  r0_s261 x dafny [wrong-var]: real=verified twin=refuted   (twin witness: a=0, b=1, c=0 -> real 1, twin 2)
  r0_s262 x dafny [wrong-constant]: real=refuted twin=refuted  <-- FINDING   (twin witness: x=0, y=0 -> real 0, twin 1)
  r0_s267 x dafny [wrong-constant#1]: real=refuted twin=refuted  <-- FINDING   (twin witness: a=1, b=2 -> real 1, twin 0)
  r0_s268 x dafny [off-by-one]: real=verified twin=refuted   (twin witness: a=1, b=1 -> real 1, twin 0)
  r0_s269 x dafny [off-by-one]: real=verified twin=refuted   (twin witness: n=2 -> real 3, twin 4)
  r0_s274 x dafny [off-by-one]: real=verified twin=refuted   (twin witness: n=0 -> real -1, twin -2)
  r0_s271 x dafny [off-by-one]: real=refuted twin=refuted  <-- FINDING   (twin witness: n=1 -> real 6, twin 7)
  r0_s276 x dafny [off-by-one]: real=refuted twin=refuted  <-- FINDING   (twin witness: n=6 -> real 181, twin 211)
  r0_s285 x dafny [compare-flip]: real=unproved twin=refuted  <-- FINDING   (twin witness: a=[], b=[] -> real [], twin at index 0 outside [0,0))
  r0_s287 x dafny [collapse-if]: real=verified twin=refuted   (twin witness: let=0, match=1 -> real 1, twin 0)
  r0_s289 x dafny [off-by-one]: real=refuted twin=refuted  <-- FINDING   (twin witness: baseEdge=1, height=0 -> real 3, twin 4)
  r0_s293 x dafny [off-by-one#2]: real=verified twin=refuted   (twin witness: x=1 -> real 3, twin 4)
  r0_s295 x dafny [compare-flip]: real=refuted twin=refuted  <-- FINDING   (twin witness: x=0, y=1 -> real 0, twin 1)
  r0_s297 x dafny [compare-flip]: real=verified twin=refuted   (twin witness: a=[], b=[] -> real [], twin at index 0 outside [0,0))
  r0_s298 x dafny [collapse-if]: real=refuted twin=refuted  <-- FINDING   (twin witness: x=1, y=0 -> real 1, twin -1)
  r0_s306 x dafny [off-by-one]: real=refuted twin=refuted  <-- FINDING   (twin witness: a=[0] -> real [0], twin at index 1 outside [0,1))
  r0_s30 x dafny [compare-flip]: real=unproved twin=unproved  <-- FINDING   (twin witness: a=[0] -> real 1, twin at index 1 outside [0,1))
  r0_s309 x dafny [compare-flip]: real=refuted twin=refuted  <-- FINDING   (twin witness: a=[], b=[] -> real [], twin at index 0 outside [0,0))
  r0_s307 x dafny [compare-flip]: real=refuted twin=refuted  <-- FINDING   (twin witness: a=[], b=[] -> real [], twin at index 0 outside [0,0))
  r0_s317 x dafny [wrong-constant]: real=verified twin=refuted   (twin witness: a=0, b=0 -> real 0, twin 1)
  r0_s316 x dafny [off-by-one]: real=refuted twin=refuted  <-- FINDING   (twin witness: n=2 -> real 1, twin 2)
  r0_s320 x dafny [wrong-var+nonrefuting]: real=verified twin=verified  <-- FINDING   (twin witness: x=11 -> real 22, twin 11)
  r0_s32 x dafny [wrong-constant#1]: real=refuted twin=refuted  <-- FINDING   (twin witness: x=0 -> real 0, twin -1)
  r0_s326 x dafny [negate-cond]: real=refuted twin=refuted  <-- FINDING   (twin witness: n=0 -> real 1, twin 16)
  r0_s329 x dafny [off-by-one]: real=refuted twin=refuted  <-- FINDING   (twin witness: n=0 -> real -5, twin -6)
  r0_s330 x dafny [off-by-one]: real=refuted twin=refuted  <-- FINDING   (twin witness: x=1 -> real 4, twin 5)
  r0_s338 x dafny [off-by-one]: real=verified twin=refuted   (twin witness: radius=1, width=0 -> real 2, twin 3)
  r0_s340 x dafny [invariant-drop]: real=unproved twin=refuted  <-- FINDING   (twin witness: exit at a=2, y=0, x=0)
  r0_s344 x dafny [off-by-one]: real=refuted twin=refuted  <-- FINDING   (twin witness: baseEdge=1, height=1 -> real 3, twin 4)
  r0_s355 x dafny [off-by-one]: real=verified twin=refuted   (twin witness: radius=1 -> real 2, twin 3)
  r0_s365 x dafny [off-by-one]: real=refuted twin=refuted  <-- FINDING   (twin witness: x=0 -> real 2, twin 3)
  r0_s368 x dafny [compare-flip]: real=verified twin=refuted   (twin witness: a=[], b=[] -> real [], twin at index 0 outside [0,0))
  r0_s373 x dafny [off-by-one]: real=verified twin=refuted   (twin witness: n=10 -> real 0, twin 10)
  r0_s374 x dafny [wrong-constant#1]: real=verified twin=refuted   (twin witness: n=0 -> real 0, twin -1)
  r0_s38 x dafny [compare-flip]: real=refuted twin=refuted  <-- FINDING   (twin witness: n=1 -> real 0, twin 1)
  r0_s381 x dafny [off-by-one]: real=refuted twin=refuted  <-- FINDING   (twin witness: n=1 -> real 4, twin 5)
  r0_s39 x dafny [off-by-one]: real=refuted twin=refuted  <-- FINDING   (twin witness: n=1 -> real 3, twin 4)
  r0_s390 x dafny [off-by-one]: real=refuted twin=refuted  <-- FINDING   (twin witness: n=110 -> real 0, twin 110)
  r0_s393 x dafny [off-by-one#1]: real=refuted twin=refuted  <-- FINDING   (twin witness: baseEdge=1, height=1 -> real 2, twin 1)
  r0_s395 x dafny [off-by-one]: real=refuted twin=refuted  <-- FINDING   (twin witness: n=0 -> real 1, twin 2)
  r0_s4 x dafny [compare-flip]: real=refuted twin=refuted  <-- FINDING   (twin witness: x=0, y=1 -> real 6, twin 7)
  r0_s400 x dafny [off-by-one#1]: real=verified twin=refuted   (twin witness: n=1 -> real 0, twin 1)
  r0_s402 x dafny [off-by-one]: real=refuted twin=refuted  <-- FINDING   (twin witness: n=7 -> real 7, twin 0)
  r0_s406 x dafny [off-by-one+nonrefuting]: real=refuted twin=unproved  <-- FINDING   (twin witness: n=2 -> real True, twin False)
  r0_s414 x dafny [off-by-one]: real=refuted twin=refuted  <-- FINDING   (twin witness: n=6 -> real 181, twin 211)
  r0_s429 x dafny [off-by-one]: real=refuted twin=refuted  <-- FINDING   (twin witness: n=2 -> real 3, twin 4)
  r0_s432 x dafny [wrong-var]: real=refuted twin=refuted  <-- FINDING   (twin witness: a=0, b=1 -> real 0, twin 1)
  r0_s437 x dafny [off-by-one]: real=refuted twin=refuted  <-- FINDING   (twin witness: n=0 -> real 0, twin 1)
  r0_s441 x dafny [off-by-one]: real=refuted twin=refuted  <-- FINDING   (twin witness: n=1 -> real 2, twin 3)
  r0_s45 x dafny [off-by-one]: real=verified twin=refuted   (twin witness: l=0, w=1, h=1 -> real 2, twin 3)
  r0_s450 x dafny [wrong-var]: real=verified twin=refuted   (twin witness: length=1, width=-1 -> real -1, twin 1)
  r0_s46 x dafny [off-by-one]: real=refuted twin=refuted  <-- FINDING   (twin witness: n=6 -> real 181, twin 211)
  r0_s464 x dafny [off-by-one#1]: real=refuted twin=refuted  <-- FINDING   (twin witness: n=1 -> real 1, twin 0)
  r0_s466 x dafny [boundary-swap]: real=refuted twin=refuted  <-- FINDING   (twin witness: n=1 -> real 1, twin 0)
  r0_s468 x dafny [off-by-one]: real=refuted twin=refuted  <-- FINDING   (twin witness: n=0 -> real 1, twin 2)
  r0_s471 x dafny [off-by-one]: real=refuted twin=refuted  <-- FINDING   (twin witness: n=1 -> real 6, twin 7)
  r0_s472 x dafny [off-by-one]: real=refuted twin=refuted  <-- FINDING   (twin witness: n=1 -> real 0, twin -1)
  r0_s484 x dafny [collapse-if]: real=verified twin=refuted   (twin witness: a=0, b=1 -> real 1, twin 0)
  r0_s485 x dafny [compare-flip]: real=verified twin=refuted   (twin witness: a=[], b=[] -> real [], twin at index 0 outside [0,0))
  r0_s495 x dafny [off-by-one]: real=verified twin=refuted   (twin witness: n=0 -> real -1, twin -2)
  r0_s491 x dafny [compare-flip]: real=refuted twin=refuted  <-- FINDING   (twin witness: a=[], b=[] -> real [], twin at index 0 outside [0,0))
  r0_s58 x dafny [compare-flip]: real=refuted twin=refuted  <-- FINDING   (twin witness: n=0 -> real 0, twin 1)
  r0_s50 x dafny [compare-flip]: real=refuted twin=refuted  <-- FINDING   (twin witness: n=0 -> real 0, twin 3)
  r0_s61 x dafny [compare-flip]: real=unproved twin=refuted  <-- FINDING   (twin witness: n=0 -> real 0, twin 1)
  r0_s62 x dafny [off-by-one]: real=refuted twin=refuted  <-- FINDING   (twin witness: n=11 -> real True, twin False)
  r0_s65 x dafny [negate-cond+nonrefuting]: real=verified twin=unproved  <-- FINDING   (twin witness: x=-2 -> real 2, twin 0)
  r0_s69 x dafny [compare-flip]: real=unproved twin=refuted  <-- FINDING   (twin witness: a=[], b=[] -> real [], twin at index 0 outside [0,0))
  r0_s7 x dafny [off-by-one#2]: real=verified twin=refuted   (twin witness: x=1 -> real 3, twin 4)
  r0_s74 x dafny [off-by-one]: real=refuted twin=refuted  <-- FINDING   (twin witness: n=1 -> real 2, twin 3)
  r0_s79 x dafny [off-by-one]: real=refuted twin=refuted  <-- FINDING   (twin witness: a=[0] -> real [0], twin at index 1 outside [0,1))
  r0_s84 x dafny [off-by-one]: real=refuted twin=refuted  <-- FINDING   (twin witness: x=0, y=0 -> real 1, twin 2)
  r0_s89 x dafny [off-by-one]: real=refuted twin=refuted  <-- FINDING   (twin witness: baseEdge=-1, height=1 -> real -2, twin -3)
  r0_s92 x dafny [wrong-operator]: real=verified twin=refuted   (twin witness: x=0 -> real 1, twin -1)
  r0_s94 x dafny [wrong-var]: real=verified twin=refuted   (twin witness: length=0, width=1 -> real 0, twin 1)
  r0_s104 x verus [off-by-one]: real=refuted twin=refuted  <-- FINDING   (twin witness: i=1, k=1 -> real 3, twin 4)
  r0_s108 x verus [off-by-one]: real=refuted twin=refuted  <-- FINDING   (twin witness: n=1 -> real 1, twin 2)
  r0_s117 x verus [compare-flip]: real=refuted twin=refuted  <-- FINDING   (twin witness: a=[0], b=[1] -> real [], twin at index 1 outside [0,1))
  r0_s119 x verus [compare-flip]: real=refuted twin=refuted  <-- FINDING   (twin witness: a=[0] -> real 0, twin at index 1 outside [0,1))
  r0_s12 x verus [off-by-one]: real=refuted twin=refuted  <-- FINDING   (twin witness: baseEdge=1, height=1 -> real 7, twin 8)
  r0_s125 x verus [collapse-if+nonrefuting]: real=verified twin=verified  <-- FINDING   (twin witness: x=1 -> real 1, twin -1)
  r0_s121 x verus [compare-flip]: real=refuted twin=refuted  <-- FINDING   (twin witness: a=[], b=[] -> real [], twin at index 0 outside [0,0))
  r0_s126 x verus [boundary-swap]: real=refuted twin=refuted  <-- FINDING   (twin witness: x=1, y=1 -> real 1, twin 0)
  r0_s131 x verus [off-by-one]: real=verified twin=refuted   (twin witness: humanYears=1 -> real 7, twin 8)
  r0_s132 x verus [collapse-if]: real=verified twin=refuted   (twin witness: a=0, b=1 -> real 1, twin 0)
  r0_s140 x verus [compare-flip]: real=refuted twin=refuted  <-- FINDING   (twin witness: a=[], b=[] -> real [], twin at index 0 outside [0,0))
  r0_s153 x verus [collapse-if]: real=verified twin=refuted   (twin witness: costPrice=0, sellingPrice=1 -> real 0, twin -1)
  r0_s159 x verus [off-by-one]: real=refuted twin=refuted  <-- FINDING   (twin witness: n=1 -> real 0, twin 1)
  r0_s166 x verus [collapse-if]: real=refuted twin=refuted  <-- FINDING   (twin witness: x=1 -> real 1, twin 2)
  r0_s167 x verus [off-by-one]: real=verified twin=refuted   (twin witness: l=0, w=1, h=1 -> real 2, twin 3)
  r0_s168 x verus [wrong-var]: real=verified twin=refuted   (twin witness: length=1, width=-1 -> real -1, twin 1)
  r0_s174 x verus [compare-flip]: real=refuted twin=refuted  <-- FINDING   (twin witness: a=[], b=[] -> real [], twin at index 0 outside [0,0))
  r0_s177 x verus [wrong-var]: real=verified twin=refuted   (twin witness: length=0, width=1 -> real 0, twin 1)
  r0_s180 x verus [off-by-one]: real=verified twin=refuted   (twin witness: x=6 -> real 18, twin 24)
  r0_s190 x verus [compare-flip]: real=refuted twin=refuted  <-- FINDING   (twin witness: a=[], b=[] -> real [], twin at index 0 outside [0,0))
  r0_s197 x verus [off-by-one]: real=verified twin=refuted   (twin witness: n=0 -> real 1, twin 2)
  r0_s199 x verus [compare-flip]: real=refuted twin=refuted  <-- FINDING   (twin witness: n=0 -> real 1, twin 2)
  r0_s204 x verus [off-by-one]: real=verified twin=refuted   (twin witness:  -> real 29, twin 30)
  r0_s216 x verus [wrong-operator]: real=verified twin=refuted   (twin witness: x=0 -> real 1, twin -1)
  r0_s221 x verus [off-by-one]: real=refuted twin=refuted  <-- FINDING   (twin witness: n=2 -> real 7, twin 11)
  r0_s223 x verus [wrong-var]: real=verified twin=refuted   (twin witness: length=-1, width=1 -> real -1, twin 1)
  r0_s225 x verus [off-by-one#1]: real=refuted twin=refuted  <-- FINDING   (twin witness: baseEdge=1, height=1 -> real 2, twin 1)
  r0_s229 x verus [off-by-one]: real=refuted twin=refuted  <-- FINDING   (twin witness: x=1 -> real 4, twin 5)
  r0_s239 x verus [off-by-one]: real=verified twin=refuted   (twin witness: baseEdge=1, height=1 -> real 3, twin 4)
  r0_s24 x verus [boundary-swap]: real=refuted twin=refuted  <-- FINDING   (twin witness: n=1 -> real 1, twin 0)
  r0_s25 x verus [compare-flip]: real=unproved twin=refuted  <-- FINDING   (twin witness: a=[], b=[] -> real [], twin at index 0 outside [0,0))
  r0_s250 x verus [off-by-one]: real=verified twin=refuted   (twin witness: s=[1, 1] -> real 3, twin 4)
  r0_s254 x verus [off-by-one]: real=verified twin=refuted   (twin witness: val=1 -> real 2, twin 3)
  r0_s256 x verus [off-by-one#6]: real=refuted twin=refuted  <-- FINDING   (twin witness: x=1 -> real [2, 4], twin [3, 6])
  r0_s261 x verus [wrong-var]: real=verified twin=refuted   (twin witness: a=0, b=1, c=0 -> real 1, twin 2)
  r0_s262 x verus [wrong-constant]: real=refuted twin=refuted  <-- FINDING   (twin witness: x=0, y=0 -> real 0, twin 1)
  r0_s267 x verus [wrong-constant#1]: real=refuted twin=refuted  <-- FINDING   (twin witness: a=1, b=2 -> real 1, twin 0)
  r0_s268 x verus [off-by-one]: real=verified twin=refuted   (twin witness: a=1, b=1 -> real 1, twin 0)
  r0_s269 x verus [off-by-one]: real=verified twin=refuted   (twin witness: n=2 -> real 3, twin 4)
  r0_s271 x verus [off-by-one]: real=refuted twin=refuted  <-- FINDING   (twin witness: n=1 -> real 6, twin 7)
  r0_s274 x verus [off-by-one]: real=verified twin=refuted   (twin witness: n=0 -> real -1, twin -2)
  r0_s276 x verus [off-by-one]: real=refuted twin=refuted  <-- FINDING   (twin witness: n=6 -> real 181, twin 211)
  r0_s285 x verus [compare-flip]: real=unproved twin=refuted  <-- FINDING   (twin witness: a=[], b=[] -> real [], twin at index 0 outside [0,0))
  r0_s287 x verus [collapse-if]: real=verified twin=refuted   (twin witness: let=0, match=1 -> real 1, twin 0)
  r0_s289 x verus [off-by-one]: real=refuted twin=refuted  <-- FINDING   (twin witness: baseEdge=1, height=0 -> real 3, twin 4)
  r0_s293 x verus [off-by-one#2]: real=verified twin=refuted   (twin witness: x=1 -> real 3, twin 4)
  r0_s295 x verus [compare-flip]: real=refuted twin=refuted  <-- FINDING   (twin witness: x=0, y=1 -> real 0, twin 1)
  r0_s297 x verus [compare-flip]: real=verified twin=refuted   (twin witness: a=[], b=[] -> real [], twin at index 0 outside [0,0))
  r0_s298 x verus [collapse-if]: real=refuted twin=refuted  <-- FINDING   (twin witness: x=1, y=0 -> real 1, twin -1)
  r0_s30 x verus [compare-flip]: real=refuted twin=refuted  <-- FINDING   (twin witness: a=[0] -> real 1, twin at index 1 outside [0,1))
  r0_s306 x verus [off-by-one]: real=refuted twin=refuted  <-- FINDING   (twin witness: a=[0] -> real [0], twin at index 1 outside [0,1))
  r0_s307 x verus [compare-flip]: real=refuted twin=refuted  <-- FINDING   (twin witness: a=[], b=[] -> real [], twin at index 0 outside [0,0))
  r0_s309 x verus [compare-flip]: real=refuted twin=refuted  <-- FINDING   (twin witness: a=[], b=[] -> real [], twin at index 0 outside [0,0))
  r0_s316 x verus [off-by-one]: real=refuted twin=refuted  <-- FINDING   (twin witness: n=2 -> real 1, twin 2)
  r0_s317 x verus [wrong-constant]: real=verified twin=refuted   (twin witness: a=0, b=0 -> real 0, twin 1)
  r0_s32 x verus [wrong-constant#1]: real=refuted twin=refuted  <-- FINDING   (twin witness: x=0 -> real 0, twin -1)
  r0_s320 x verus [wrong-var+nonrefuting]: real=verified twin=verified  <-- FINDING   (twin witness: x=11 -> real 22, twin 11)
  r0_s326 x verus [negate-cond]: real=refuted twin=refuted  <-- FINDING   (twin witness: n=0 -> real 1, twin 16)
  r0_s329 x verus [off-by-one]: real=refuted twin=refuted  <-- FINDING   (twin witness: n=0 -> real -5, twin -6)
  r0_s330 x verus [off-by-one]: real=refuted twin=refuted  <-- FINDING   (twin witness: x=1 -> real 4, twin 5)
  r0_s338 x verus [off-by-one]: real=verified twin=refuted   (twin witness: radius=1, width=0 -> real 2, twin 3)
  r0_s340 x verus [invariant-drop]: real=unproved twin=refuted  <-- FINDING   (twin witness: exit at a=2, y=0, x=0)
  r0_s344 x verus [off-by-one]: real=refuted twin=refuted  <-- FINDING   (twin witness: baseEdge=1, height=1 -> real 3, twin 4)
  r0_s355 x verus [off-by-one]: real=verified twin=refuted   (twin witness: radius=1 -> real 2, twin 3)
  r0_s365 x verus [off-by-one]: real=refuted twin=refuted  <-- FINDING   (twin witness: x=0 -> real 2, twin 3)
  r0_s368 x verus [compare-flip]: real=verified twin=refuted   (twin witness: a=[], b=[] -> real [], twin at index 0 outside [0,0))
  r0_s373 x verus [off-by-one]: real=verified twin=refuted   (twin witness: n=10 -> real 0, twin 10)
  r0_s374 x verus [wrong-constant#1]: real=verified twin=refuted   (twin witness: n=0 -> real 0, twin -1)
  r0_s38 x verus [compare-flip]: real=refuted twin=refuted  <-- FINDING   (twin witness: n=1 -> real 0, twin 1)
  r0_s381 x verus [off-by-one]: real=refuted twin=refuted  <-- FINDING   (twin witness: n=1 -> real 4, twin 5)
  r0_s39 x verus [off-by-one]: real=refuted twin=refuted  <-- FINDING   (twin witness: n=1 -> real 3, twin 4)
  r0_s390 x verus [off-by-one]: real=refuted twin=refuted  <-- FINDING   (twin witness: n=110 -> real 0, twin 110)
  r0_s393 x verus [off-by-one#1]: real=refuted twin=refuted  <-- FINDING   (twin witness: baseEdge=1, height=1 -> real 2, twin 1)
  r0_s395 x verus [off-by-one]: real=refuted twin=refuted  <-- FINDING   (twin witness: n=0 -> real 1, twin 2)
  r0_s4 x verus [compare-flip]: real=refuted twin=refuted  <-- FINDING   (twin witness: x=0, y=1 -> real 6, twin 7)
  r0_s400 x verus [off-by-one#1]: real=verified twin=refuted   (twin witness: n=1 -> real 0, twin 1)
  r0_s402 x verus [off-by-one]: real=refuted twin=refuted  <-- FINDING   (twin witness: n=7 -> real 7, twin 0)
  r0_s406 x verus [off-by-one+nonrefuting]: real=refuted twin=unproved  <-- FINDING   (twin witness: n=2 -> real True, twin False)
  r0_s414 x verus [off-by-one]: real=refuted twin=refuted  <-- FINDING   (twin witness: n=6 -> real 181, twin 211)
  r0_s429 x verus [off-by-one]: real=refuted twin=refuted  <-- FINDING   (twin witness: n=2 -> real 3, twin 4)
  r0_s432 x verus [wrong-var]: real=refuted twin=refuted  <-- FINDING   (twin witness: a=0, b=1 -> real 0, twin 1)
  r0_s437 x verus [off-by-one]: real=refuted twin=refuted  <-- FINDING   (twin witness: n=0 -> real 0, twin 1)
  r0_s441 x verus [off-by-one]: real=refuted twin=refuted  <-- FINDING   (twin witness: n=1 -> real 2, twin 3)
  r0_s45 x verus [off-by-one]: real=verified twin=refuted   (twin witness: l=0, w=1, h=1 -> real 2, twin 3)
  r0_s450 x verus [wrong-var]: real=verified twin=refuted   (twin witness: length=1, width=-1 -> real -1, twin 1)
  r0_s46 x verus [off-by-one]: real=refuted twin=refuted  <-- FINDING   (twin witness: n=6 -> real 181, twin 211)
  r0_s464 x verus [off-by-one#1]: real=refuted twin=refuted  <-- FINDING   (twin witness: n=1 -> real 1, twin 0)
  r0_s466 x verus [boundary-swap]: real=refuted twin=refuted  <-- FINDING   (twin witness: n=1 -> real 1, twin 0)
  r0_s468 x verus [off-by-one]: real=refuted twin=refuted  <-- FINDING   (twin witness: n=0 -> real 1, twin 2)
  r0_s471 x verus [off-by-one]: real=refuted twin=refuted  <-- FINDING   (twin witness: n=1 -> real 6, twin 7)
  r0_s472 x verus [off-by-one]: real=refuted twin=refuted  <-- FINDING   (twin witness: n=1 -> real 0, twin -1)
  r0_s484 x verus [collapse-if]: real=verified twin=refuted   (twin witness: a=0, b=1 -> real 1, twin 0)
  r0_s485 x verus [compare-flip]: real=verified twin=refuted   (twin witness: a=[], b=[] -> real [], twin at index 0 outside [0,0))
  r0_s491 x verus [compare-flip]: real=refuted twin=refuted  <-- FINDING   (twin witness: a=[], b=[] -> real [], twin at index 0 outside [0,0))
  r0_s495 x verus [off-by-one]: real=verified twin=refuted   (twin witness: n=0 -> real -1, twin -2)
  r0_s50 x verus [compare-flip]: real=refuted twin=refuted  <-- FINDING   (twin witness: n=0 -> real 0, twin 3)
  r0_s58 x verus [compare-flip]: real=refuted twin=refuted  <-- FINDING   (twin witness: n=0 -> real 0, twin 1)
  r0_s61 x verus [compare-flip]: real=unproved twin=refuted  <-- FINDING   (twin witness: n=0 -> real 0, twin 1)
  r0_s62 x verus [off-by-one]: real=refuted twin=refuted  <-- FINDING   (twin witness: n=11 -> real True, twin False)
  r0_s65 x verus [negate-cond+nonrefuting]: real=verified twin=unproved  <-- FINDING   (twin witness: x=-2 -> real 2, twin 0)
  r0_s69 x verus [compare-flip]: real=unproved twin=refuted  <-- FINDING   (twin witness: a=[], b=[] -> real [], twin at index 0 outside [0,0))
  r0_s7 x verus [off-by-one#2]: real=verified twin=refuted   (twin witness: x=1 -> real 3, twin 4)
  r0_s74 x verus [off-by-one]: real=refuted twin=refuted  <-- FINDING   (twin witness: n=1 -> real 2, twin 3)
  r0_s79 x verus [off-by-one]: real=refuted twin=refuted  <-- FINDING   (twin witness: a=[0] -> real [0], twin at index 1 outside [0,1))
  r0_s84 x verus [off-by-one]: real=refuted twin=refuted  <-- FINDING   (twin witness: x=0, y=0 -> real 1, twin 2)
  r0_s89 x verus [off-by-one]: real=refuted twin=refuted  <-- FINDING   (twin witness: baseEdge=-1, height=1 -> real -2, twin -3)
  r0_s92 x verus [wrong-operator]: real=verified twin=refuted   (twin witness: x=0 -> real 1, twin -1)
  r0_s94 x verus [wrong-var]: real=verified twin=refuted   (twin witness: length=0, width=1 -> real 0, twin 1)
  r0_s108 x spark [off-by-one]: real=refuted twin=refuted  <-- FINDING   (twin witness: n=1 -> real 1, twin 2)
  r0_s104 x spark [off-by-one]: real=refuted twin=refuted  <-- FINDING   (twin witness: i=1, k=1 -> real 3, twin 4)
  r0_s119 x spark [compare-flip]: real=refuted twin=refuted  <-- FINDING   (twin witness: a=[0] -> real 0, twin at index 1 outside [0,1))
  r0_s12 x spark [off-by-one]: real=refuted twin=refuted  <-- FINDING   (twin witness: baseEdge=1, height=1 -> real 7, twin 8)
  r0_s117 x spark [compare-flip]: real=refuted twin=refuted  <-- FINDING   (twin witness: a=[0], b=[1] -> real [], twin at index 1 outside [0,1))
  r0_s125 x spark [collapse-if+nonrefuting]: real=verified twin=verified  <-- FINDING   (twin witness: x=1 -> real 1, twin -1)
  r0_s126 x spark [boundary-swap]: real=refuted twin=refuted  <-- FINDING   (twin witness: x=1, y=1 -> real 1, twin 0)
  r0_s131 x spark [off-by-one]: real=verified twin=refuted   (twin witness: humanYears=1 -> real 7, twin 8)
  r0_s121 x spark [compare-flip]: real=refuted twin=refuted  <-- FINDING   (twin witness: a=[], b=[] -> real [], twin at index 0 outside [0,0))
  r0_s132 x spark [collapse-if]: real=verified twin=refuted   (twin witness: a=0, b=1 -> real 1, twin 0)
  r0_s153 x spark [collapse-if]: real=verified twin=refuted   (twin witness: costPrice=0, sellingPrice=1 -> real 0, twin -1)
  r0_s159 x spark [off-by-one]: real=refuted twin=refuted  <-- FINDING   (twin witness: n=1 -> real 0, twin 1)
  r0_s166 x spark [collapse-if]: real=refuted twin=refuted  <-- FINDING   (twin witness: x=1 -> real 1, twin 2)
  r0_s167 x spark [off-by-one]: real=verified twin=refuted   (twin witness: l=0, w=1, h=1 -> real 2, twin 3)
  r0_s168 x spark [wrong-var]: real=verified twin=refuted   (twin witness: length=1, width=-1 -> real -1, twin 1)
  r0_s174 x spark [compare-flip]: real=refuted twin=refuted  <-- FINDING   (twin witness: a=[], b=[] -> real [], twin at index 0 outside [0,0))
  r0_s140 x spark [compare-flip]: real=refuted twin=refuted  <-- FINDING   (twin witness: a=[], b=[] -> real [], twin at index 0 outside [0,0))
  r0_s177 x spark [wrong-var]: real=verified twin=refuted   (twin witness: length=0, width=1 -> real 0, twin 1)
  r0_s180 x spark [off-by-one]: real=verified twin=refuted   (twin witness: x=6 -> real 18, twin 24)
  r0_s197 x spark [off-by-one]: real=verified twin=refuted   (twin witness: n=0 -> real 1, twin 2)
  r0_s199 x spark [compare-flip]: real=vacuous twin=vacuous  <-- FINDING   (twin witness: n=0 -> real 1, twin 2)
  r0_s204 x spark [off-by-one]: real=verified twin=refuted   (twin witness:  -> real 29, twin 30)
  r0_s216 x spark [wrong-operator]: real=verified twin=refuted   (twin witness: x=0 -> real 1, twin -1)
  r0_s221 x spark [off-by-one]: real=refuted twin=refuted  <-- FINDING   (twin witness: n=2 -> real 7, twin 11)
  r0_s223 x spark [wrong-var]: real=verified twin=refuted   (twin witness: length=-1, width=1 -> real -1, twin 1)
  r0_s225 x spark [off-by-one#1]: real=refuted twin=refuted  <-- FINDING   (twin witness: baseEdge=1, height=1 -> real 2, twin 1)
  r0_s229 x spark [off-by-one]: real=refuted twin=refuted  <-- FINDING   (twin witness: x=1 -> real 4, twin 5)
  r0_s239 x spark [off-by-one]: real=verified twin=refuted   (twin witness: baseEdge=1, height=1 -> real 3, twin 4)
  r0_s190 x spark [compare-flip]: real=refuted twin=refuted  <-- FINDING   (twin witness: a=[], b=[] -> real [], twin at index 0 outside [0,0))
  r0_s24 x spark [boundary-swap]: real=refuted twin=refuted  <-- FINDING   (twin witness: n=1 -> real 1, twin 0)
  r0_s250 x spark [off-by-one]: real=verified twin=refuted   (twin witness: s=[1, 1] -> real 3, twin 4)
  r0_s254 x spark [off-by-one]: real=verified twin=refuted   (twin witness: val=1 -> real 2, twin 3)
  r0_s25 x spark [compare-flip]: real=timeout twin=refuted  <-- FINDING   (twin witness: a=[], b=[] -> real [], twin at index 0 outside [0,0))
  r0_s256 x spark [off-by-one#6]: real=refuted twin=refuted  <-- FINDING   (twin witness: x=1 -> real [2, 4], twin [3, 6])
  r0_s261 x spark [wrong-var]: real=verified twin=refuted   (twin witness: a=0, b=1, c=0 -> real 1, twin 2)
  r0_s262 x spark [wrong-constant]: real=refuted twin=refuted  <-- FINDING   (twin witness: x=0, y=0 -> real 0, twin 1)
  r0_s267 x spark [wrong-constant#1]: real=refuted twin=refuted  <-- FINDING   (twin witness: a=1, b=2 -> real 1, twin 0)
  r0_s268 x spark [off-by-one]: real=verified twin=refuted   (twin witness: a=1, b=1 -> real 1, twin 0)
  r0_s269 x spark [off-by-one]: real=verified twin=refuted   (twin witness: n=2 -> real 3, twin 4)
  r0_s271 x spark [off-by-one]: real=refuted twin=refuted  <-- FINDING   (twin witness: n=1 -> real 6, twin 7)
  r0_s274 x spark [off-by-one]: real=verified twin=refuted   (twin witness: n=0 -> real -1, twin -2)
  r0_s276 x spark [off-by-one]: real=refuted twin=refuted  <-- FINDING   (twin witness: n=6 -> real 181, twin 211)
  r0_s287 x spark [collapse-if]: real=verified twin=refuted   (twin witness: let=0, match=1 -> real 1, twin 0)
  r0_s289 x spark [off-by-one]: real=refuted twin=refuted  <-- FINDING   (twin witness: baseEdge=1, height=0 -> real 3, twin 4)
  r0_s293 x spark [off-by-one#2]: real=verified twin=refuted   (twin witness: x=1 -> real 3, twin 4)
  r0_s295 x spark [compare-flip]: real=refuted twin=refuted  <-- FINDING   (twin witness: x=0, y=1 -> real 0, twin 1)
  r0_s285 x spark [compare-flip]: real=timeout twin=refuted  <-- FINDING   (twin witness: a=[], b=[] -> real [], twin at index 0 outside [0,0))
  r0_s298 x spark [collapse-if]: real=refuted twin=refuted  <-- FINDING   (twin witness: x=1, y=0 -> real 1, twin -1)
  r0_s30 x spark [compare-flip]: real=refuted twin=refuted  <-- FINDING   (twin witness: a=[0] -> real 1, twin at index 1 outside [0,1))
  r0_s297 x spark [compare-flip]: real=verified twin=refuted   (twin witness: a=[], b=[] -> real [], twin at index 0 outside [0,0))
  r0_s306 x spark [off-by-one]: real=refuted twin=refuted  <-- FINDING   (twin witness: a=[0] -> real [0], twin at index 1 outside [0,1))
  r0_s307 x spark [compare-flip]: real=refuted twin=refuted  <-- FINDING   (twin witness: a=[], b=[] -> real [], twin at index 0 outside [0,0))
  r0_s316 x spark [off-by-one]: real=refuted twin=refuted  <-- FINDING   (twin witness: n=2 -> real 1, twin 2)
  r0_s317 x spark [wrong-constant]: real=verified twin=refuted   (twin witness: a=0, b=0 -> real 0, twin 1)
  r0_s309 x spark [compare-flip]: real=timeout twin=refuted  <-- FINDING   (twin witness: a=[], b=[] -> real [], twin at index 0 outside [0,0))
  r0_s32 x spark [wrong-constant#1]: real=refuted twin=refuted  <-- FINDING   (twin witness: x=0 -> real 0, twin -1)
  r0_s326 x spark [negate-cond]: real=refuted twin=refuted  <-- FINDING   (twin witness: n=0 -> real 1, twin 16)
  r0_s320 x spark [wrong-var+nonrefuting]: real=verified twin=verified  <-- FINDING   (twin witness: x=11 -> real 22, twin 11)
  r0_s329 x spark [off-by-one]: real=refuted twin=refuted  <-- FINDING   (twin witness: n=0 -> real -5, twin -6)
  r0_s330 x spark [off-by-one]: real=refuted twin=refuted  <-- FINDING   (twin witness: x=1 -> real 4, twin 5)
  r0_s338 x spark [off-by-one]: real=verified twin=refuted   (twin witness: radius=1, width=0 -> real 2, twin 3)
  r0_s344 x spark [off-by-one]: real=refuted twin=refuted  <-- FINDING   (twin witness: baseEdge=1, height=1 -> real 3, twin 4)
  r0_s340 x spark [invariant-drop]: real=unproved twin=refuted  <-- FINDING   (twin witness: exit at a=2, y=0, x=0)
  r0_s365 x spark [off-by-one]: real=refuted twin=refuted  <-- FINDING   (twin witness: x=0 -> real 2, twin 3)
  r0_s355 x spark [off-by-one]: real=verified twin=refuted   (twin witness: radius=1 -> real 2, twin 3)
  r0_s373 x spark [off-by-one]: real=verified twin=refuted   (twin witness: n=10 -> real 0, twin 10)
  r0_s374 x spark [wrong-constant#1]: real=verified twin=refuted   (twin witness: n=0 -> real 0, twin -1)
  r0_s38 x spark [compare-flip]: real=refuted twin=refuted  <-- FINDING   (twin witness: n=1 -> real 0, twin 1)
  r0_s381 x spark [off-by-one]: real=refuted twin=refuted  <-- FINDING   (twin witness: n=1 -> real 4, twin 5)
  r0_s39 x spark [off-by-one]: real=refuted twin=refuted  <-- FINDING   (twin witness: n=1 -> real 3, twin 4)
  r0_s390 x spark [off-by-one]: real=refuted twin=refuted  <-- FINDING   (twin witness: n=110 -> real 0, twin 110)
  r0_s393 x spark [off-by-one#1]: real=refuted twin=refuted  <-- FINDING   (twin witness: baseEdge=1, height=1 -> real 2, twin 1)
  r0_s368 x spark [compare-flip]: real=verified twin=refuted   (twin witness: a=[], b=[] -> real [], twin at index 0 outside [0,0))
  r0_s4 x spark [compare-flip]: real=refuted twin=refuted  <-- FINDING   (twin witness: x=0, y=1 -> real 6, twin 7)
  r0_s400 x spark [off-by-one#1]: real=verified twin=refuted   (twin witness: n=1 -> real 0, twin 1)
  r0_s395 x spark [off-by-one]: real=refuted twin=refuted  <-- FINDING   (twin witness: n=0 -> real 1, twin 2)
  r0_s402 x spark [off-by-one]: real=refuted twin=refuted  <-- FINDING   (twin witness: n=7 -> real 7, twin 0)
  r0_s406 x spark [off-by-one+nonrefuting]: real=refuted twin=timeout  <-- FINDING   (twin witness: n=2 -> real True, twin False)
  r0_s414 x spark [off-by-one]: real=refuted twin=refuted  <-- FINDING   (twin witness: n=6 -> real 181, twin 211)
  r0_s429 x spark [off-by-one]: real=refuted twin=refuted  <-- FINDING   (twin witness: n=2 -> real 3, twin 4)
  r0_s432 x spark [wrong-var]: real=refuted twin=refuted  <-- FINDING   (twin witness: a=0, b=1 -> real 0, twin 1)
  r0_s441 x spark [off-by-one]: real=refuted twin=refuted  <-- FINDING   (twin witness: n=1 -> real 2, twin 3)
  r0_s437 x spark [off-by-one]: real=refuted twin=vacuous  <-- FINDING   (twin witness: n=0 -> real 0, twin 1)
  r0_s45 x spark [off-by-one]: real=verified twin=refuted   (twin witness: l=0, w=1, h=1 -> real 2, twin 3)
  r0_s450 x spark [wrong-var]: real=verified twin=refuted   (twin witness: length=1, width=-1 -> real -1, twin 1)
  r0_s46 x spark [off-by-one]: real=refuted twin=refuted  <-- FINDING   (twin witness: n=6 -> real 181, twin 211)
  r0_s464 x spark [off-by-one#1]: real=refuted twin=refuted  <-- FINDING   (twin witness: n=1 -> real 1, twin 0)
  r0_s466 x spark [boundary-swap]: real=refuted twin=refuted  <-- FINDING   (twin witness: n=1 -> real 1, twin 0)
  r0_s471 x spark [off-by-one]: real=refuted twin=refuted  <-- FINDING   (twin witness: n=1 -> real 6, twin 7)
  r0_s468 x spark [off-by-one]: real=refuted twin=refuted  <-- FINDING   (twin witness: n=0 -> real 1, twin 2)
  r0_s472 x spark [off-by-one]: real=refuted twin=refuted  <-- FINDING   (twin witness: n=1 -> real 0, twin -1)
  r0_s484 x spark [collapse-if]: real=verified twin=refuted   (twin witness: a=0, b=1 -> real 1, twin 0)
  r0_s491 x spark [compare-flip]: real=refuted twin=refuted  <-- FINDING   (twin witness: a=[], b=[] -> real [], twin at index 0 outside [0,0))
  r0_s495 x spark [off-by-one]: real=verified twin=refuted   (twin witness: n=0 -> real -1, twin -2)
  r0_s485 x spark [compare-flip]: real=verified twin=refuted   (twin witness: a=[], b=[] -> real [], twin at index 0 outside [0,0))
  r0_s50 x spark [compare-flip]: real=refuted twin=refuted  <-- FINDING   (twin witness: n=0 -> real 0, twin 3)
  r0_s61 x spark [compare-flip]: real=timeout twin=refuted  <-- FINDING   (twin witness: n=0 -> real 0, twin 1)
  r0_s58 x spark [compare-flip]: real=refuted twin=refuted  <-- FINDING   (twin witness: n=0 -> real 0, twin 1)
  r0_s62 x spark [off-by-one]: real=refuted twin=refuted  <-- FINDING   (twin witness: n=11 -> real True, twin False)
  r0_s65 x spark [negate-cond+nonrefuting]: real=verified twin=refuted   (twin witness: x=-2 -> real 2, twin 0)
  r0_s7 x spark [off-by-one#2]: real=verified twin=refuted   (twin witness: x=1 -> real 3, twin 4)
  r0_s74 x spark [off-by-one]: real=refuted twin=refuted  <-- FINDING   (twin witness: n=1 -> real 2, twin 3)
  r0_s69 x spark [compare-flip]: real=timeout twin=refuted  <-- FINDING   (twin witness: a=[], b=[] -> real [], twin at index 0 outside [0,0))
  r0_s79 x spark [off-by-one]: real=refuted twin=refuted  <-- FINDING   (twin witness: a=[0] -> real [0], twin at index 1 outside [0,1))
  r0_s84 x spark [off-by-one]: real=refuted twin=refuted  <-- FINDING   (twin witness: x=0, y=0 -> real 1, twin 2)
  r0_s89 x spark [off-by-one]: real=refuted twin=refuted  <-- FINDING   (twin witness: baseEdge=-1, height=1 -> real -2, twin -3)
  r0_s92 x spark [wrong-operator]: real=verified twin=refuted   (twin witness: x=0 -> real 1, twin -1)
  r0_s94 x spark [wrong-var]: real=verified twin=refuted   (twin witness: length=0, width=1 -> real 0, twin 1)
  r0_s104 x framac [off-by-one]: real=refuted twin=refuted  <-- FINDING   (twin witness: i=1, k=1 -> real 3, twin 4)
  r0_s108 x framac [off-by-one]: real=refuted twin=refuted  <-- FINDING   (twin witness: n=1 -> real 1, twin 2)
  r0_s119 x framac [compare-flip]: real=refuted twin=refuted  <-- FINDING   (twin witness: a=[0] -> real 0, twin at index 1 outside [0,1))
  r0_s117 x framac [compare-flip]: real=refuted twin=refuted  <-- FINDING   (twin witness: a=[0], b=[1] -> real [], twin at index 1 outside [0,1))
  r0_s12 x framac [off-by-one]: real=refuted twin=refuted  <-- FINDING   (twin witness: baseEdge=1, height=1 -> real 7, twin 8)
  r0_s125 x framac [collapse-if+nonrefuting]: real=verified twin=verified  <-- FINDING   (twin witness: x=1 -> real 1, twin -1)
  r0_s121 x framac [compare-flip]: real=refuted twin=refuted  <-- FINDING   (twin witness: a=[], b=[] -> real [], twin at index 0 outside [0,0))
  r0_s126 x framac [boundary-swap]: real=refuted twin=refuted  <-- FINDING   (twin witness: x=1, y=1 -> real 1, twin 0)
  r0_s131 x framac [off-by-one]: real=verified twin=refuted   (twin witness: humanYears=1 -> real 7, twin 8)
  r0_s132 x framac [collapse-if]: real=verified twin=refuted   (twin witness: a=0, b=1 -> real 1, twin 0)
  r0_s153 x framac [collapse-if]: real=verified twin=refuted   (twin witness: costPrice=0, sellingPrice=1 -> real 0, twin -1)
  r0_s159 x framac [off-by-one]: real=refuted twin=refuted  <-- FINDING   (twin witness: n=1 -> real 0, twin 1)
  r0_s166 x framac [collapse-if]: real=refuted twin=refuted  <-- FINDING   (twin witness: x=1 -> real 1, twin 2)
  r0_s167 x framac [off-by-one]: real=verified twin=refuted   (twin witness: l=0, w=1, h=1 -> real 2, twin 3)
  r0_s168 x framac [wrong-var]: real=verified twin=refuted   (twin witness: length=1, width=-1 -> real -1, twin 1)
  r0_s174 x framac [compare-flip]: real=refuted twin=refuted  <-- FINDING   (twin witness: a=[], b=[] -> real [], twin at index 0 outside [0,0))
  r0_s177 x framac [wrong-var]: real=verified twin=refuted   (twin witness: length=0, width=1 -> real 0, twin 1)
  r0_s180 x framac [off-by-one]: real=verified twin=refuted   (twin witness: x=6 -> real 18, twin 24)
  r0_s140 x framac [compare-flip]: real=refuted twin=refuted  <-- FINDING   (twin witness: a=[], b=[] -> real [], twin at index 0 outside [0,0))
  r0_s190 x framac [compare-flip]: real=refuted twin=refuted  <-- FINDING   (twin witness: a=[], b=[] -> real [], twin at index 0 outside [0,0))
  r0_s199 x framac [compare-flip]: real=refuted twin=refuted  <-- FINDING   (twin witness: n=0 -> real 1, twin 2)
  r0_s197 x framac [off-by-one]: real=verified twin=refuted   (twin witness: n=0 -> real 1, twin 2)
  r0_s216 x framac [wrong-operator]: real=verified twin=refuted   (twin witness: x=0 -> real 1, twin -1)
  r0_s204 x framac [off-by-one]: real=verified twin=refuted   (twin witness:  -> real 29, twin 30)
  r0_s221 x framac [off-by-one]: real=refuted twin=refuted  <-- FINDING   (twin witness: n=2 -> real 7, twin 11)
  r0_s223 x framac [wrong-var]: real=verified twin=refuted   (twin witness: length=-1, width=1 -> real -1, twin 1)
  r0_s229 x framac [off-by-one]: real=refuted twin=refuted  <-- FINDING   (twin witness: x=1 -> real 4, twin 5)
  r0_s225 x framac [off-by-one#1]: real=refuted twin=refuted  <-- FINDING   (twin witness: baseEdge=1, height=1 -> real 2, twin 1)
  r0_s239 x framac [off-by-one]: real=verified twin=refuted   (twin witness: baseEdge=1, height=1 -> real 3, twin 4)
  r0_s25 x framac [compare-flip]: real=timeout twin=refuted  <-- FINDING   (twin witness: a=[], b=[] -> real [], twin at index 0 outside [0,0))
  r0_s250 x framac [off-by-one]: real=verified twin=refuted   (twin witness: s=[1, 1] -> real 3, twin 4)
  r0_s254 x framac [off-by-one]: real=verified twin=refuted   (twin witness: val=1 -> real 2, twin 3)
  r0_s24 x framac [boundary-swap]: real=refuted twin=refuted  <-- FINDING   (twin witness: n=1 -> real 1, twin 0)
  r0_s261 x framac [wrong-var]: real=verified twin=refuted   (twin witness: a=0, b=1, c=0 -> real 1, twin 2)
  r0_s256 x framac [off-by-one#6]: real=refuted twin=refuted  <-- FINDING   (twin witness: x=1 -> real [2, 4], twin [3, 6])
  r0_s262 x framac [wrong-constant]: real=refuted twin=refuted  <-- FINDING   (twin witness: x=0, y=0 -> real 0, twin 1)
  r0_s267 x framac [wrong-constant#1]: real=refuted twin=refuted  <-- FINDING   (twin witness: a=1, b=2 -> real 1, twin 0)
  r0_s268 x framac [off-by-one]: real=verified twin=refuted   (twin witness: a=1, b=1 -> real 1, twin 0)
  r0_s269 x framac [off-by-one]: real=verified twin=refuted   (twin witness: n=2 -> real 3, twin 4)
  r0_s271 x framac [off-by-one]: real=refuted twin=refuted  <-- FINDING   (twin witness: n=1 -> real 6, twin 7)
  r0_s274 x framac [off-by-one]: real=verified twin=refuted   (twin witness: n=0 -> real -1, twin -2)
  r0_s276 x framac [off-by-one]: real=refuted twin=refuted  <-- FINDING   (twin witness: n=6 -> real 181, twin 211)
  r0_s287 x framac [collapse-if]: real=verified twin=refuted   (twin witness: let=0, match=1 -> real 1, twin 0)
  r0_s285 x framac [compare-flip]: real=timeout twin=refuted  <-- FINDING   (twin witness: a=[], b=[] -> real [], twin at index 0 outside [0,0))
  r0_s289 x framac [off-by-one]: real=refuted twin=refuted  <-- FINDING   (twin witness: baseEdge=1, height=0 -> real 3, twin 4)
  r0_s293 x framac [off-by-one#2]: real=verified twin=refuted   (twin witness: x=1 -> real 3, twin 4)
  r0_s295 x framac [compare-flip]: real=refuted twin=refuted  <-- FINDING   (twin witness: x=0, y=1 -> real 0, twin 1)
  r0_s297 x framac [compare-flip]: real=verified twin=refuted   (twin witness: a=[], b=[] -> real [], twin at index 0 outside [0,0))
  r0_s298 x framac [collapse-if]: real=refuted twin=refuted  <-- FINDING   (twin witness: x=1, y=0 -> real 1, twin -1)
  r0_s30 x framac [compare-flip]: real=refuted twin=refuted  <-- FINDING   (twin witness: a=[0] -> real 1, twin at index 1 outside [0,1))
  r0_s307 x framac [compare-flip]: real=refuted twin=refuted  <-- FINDING   (twin witness: a=[], b=[] -> real [], twin at index 0 outside [0,0))
  r0_s306 x framac [off-by-one]: real=refuted twin=refuted  <-- FINDING   (twin witness: a=[0] -> real [0], twin at index 1 outside [0,1))
  r0_s309 x framac [compare-flip]: real=refuted twin=refuted  <-- FINDING   (twin witness: a=[], b=[] -> real [], twin at index 0 outside [0,0))
  r0_s317 x framac [wrong-constant]: real=verified twin=refuted   (twin witness: a=0, b=0 -> real 0, twin 1)
  r0_s32 x framac [wrong-constant#1]: real=refuted twin=refuted  <-- FINDING   (twin witness: x=0 -> real 0, twin -1)
  r0_s316 x framac [off-by-one]: real=refuted twin=refuted  <-- FINDING   (twin witness: n=2 -> real 1, twin 2)
  r0_s320 x framac [wrong-var+nonrefuting]: real=verified twin=verified  <-- FINDING   (twin witness: x=11 -> real 22, twin 11)
  r0_s329 x framac [off-by-one]: real=refuted twin=refuted  <-- FINDING   (twin witness: n=0 -> real -5, twin -6)
  r0_s326 x framac [negate-cond]: real=refuted twin=refuted  <-- FINDING   (twin witness: n=0 -> real 1, twin 16)
  r0_s338 x framac [off-by-one]: real=verified twin=refuted   (twin witness: radius=1, width=0 -> real 2, twin 3)
  r0_s330 x framac [off-by-one]: real=refuted twin=refuted  <-- FINDING   (twin witness: x=1 -> real 4, twin 5)
  r0_s344 x framac [off-by-one]: real=refuted twin=refuted  <-- FINDING   (twin witness: baseEdge=1, height=1 -> real 3, twin 4)
  r0_s355 x framac [off-by-one]: real=verified twin=refuted   (twin witness: radius=1 -> real 2, twin 3)
  r0_s340 x framac [invariant-drop]: real=unproved twin=refuted  <-- FINDING   (twin witness: exit at a=2, y=0, x=0)
  r0_s365 x framac [off-by-one]: real=refuted twin=refuted  <-- FINDING   (twin witness: x=0 -> real 2, twin 3)
  r0_s368 x framac [compare-flip]: real=verified twin=refuted   (twin witness: a=[], b=[] -> real [], twin at index 0 outside [0,0))
  r0_s373 x framac [off-by-one]: real=verified twin=refuted   (twin witness: n=10 -> real 0, twin 10)
  r0_s374 x framac [wrong-constant#1]: real=verified twin=refuted   (twin witness: n=0 -> real 0, twin -1)
  r0_s38 x framac [compare-flip]: real=refuted twin=refuted  <-- FINDING   (twin witness: n=1 -> real 0, twin 1)
  r0_s381 x framac [off-by-one]: real=refuted twin=refuted  <-- FINDING   (twin witness: n=1 -> real 4, twin 5)
  r0_s39 x framac [off-by-one]: real=refuted twin=refuted  <-- FINDING   (twin witness: n=1 -> real 3, twin 4)
  r0_s390 x framac [off-by-one]: real=refuted twin=refuted  <-- FINDING   (twin witness: n=110 -> real 0, twin 110)
  r0_s395 x framac [off-by-one]: real=refuted twin=refuted  <-- FINDING   (twin witness: n=0 -> real 1, twin 2)
  r0_s4 x framac [compare-flip]: real=refuted twin=refuted  <-- FINDING   (twin witness: x=0, y=1 -> real 6, twin 7)
  r0_s393 x framac [off-by-one#1]: real=refuted twin=refuted  <-- FINDING   (twin witness: baseEdge=1, height=1 -> real 2, twin 1)
  r0_s400 x framac [off-by-one#1]: real=verified twin=refuted   (twin witness: n=1 -> real 0, twin 1)
  r0_s402 x framac [off-by-one]: real=refuted twin=refuted  <-- FINDING   (twin witness: n=7 -> real 7, twin 0)
  r0_s414 x framac [off-by-one]: real=refuted twin=refuted  <-- FINDING   (twin witness: n=6 -> real 181, twin 211)
  r0_s406 x framac [off-by-one+nonrefuting]: real=refuted twin=timeout  <-- FINDING   (twin witness: n=2 -> real True, twin False)
  r0_s429 x framac [off-by-one]: real=refuted twin=refuted  <-- FINDING   (twin witness: n=2 -> real 3, twin 4)
  r0_s432 x framac [wrong-var]: real=refuted twin=refuted  <-- FINDING   (twin witness: a=0, b=1 -> real 0, twin 1)
  r0_s437 x framac [off-by-one]: real=refuted twin=refuted  <-- FINDING   (twin witness: n=0 -> real 0, twin 1)
  r0_s441 x framac [off-by-one]: real=refuted twin=refuted  <-- FINDING   (twin witness: n=1 -> real 2, twin 3)
  r0_s450 x framac [wrong-var]: real=verified twin=refuted   (twin witness: length=1, width=-1 -> real -1, twin 1)
  r0_s46 x framac [off-by-one]: real=refuted twin=refuted  <-- FINDING   (twin witness: n=6 -> real 181, twin 211)
  r0_s464 x framac [off-by-one#1]: real=refuted twin=refuted  <-- FINDING   (twin witness: n=1 -> real 1, twin 0)
  r0_s45 x framac [off-by-one]: real=verified twin=refuted   (twin witness: l=0, w=1, h=1 -> real 2, twin 3)
  r0_s466 x framac [boundary-swap]: real=refuted twin=refuted  <-- FINDING   (twin witness: n=1 -> real 1, twin 0)
  r0_s471 x framac [off-by-one]: real=refuted twin=refuted  <-- FINDING   (twin witness: n=1 -> real 6, twin 7)
  r0_s472 x framac [off-by-one]: real=refuted twin=refuted  <-- FINDING   (twin witness: n=1 -> real 0, twin -1)
  r0_s484 x framac [collapse-if]: real=verified twin=refuted   (twin witness: a=0, b=1 -> real 1, twin 0)
  r0_s468 x framac [off-by-one]: real=refuted twin=refuted  <-- FINDING   (twin witness: n=0 -> real 1, twin 2)
  r0_s485 x framac [compare-flip]: real=verified twin=refuted   (twin witness: a=[], b=[] -> real [], twin at index 0 outside [0,0))
  r0_s495 x framac [off-by-one]: real=verified twin=refuted   (twin witness: n=0 -> real -1, twin -2)
  r0_s491 x framac [compare-flip]: real=refuted twin=refuted  <-- FINDING   (twin witness: a=[], b=[] -> real [], twin at index 0 outside [0,0))
  r0_s58 x framac [compare-flip]: real=refuted twin=refuted  <-- FINDING   (twin witness: n=0 -> real 0, twin 1)
  r0_s50 x framac [compare-flip]: real=refuted twin=refuted  <-- FINDING   (twin witness: n=0 -> real 0, twin 3)
  r0_s62 x framac [off-by-one]: real=refuted twin=refuted  <-- FINDING   (twin witness: n=11 -> real True, twin False)
  r0_s61 x framac [compare-flip]: real=timeout twin=refuted  <-- FINDING   (twin witness: n=0 -> real 0, twin 1)
  r0_s65 x framac [negate-cond+nonrefuting]: real=verified twin=timeout  <-- FINDING   (twin witness: x=-2 -> real 2, twin 0)
  r0_s7 x framac [off-by-one#2]: real=verified twin=refuted   (twin witness: x=1 -> real 3, twin 4)
  r0_s69 x framac [compare-flip]: real=refuted twin=refuted  <-- FINDING   (twin witness: a=[], b=[] -> real [], twin at index 0 outside [0,0))
  r0_s79 x framac [off-by-one]: real=refuted twin=refuted  <-- FINDING   (twin witness: a=[0] -> real [0], twin at index 1 outside [0,1))
  r0_s84 x framac [off-by-one]: real=refuted twin=refuted  <-- FINDING   (twin witness: x=0, y=0 -> real 1, twin 2)
  r0_s74 x framac [off-by-one]: real=refuted twin=refuted  <-- FINDING   (twin witness: n=1 -> real 2, twin 3)
  r0_s92 x framac [wrong-operator]: real=verified twin=refuted   (twin witness: x=0 -> real 1, twin -1)
  r0_s89 x framac [off-by-one]: real=refuted twin=refuted  <-- FINDING   (twin witness: baseEdge=-1, height=1 -> real -2, twin -3)
  r0_s94 x framac [wrong-var]: real=verified twin=refuted   (twin witness: length=0, width=1 -> real 0, twin 1)
  r0_s108 x lean [off-by-one]: real=refuted twin=refuted  <-- FINDING   (twin witness: n=1 -> real 1, twin 2)
  r0_s104 x lean [off-by-one]: real=refuted twin=refuted  <-- FINDING   (twin witness: i=1, k=1 -> real 3, twin 4)
  r0_s119 x lean [compare-flip]: real=refuted twin=refuted  <-- FINDING   (twin witness: a=[0] -> real 0, twin at index 1 outside [0,1))
  r0_s12 x lean [off-by-one]: real=refuted twin=refuted  <-- FINDING   (twin witness: baseEdge=1, height=1 -> real 7, twin 8)
  r0_s121 x lean [compare-flip]: real=refuted twin=refuted  <-- FINDING   (twin witness: a=[], b=[] -> real [], twin at index 0 outside [0,0))
  r0_s117 x lean [compare-flip]: real=refuted twin=refuted  <-- FINDING   (twin witness: a=[0], b=[1] -> real [], twin at index 1 outside [0,1))
  r0_s125 x lean [collapse-if+nonrefuting]: real=verified twin=verified  <-- FINDING   (twin witness: x=1 -> real 1, twin -1)
  r0_s126 x lean [boundary-swap]: real=refuted twin=refuted  <-- FINDING   (twin witness: x=1, y=1 -> real 1, twin 0)
  r0_s131 x lean [off-by-one]: real=verified twin=refuted   (twin witness: humanYears=1 -> real 7, twin 8)
  r0_s132 x lean [collapse-if]: real=verified twin=refuted   (twin witness: a=0, b=1 -> real 1, twin 0)
  r0_s153 x lean [collapse-if]: real=verified twin=refuted   (twin witness: costPrice=0, sellingPrice=1 -> real 0, twin -1)
  r0_s159 x lean [off-by-one]: real=refuted twin=refuted  <-- FINDING   (twin witness: n=1 -> real 0, twin 1)
  r0_s140 x lean [compare-flip]: real=refuted twin=refuted  <-- FINDING   (twin witness: a=[], b=[] -> real [], twin at index 0 outside [0,0))
  r0_s166 x lean [collapse-if]: real=refuted twin=refuted  <-- FINDING   (twin witness: x=1 -> real 1, twin 2)
  r0_s167 x lean [off-by-one]: real=verified twin=refuted   (twin witness: l=0, w=1, h=1 -> real 2, twin 3)
  r0_s168 x lean [wrong-var]: real=verified twin=refuted   (twin witness: length=1, width=-1 -> real -1, twin 1)
  r0_s177 x lean [wrong-var]: real=verified twin=refuted   (twin witness: length=0, width=1 -> real 0, twin 1)
  r0_s180 x lean [off-by-one]: real=verified twin=refuted   (twin witness: x=6 -> real 18, twin 24)
  r0_s174 x lean [compare-flip]: real=refuted twin=refuted  <-- FINDING   (twin witness: a=[], b=[] -> real [], twin at index 0 outside [0,0))
  r0_s197 x lean [off-by-one]: real=verified twin=refuted   (twin witness: n=0 -> real 1, twin 2)
  r0_s199 x lean [compare-flip]: real=refuted twin=refuted  <-- FINDING   (twin witness: n=0 -> real 1, twin 2)
  r0_s204 x lean [off-by-one]: real=verified twin=refuted   (twin witness:  -> real 29, twin 30)
  r0_s190 x lean [compare-flip]: real=refuted twin=refuted  <-- FINDING   (twin witness: a=[], b=[] -> real [], twin at index 0 outside [0,0))
  r0_s216 x lean [wrong-operator]: real=verified twin=refuted   (twin witness: x=0 -> real 1, twin -1)
  r0_s223 x lean [wrong-var]: real=verified twin=refuted   (twin witness: length=-1, width=1 -> real -1, twin 1)
  r0_s221 x lean [off-by-one]: real=refuted twin=refuted  <-- FINDING   (twin witness: n=2 -> real 7, twin 11)
  r0_s229 x lean [off-by-one]: real=refuted twin=refuted  <-- FINDING   (twin witness: x=1 -> real 4, twin 5)
  r0_s225 x lean [off-by-one#1]: real=refuted twin=refuted  <-- FINDING   (twin witness: baseEdge=1, height=1 -> real 2, twin 1)
  r0_s239 x lean [off-by-one]: real=verified twin=refuted   (twin witness: baseEdge=1, height=1 -> real 3, twin 4)
  r0_s24 x lean [boundary-swap]: real=refuted twin=refuted  <-- FINDING   (twin witness: n=1 -> real 1, twin 0)
  r0_s25 x lean [compare-flip]: real=unproved twin=refuted  <-- FINDING   (twin witness: a=[], b=[] -> real [], twin at index 0 outside [0,0))
  r0_s254 x lean [off-by-one]: real=verified twin=refuted   (twin witness: val=1 -> real 2, twin 3)
  r0_s256 x lean [off-by-one#6]: real=refuted twin=refuted  <-- FINDING   (twin witness: x=1 -> real [2, 4], twin [3, 6])
  r0_s261 x lean [wrong-var]: real=verified twin=refuted   (twin witness: a=0, b=1, c=0 -> real 1, twin 2)
  r0_s262 x lean [wrong-constant]: real=refuted twin=refuted  <-- FINDING   (twin witness: x=0, y=0 -> real 0, twin 1)
  r0_s267 x lean [wrong-constant#1]: real=refuted twin=refuted  <-- FINDING   (twin witness: a=1, b=2 -> real 1, twin 0)
  r0_s268 x lean [off-by-one]: real=verified twin=refuted   (twin witness: a=1, b=1 -> real 1, twin 0)
  r0_s269 x lean [off-by-one]: real=verified twin=refuted   (twin witness: n=2 -> real 3, twin 4)
  r0_s250 x lean [off-by-one]: real=verified twin=refuted   (twin witness: s=[1, 1] -> real 3, twin 4)
  r0_s271 x lean [off-by-one]: real=refuted twin=refuted  <-- FINDING   (twin witness: n=1 -> real 6, twin 7)
  r0_s274 x lean [off-by-one]: real=verified twin=refuted   (twin witness: n=0 -> real -1, twin -2)
  r0_s276 x lean [off-by-one]: real=refuted twin=refuted  <-- FINDING   (twin witness: n=6 -> real 181, twin 211)
  r0_s287 x lean [collapse-if]: real=verified twin=refuted   (twin witness: let=0, match=1 -> real 1, twin 0)
  r0_s289 x lean [off-by-one]: real=refuted twin=refuted  <-- FINDING   (twin witness: baseEdge=1, height=0 -> real 3, twin 4)
  r0_s293 x lean [off-by-one#2]: real=verified twin=refuted   (twin witness: x=1 -> real 3, twin 4)
  r0_s295 x lean [compare-flip]: real=refuted twin=refuted  <-- FINDING   (twin witness: x=0, y=1 -> real 0, twin 1)
  r0_s297 x lean [compare-flip]: real=verified twin=refuted   (twin witness: a=[], b=[] -> real [], twin at index 0 outside [0,0))
  r0_s298 x lean [collapse-if]: real=refuted twin=refuted  <-- FINDING   (twin witness: x=1, y=0 -> real 1, twin -1)
  r0_s285 x lean [compare-flip]: real=unproved twin=refuted  <-- FINDING   (twin witness: a=[], b=[] -> real [], twin at index 0 outside [0,0))
  r0_s306 x lean [off-by-one]: real=refuted twin=refuted  <-- FINDING   (twin witness: a=[0] -> real [0], twin at index 1 outside [0,1))
  r0_s307 x lean [compare-flip]: real=refuted twin=refuted  <-- FINDING   (twin witness: a=[], b=[] -> real [], twin at index 0 outside [0,0))
  r0_s30 x lean [compare-flip]: real=refuted twin=refuted  <-- FINDING   (twin witness: a=[0] -> real 1, twin at index 1 outside [0,1))
  r0_s309 x lean [compare-flip]: real=refuted twin=refuted  <-- FINDING   (twin witness: a=[], b=[] -> real [], twin at index 0 outside [0,0))
  r0_s316 x lean [off-by-one]: real=refuted twin=refuted  <-- FINDING   (twin witness: n=2 -> real 1, twin 2)
  r0_s317 x lean [wrong-constant]: real=verified twin=refuted   (twin witness: a=0, b=0 -> real 0, twin 1)
  r0_s32 x lean [wrong-constant#1]: real=refuted twin=refuted  <-- FINDING   (twin witness: x=0 -> real 0, twin -1)
  r0_s320 x lean [wrong-var+nonrefuting]: real=verified twin=verified  <-- FINDING   (twin witness: x=11 -> real 22, twin 11)
  r0_s326 x lean [negate-cond]: real=refuted twin=refuted  <-- FINDING   (twin witness: n=0 -> real 1, twin 16)
  r0_s329 x lean [off-by-one]: real=refuted twin=refuted  <-- FINDING   (twin witness: n=0 -> real -5, twin -6)
  r0_s330 x lean [off-by-one]: real=refuted twin=refuted  <-- FINDING   (twin witness: x=1 -> real 4, twin 5)
  r0_s338 x lean [off-by-one]: real=verified twin=refuted   (twin witness: radius=1, width=0 -> real 2, twin 3)
  r0_s340 x lean [invariant-drop]: real=unproved twin=unproved  <-- FINDING   (twin witness: exit at a=2, y=0, x=0)
  r0_s344 x lean [off-by-one]: real=refuted twin=refuted  <-- FINDING   (twin witness: baseEdge=1, height=1 -> real 3, twin 4)
  r0_s355 x lean [off-by-one]: real=verified twin=refuted   (twin witness: radius=1 -> real 2, twin 3)
  r0_s365 x lean [off-by-one]: real=refuted twin=refuted  <-- FINDING   (twin witness: x=0 -> real 2, twin 3)
  r0_s373 x lean [off-by-one]: real=verified twin=refuted   (twin witness: n=10 -> real 0, twin 10)
  r0_s374 x lean [wrong-constant#1]: real=verified twin=refuted   (twin witness: n=0 -> real 0, twin -1)
  r0_s368 x lean [compare-flip]: real=verified twin=refuted   (twin witness: a=[], b=[] -> real [], twin at index 0 outside [0,0))
  r0_s38 x lean [compare-flip]: real=refuted twin=refuted  <-- FINDING   (twin witness: n=1 -> real 0, twin 1)
  r0_s381 x lean [off-by-one]: real=refuted twin=refuted  <-- FINDING   (twin witness: n=1 -> real 4, twin 5)
  r0_s39 x lean [off-by-one]: real=refuted twin=refuted  <-- FINDING   (twin witness: n=1 -> real 3, twin 4)
  r0_s390 x lean [off-by-one]: real=refuted twin=refuted  <-- FINDING   (twin witness: n=110 -> real 0, twin 110)
  r0_s393 x lean [off-by-one#1]: real=refuted twin=refuted  <-- FINDING   (twin witness: baseEdge=1, height=1 -> real 2, twin 1)
  r0_s4 x lean [compare-flip]: real=refuted twin=refuted  <-- FINDING   (twin witness: x=0, y=1 -> real 6, twin 7)
  r0_s395 x lean [off-by-one]: real=refuted twin=refuted  <-- FINDING   (twin witness: n=0 -> real 1, twin 2)
  r0_s400 x lean [off-by-one#1]: real=verified twin=refuted   (twin witness: n=1 -> real 0, twin 1)
  r0_s402 x lean [off-by-one]: real=refuted twin=refuted  <-- FINDING   (twin witness: n=7 -> real 7, twin 0)
  r0_s406 x lean [off-by-one+nonrefuting]: real=refuted twin=unproved  <-- FINDING   (twin witness: n=2 -> real True, twin False)
  r0_s414 x lean [off-by-one]: real=refuted twin=refuted  <-- FINDING   (twin witness: n=6 -> real 181, twin 211)
  r0_s429 x lean [off-by-one]: real=refuted twin=refuted  <-- FINDING   (twin witness: n=2 -> real 3, twin 4)
  r0_s432 x lean [wrong-var]: real=refuted twin=refuted  <-- FINDING   (twin witness: a=0, b=1 -> real 0, twin 1)
  r0_s437 x lean [off-by-one]: real=refuted twin=refuted  <-- FINDING   (twin witness: n=0 -> real 0, twin 1)
  r0_s441 x lean [off-by-one]: real=refuted twin=refuted  <-- FINDING   (twin witness: n=1 -> real 2, twin 3)
  r0_s45 x lean [off-by-one]: real=verified twin=refuted   (twin witness: l=0, w=1, h=1 -> real 2, twin 3)
  r0_s450 x lean [wrong-var]: real=verified twin=refuted   (twin witness: length=1, width=-1 -> real -1, twin 1)
  r0_s46 x lean [off-by-one]: real=refuted twin=refuted  <-- FINDING   (twin witness: n=6 -> real 181, twin 211)
  r0_s464 x lean [off-by-one#1]: real=refuted twin=refuted  <-- FINDING   (twin witness: n=1 -> real 1, twin 0)
  r0_s466 x lean [boundary-swap]: real=refuted twin=refuted  <-- FINDING   (twin witness: n=1 -> real 1, twin 0)
  r0_s468 x lean [off-by-one]: real=refuted twin=refuted  <-- FINDING   (twin witness: n=0 -> real 1, twin 2)
  r0_s471 x lean [off-by-one]: real=refuted twin=refuted  <-- FINDING   (twin witness: n=1 -> real 6, twin 7)
  r0_s472 x lean [off-by-one]: real=refuted twin=refuted  <-- FINDING   (twin witness: n=1 -> real 0, twin -1)
  r0_s484 x lean [collapse-if]: real=verified twin=refuted   (twin witness: a=0, b=1 -> real 1, twin 0)
  r0_s485 x lean [compare-flip]: real=unproved twin=refuted  <-- FINDING   (twin witness: a=[], b=[] -> real [], twin at index 0 outside [0,0))
  r0_s495 x lean [off-by-one]: real=verified twin=refuted   (twin witness: n=0 -> real -1, twin -2)
  r0_s50 x lean [compare-flip]: real=refuted twin=refuted  <-- FINDING   (twin witness: n=0 -> real 0, twin 3)
  r0_s491 x lean [compare-flip]: real=refuted twin=refuted  <-- FINDING   (twin witness: a=[], b=[] -> real [], twin at index 0 outside [0,0))
  r0_s58 x lean [compare-flip]: real=refuted twin=refuted  <-- FINDING   (twin witness: n=0 -> real 0, twin 1)
  r0_s61 x lean [compare-flip]: real=unproved twin=refuted  <-- FINDING   (twin witness: n=0 -> real 0, twin 1)
  r0_s62 x lean [off-by-one]: real=refuted twin=refuted  <-- FINDING   (twin witness: n=11 -> real True, twin False)
  r0_s65 x lean [negate-cond+nonrefuting]: real=verified twin=unproved  <-- FINDING   (twin witness: x=-2 -> real 2, twin 0)
  r0_s7 x lean [off-by-one#2]: real=verified twin=refuted   (twin witness: x=1 -> real 3, twin 4)
  r0_s74 x lean [off-by-one]: real=refuted twin=refuted  <-- FINDING   (twin witness: n=1 -> real 2, twin 3)
  r0_s69 x lean [compare-flip]: real=unproved twin=refuted  <-- FINDING   (twin witness: a=[], b=[] -> real [], twin at index 0 outside [0,0))
  r0_s84 x lean [off-by-one]: real=refuted twin=refuted  <-- FINDING   (twin witness: x=0, y=0 -> real 1, twin 2)
  r0_s79 x lean [off-by-one]: real=refuted twin=refuted  <-- FINDING   (twin witness: a=[0] -> real [0], twin at index 1 outside [0,1))
  r0_s89 x lean [off-by-one]: real=refuted twin=refuted  <-- FINDING   (twin witness: baseEdge=-1, height=1 -> real -2, twin -3)
  r0_s92 x lean [wrong-operator]: real=verified twin=refuted   (twin witness: x=0 -> real 1, twin -1)
  r0_s94 x lean [wrong-var]: real=verified twin=refuted   (twin witness: length=0, width=1 -> real 0, twin 1)
  r0_s104 x rocq [off-by-one]: real=refuted twin=refuted  <-- FINDING   (twin witness: i=1, k=1 -> real 3, twin 4)
  r0_s108 x rocq [off-by-one]: real=refuted twin=refuted  <-- FINDING   (twin witness: n=1 -> real 1, twin 2)
  r0_s117 x rocq [compare-flip]: real=refuted twin=refuted  <-- FINDING   (twin witness: a=[0], b=[1] -> real [], twin at index 1 outside [0,1))
  r0_s119 x rocq [compare-flip]: real=refuted twin=refuted  <-- FINDING   (twin witness: a=[0] -> real 0, twin at index 1 outside [0,1))
  r0_s12 x rocq [off-by-one]: real=refuted twin=refuted  <-- FINDING   (twin witness: baseEdge=1, height=1 -> real 7, twin 8)
  r0_s121 x rocq [compare-flip]: real=refuted twin=refuted  <-- FINDING   (twin witness: a=[], b=[] -> real [], twin at index 0 outside [0,0))
  r0_s125 x rocq [collapse-if+nonrefuting]: real=verified twin=verified  <-- FINDING   (twin witness: x=1 -> real 1, twin -1)
  r0_s126 x rocq [boundary-swap]: real=refuted twin=refuted  <-- FINDING   (twin witness: x=1, y=1 -> real 1, twin 0)
  r0_s131 x rocq [off-by-one]: real=verified twin=refuted   (twin witness: humanYears=1 -> real 7, twin 8)
  r0_s132 x rocq [collapse-if]: real=verified twin=refuted   (twin witness: a=0, b=1 -> real 1, twin 0)
  r0_s140 x rocq [compare-flip]: real=refuted twin=refuted  <-- FINDING   (twin witness: a=[], b=[] -> real [], twin at index 0 outside [0,0))
  r0_s153 x rocq [collapse-if]: real=verified twin=refuted   (twin witness: costPrice=0, sellingPrice=1 -> real 0, twin -1)
  r0_s159 x rocq [off-by-one]: real=refuted twin=refuted  <-- FINDING   (twin witness: n=1 -> real 0, twin 1)
  r0_s166 x rocq [collapse-if]: real=refuted twin=refuted  <-- FINDING   (twin witness: x=1 -> real 1, twin 2)
  r0_s167 x rocq [off-by-one]: real=verified twin=refuted   (twin witness: l=0, w=1, h=1 -> real 2, twin 3)
  r0_s168 x rocq [wrong-var]: real=verified twin=refuted   (twin witness: length=1, width=-1 -> real -1, twin 1)
  r0_s174 x rocq [compare-flip]: real=refuted twin=refuted  <-- FINDING   (twin witness: a=[], b=[] -> real [], twin at index 0 outside [0,0))
  r0_s177 x rocq [wrong-var]: real=verified twin=refuted   (twin witness: length=0, width=1 -> real 0, twin 1)
  r0_s180 x rocq [off-by-one]: real=verified twin=refuted   (twin witness: x=6 -> real 18, twin 24)
  r0_s190 x rocq [compare-flip]: real=refuted twin=refuted  <-- FINDING   (twin witness: a=[], b=[] -> real [], twin at index 0 outside [0,0))
  r0_s199 x rocq [compare-flip]: real=refuted twin=refuted  <-- FINDING   (twin witness: n=0 -> real 1, twin 2)
  r0_s197 x rocq [off-by-one]: real=verified twin=refuted   (twin witness: n=0 -> real 1, twin 2)
  r0_s204 x rocq [off-by-one]: real=verified twin=refuted   (twin witness:  -> real 29, twin 30)
  r0_s216 x rocq [wrong-operator]: real=verified twin=refuted   (twin witness: x=0 -> real 1, twin -1)
  r0_s221 x rocq [off-by-one]: real=refuted twin=refuted  <-- FINDING   (twin witness: n=2 -> real 7, twin 11)
  r0_s223 x rocq [wrong-var]: real=verified twin=refuted   (twin witness: length=-1, width=1 -> real -1, twin 1)
  r0_s225 x rocq [off-by-one#1]: real=refuted twin=refuted  <-- FINDING   (twin witness: baseEdge=1, height=1 -> real 2, twin 1)
  r0_s229 x rocq [off-by-one]: real=refuted twin=refuted  <-- FINDING   (twin witness: x=1 -> real 4, twin 5)
  r0_s239 x rocq [off-by-one]: real=verified twin=refuted   (twin witness: baseEdge=1, height=1 -> real 3, twin 4)
  r0_s24 x rocq [boundary-swap]: real=refuted twin=refuted  <-- FINDING   (twin witness: n=1 -> real 1, twin 0)
  r0_s250 x rocq [off-by-one]: real=verified twin=refuted   (twin witness: s=[1, 1] -> real 3, twin 4)
  r0_s254 x rocq [off-by-one]: real=verified twin=refuted   (twin witness: val=1 -> real 2, twin 3)
  r0_s256 x rocq [off-by-one#6]: real=refuted twin=refuted  <-- FINDING   (twin witness: x=1 -> real [2, 4], twin [3, 6])
  r0_s261 x rocq [wrong-var]: real=verified twin=refuted   (twin witness: a=0, b=1, c=0 -> real 1, twin 2)
  r0_s262 x rocq [wrong-constant]: real=refuted twin=refuted  <-- FINDING   (twin witness: x=0, y=0 -> real 0, twin 1)
  r0_s267 x rocq [wrong-constant#1]: real=refuted twin=refuted  <-- FINDING   (twin witness: a=1, b=2 -> real 1, twin 0)
  r0_s268 x rocq [off-by-one]: real=verified twin=refuted   (twin witness: a=1, b=1 -> real 1, twin 0)
  r0_s269 x rocq [off-by-one]: real=verified twin=refuted   (twin witness: n=2 -> real 3, twin 4)
  r0_s271 x rocq [off-by-one]: real=refuted twin=refuted  <-- FINDING   (twin witness: n=1 -> real 6, twin 7)
  r0_s274 x rocq [off-by-one]: real=verified twin=refuted   (twin witness: n=0 -> real -1, twin -2)
  r0_s276 x rocq [off-by-one]: real=refuted twin=refuted  <-- FINDING   (twin witness: n=6 -> real 181, twin 211)
  r0_s285 x rocq [compare-flip]: real=unproved twin=refuted  <-- FINDING   (twin witness: a=[], b=[] -> real [], twin at index 0 outside [0,0))
  r0_s287 x rocq [collapse-if]: real=verified twin=refuted   (twin witness: let=0, match=1 -> real 1, twin 0)
  r0_s25 x rocq [compare-flip]: real=unproved twin=refuted  <-- FINDING   (twin witness: a=[], b=[] -> real [], twin at index 0 outside [0,0))
  r0_s289 x rocq [off-by-one]: real=refuted twin=refuted  <-- FINDING   (twin witness: baseEdge=1, height=0 -> real 3, twin 4)
  r0_s293 x rocq [off-by-one#2]: real=verified twin=refuted   (twin witness: x=1 -> real 3, twin 4)
  r0_s295 x rocq [compare-flip]: real=refuted twin=refuted  <-- FINDING   (twin witness: x=0, y=1 -> real 0, twin 1)
  r0_s298 x rocq [collapse-if]: real=refuted twin=refuted  <-- FINDING   (twin witness: x=1, y=0 -> real 1, twin -1)
  r0_s297 x rocq [compare-flip]: real=verified twin=refuted   (twin witness: a=[], b=[] -> real [], twin at index 0 outside [0,0))
  r0_s30 x rocq [compare-flip]: real=refuted twin=refuted  <-- FINDING   (twin witness: a=[0] -> real 1, twin at index 1 outside [0,1))
  r0_s306 x rocq [off-by-one]: real=refuted twin=refuted  <-- FINDING   (twin witness: a=[0] -> real [0], twin at index 1 outside [0,1))
  r0_s307 x rocq [compare-flip]: real=refuted twin=refuted  <-- FINDING   (twin witness: a=[], b=[] -> real [], twin at index 0 outside [0,0))
  r0_s309 x rocq [compare-flip]: real=refuted twin=refuted  <-- FINDING   (twin witness: a=[], b=[] -> real [], twin at index 0 outside [0,0))
  r0_s316 x rocq [off-by-one]: real=refuted twin=refuted  <-- FINDING   (twin witness: n=2 -> real 1, twin 2)
  r0_s317 x rocq [wrong-constant]: real=verified twin=refuted   (twin witness: a=0, b=0 -> real 0, twin 1)
  r0_s32 x rocq [wrong-constant#1]: real=refuted twin=refuted  <-- FINDING   (twin witness: x=0 -> real 0, twin -1)
  r0_s326 x rocq [negate-cond]: real=refuted twin=refuted  <-- FINDING   (twin witness: n=0 -> real 1, twin 16)
  r0_s320 x rocq [wrong-var+nonrefuting]: real=verified twin=verified  <-- FINDING   (twin witness: x=11 -> real 22, twin 11)
  r0_s329 x rocq [off-by-one]: real=refuted twin=refuted  <-- FINDING   (twin witness: n=0 -> real -5, twin -6)
  r0_s330 x rocq [off-by-one]: real=refuted twin=refuted  <-- FINDING   (twin witness: x=1 -> real 4, twin 5)
  r0_s338 x rocq [off-by-one]: real=verified twin=refuted   (twin witness: radius=1, width=0 -> real 2, twin 3)
  r0_s340 x rocq [invariant-drop]: real=unproved twin=refuted  <-- FINDING   (twin witness: exit at a=2, y=0, x=0)
  r0_s344 x rocq [off-by-one]: real=refuted twin=refuted  <-- FINDING   (twin witness: baseEdge=1, height=1 -> real 3, twin 4)
  r0_s355 x rocq [off-by-one]: real=verified twin=refuted   (twin witness: radius=1 -> real 2, twin 3)
  r0_s365 x rocq [off-by-one]: real=refuted twin=refuted  <-- FINDING   (twin witness: x=0 -> real 2, twin 3)
  r0_s368 x rocq [compare-flip]: real=verified twin=refuted   (twin witness: a=[], b=[] -> real [], twin at index 0 outside [0,0))
  r0_s373 x rocq [off-by-one]: real=verified twin=refuted   (twin witness: n=10 -> real 0, twin 10)
  r0_s374 x rocq [wrong-constant#1]: real=verified twin=refuted   (twin witness: n=0 -> real 0, twin -1)
  r0_s38 x rocq [compare-flip]: real=refuted twin=refuted  <-- FINDING   (twin witness: n=1 -> real 0, twin 1)
  r0_s381 x rocq [off-by-one]: real=refuted twin=refuted  <-- FINDING   (twin witness: n=1 -> real 4, twin 5)
  r0_s39 x rocq [off-by-one]: real=refuted twin=refuted  <-- FINDING   (twin witness: n=1 -> real 3, twin 4)
  r0_s390 x rocq [off-by-one]: real=refuted twin=refuted  <-- FINDING   (twin witness: n=110 -> real 0, twin 110)
  r0_s393 x rocq [off-by-one#1]: real=refuted twin=refuted  <-- FINDING   (twin witness: baseEdge=1, height=1 -> real 2, twin 1)
  r0_s4 x rocq [compare-flip]: real=refuted twin=refuted  <-- FINDING   (twin witness: x=0, y=1 -> real 6, twin 7)
  r0_s395 x rocq [off-by-one]: real=refuted twin=refuted  <-- FINDING   (twin witness: n=0 -> real 1, twin 2)
  r0_s402 x rocq [off-by-one]: real=refuted twin=refuted  <-- FINDING   (twin witness: n=7 -> real 7, twin 0)
  r0_s400 x rocq [off-by-one#1]: real=verified twin=refuted   (twin witness: n=1 -> real 0, twin 1)
  r0_s406 x rocq [off-by-one+nonrefuting]: real=refuted twin=unproved  <-- FINDING   (twin witness: n=2 -> real True, twin False)
  r0_s414 x rocq [off-by-one]: real=refuted twin=refuted  <-- FINDING   (twin witness: n=6 -> real 181, twin 211)
  r0_s429 x rocq [off-by-one]: real=refuted twin=refuted  <-- FINDING   (twin witness: n=2 -> real 3, twin 4)
  r0_s432 x rocq [wrong-var]: real=refuted twin=refuted  <-- FINDING   (twin witness: a=0, b=1 -> real 0, twin 1)
  r0_s437 x rocq [off-by-one]: real=refuted twin=refuted  <-- FINDING   (twin witness: n=0 -> real 0, twin 1)
  r0_s441 x rocq [off-by-one]: real=refuted twin=refuted  <-- FINDING   (twin witness: n=1 -> real 2, twin 3)
  r0_s45 x rocq [off-by-one]: real=verified twin=refuted   (twin witness: l=0, w=1, h=1 -> real 2, twin 3)
  r0_s450 x rocq [wrong-var]: real=verified twin=refuted   (twin witness: length=1, width=-1 -> real -1, twin 1)
  r0_s46 x rocq [off-by-one]: real=refuted twin=refuted  <-- FINDING   (twin witness: n=6 -> real 181, twin 211)
  r0_s464 x rocq [off-by-one#1]: real=refuted twin=refuted  <-- FINDING   (twin witness: n=1 -> real 1, twin 0)
  r0_s466 x rocq [boundary-swap]: real=refuted twin=refuted  <-- FINDING   (twin witness: n=1 -> real 1, twin 0)
  r0_s468 x rocq [off-by-one]: real=refuted twin=refuted  <-- FINDING   (twin witness: n=0 -> real 1, twin 2)
  r0_s471 x rocq [off-by-one]: real=refuted twin=refuted  <-- FINDING   (twin witness: n=1 -> real 6, twin 7)
  r0_s472 x rocq [off-by-one]: real=refuted twin=refuted  <-- FINDING   (twin witness: n=1 -> real 0, twin -1)
  r0_s484 x rocq [collapse-if]: real=verified twin=refuted   (twin witness: a=0, b=1 -> real 1, twin 0)
  r0_s491 x rocq [compare-flip]: real=refuted twin=refuted  <-- FINDING   (twin witness: a=[], b=[] -> real [], twin at index 0 outside [0,0))
  r0_s485 x rocq [compare-flip]: real=verified twin=refuted   (twin witness: a=[], b=[] -> real [], twin at index 0 outside [0,0))
  r0_s495 x rocq [off-by-one]: real=verified twin=refuted   (twin witness: n=0 -> real -1, twin -2)
  r0_s50 x rocq [compare-flip]: real=refuted twin=refuted  <-- FINDING   (twin witness: n=0 -> real 0, twin 3)
  r0_s58 x rocq [compare-flip]: real=refuted twin=refuted  <-- FINDING   (twin witness: n=0 -> real 0, twin 1)
  r0_s61 x rocq [compare-flip]: real=unproved twin=refuted  <-- FINDING   (twin witness: n=0 -> real 0, twin 1)
  r0_s62 x rocq [off-by-one]: real=refuted twin=refuted  <-- FINDING   (twin witness: n=11 -> real True, twin False)
  r0_s65 x rocq [negate-cond+nonrefuting]: real=verified twin=unproved  <-- FINDING   (twin witness: x=-2 -> real 2, twin 0)
  r0_s69 x rocq [compare-flip]: real=refuted twin=refuted  <-- FINDING   (twin witness: a=[], b=[] -> real [], twin at index 0 outside [0,0))
  r0_s7 x rocq [off-by-one#2]: real=verified twin=refuted   (twin witness: x=1 -> real 3, twin 4)
  r0_s74 x rocq [off-by-one]: real=refuted twin=refuted  <-- FINDING   (twin witness: n=1 -> real 2, twin 3)
  r0_s79 x rocq [off-by-one]: real=refuted twin=refuted  <-- FINDING   (twin witness: a=[0] -> real [0], twin at index 1 outside [0,1))
  r0_s84 x rocq [off-by-one]: real=refuted twin=refuted  <-- FINDING   (twin witness: x=0, y=0 -> real 1, twin 2)
  r0_s89 x rocq [off-by-one]: real=refuted twin=refuted  <-- FINDING   (twin witness: baseEdge=-1, height=1 -> real -2, twin -3)
  r0_s92 x rocq [wrong-operator]: real=verified twin=refuted   (twin witness: x=0 -> real 1, twin -1)
  r0_s104 x fstar [off-by-one]: real=refuted twin=refuted  <-- FINDING   (twin witness: i=1, k=1 -> real 3, twin 4)
  r0_s108 x fstar [off-by-one]: real=refuted twin=refuted  <-- FINDING   (twin witness: n=1 -> real 1, twin 2)
  r0_s94 x rocq [wrong-var]: real=verified twin=refuted   (twin witness: length=0, width=1 -> real 0, twin 1)
  r0_s119 x fstar [compare-flip]: real=refuted twin=refuted  <-- FINDING   (twin witness: a=[0] -> real 0, twin at index 1 outside [0,1))
  r0_s117 x fstar [compare-flip]: real=refuted twin=refuted  <-- FINDING   (twin witness: a=[0], b=[1] -> real [], twin at index 1 outside [0,1))
  r0_s12 x fstar [off-by-one]: real=refuted twin=refuted  <-- FINDING   (twin witness: baseEdge=1, height=1 -> real 7, twin 8)
  r0_s125 x fstar [collapse-if+nonrefuting]: real=malformed twin=malformed  <-- FINDING   (twin witness: x=1 -> real 1, twin -1)
  r0_s126 x fstar [boundary-swap]: real=refuted twin=refuted  <-- FINDING   (twin witness: x=1, y=1 -> real 1, twin 0)
  r0_s121 x fstar [compare-flip]: real=refuted twin=refuted  <-- FINDING   (twin witness: a=[], b=[] -> real [], twin at index 0 outside [0,0))
  r0_s131 x fstar [off-by-one]: real=verified twin=refuted   (twin witness: humanYears=1 -> real 7, twin 8)
  r0_s132 x fstar [collapse-if]: real=verified twin=refuted   (twin witness: a=0, b=1 -> real 1, twin 0)
  r0_s153 x fstar [collapse-if]: real=verified twin=refuted   (twin witness: costPrice=0, sellingPrice=1 -> real 0, twin -1)
  r0_s159 x fstar [off-by-one]: real=refuted twin=refuted  <-- FINDING   (twin witness: n=1 -> real 0, twin 1)
  r0_s140 x fstar [compare-flip]: real=refuted twin=refuted  <-- FINDING   (twin witness: a=[], b=[] -> real [], twin at index 0 outside [0,0))
  r0_s166 x fstar [collapse-if]: real=refuted twin=refuted  <-- FINDING   (twin witness: x=1 -> real 1, twin 2)
  r0_s167 x fstar [off-by-one]: real=verified twin=refuted   (twin witness: l=0, w=1, h=1 -> real 2, twin 3)
  r0_s168 x fstar [wrong-var]: real=verified twin=refuted   (twin witness: length=1, width=-1 -> real -1, twin 1)
  r0_s177 x fstar [wrong-var]: real=verified twin=refuted   (twin witness: length=0, width=1 -> real 0, twin 1)
  r0_s174 x fstar [compare-flip]: real=refuted twin=refuted  <-- FINDING   (twin witness: a=[], b=[] -> real [], twin at index 0 outside [0,0))
  r0_s180 x fstar [off-by-one]: real=verified twin=refuted   (twin witness: x=6 -> real 18, twin 24)
  r0_s197 x fstar [off-by-one]: real=verified twin=refuted   (twin witness: n=0 -> real 1, twin 2)
  r0_s190 x fstar [compare-flip]: real=refuted twin=refuted  <-- FINDING   (twin witness: a=[], b=[] -> real [], twin at index 0 outside [0,0))
  r0_s199 x fstar [compare-flip]: real=refuted twin=refuted  <-- FINDING   (twin witness: n=0 -> real 1, twin 2)
  r0_s204 x fstar [off-by-one]: real=verified twin=refuted   (twin witness:  -> real 29, twin 30)
  r0_s216 x fstar [wrong-operator]: real=verified twin=refuted   (twin witness: x=0 -> real 1, twin -1)
  r0_s221 x fstar [off-by-one]: real=refuted twin=refuted  <-- FINDING   (twin witness: n=2 -> real 7, twin 11)
  r0_s223 x fstar [wrong-var]: real=verified twin=refuted   (twin witness: length=-1, width=1 -> real -1, twin 1)
  r0_s225 x fstar [off-by-one#1]: real=refuted twin=refuted  <-- FINDING   (twin witness: baseEdge=1, height=1 -> real 2, twin 1)
  r0_s229 x fstar [off-by-one]: real=refuted twin=refuted  <-- FINDING   (twin witness: x=1 -> real 4, twin 5)
  r0_s239 x fstar [off-by-one]: real=verified twin=refuted   (twin witness: baseEdge=1, height=1 -> real 3, twin 4)
  r0_s24 x fstar [boundary-swap]: real=refuted twin=refuted  <-- FINDING   (twin witness: n=1 -> real 1, twin 0)
  r0_s25 x fstar [compare-flip]: real=unproved twin=refuted  <-- FINDING   (twin witness: a=[], b=[] -> real [], twin at index 0 outside [0,0))
  r0_s250 x fstar [off-by-one]: real=verified twin=refuted   (twin witness: s=[1, 1] -> real 3, twin 4)
  r0_s254 x fstar [off-by-one]: real=verified twin=refuted   (twin witness: val=1 -> real 2, twin 3)
  r0_s256 x fstar [off-by-one#6]: real=refuted twin=refuted  <-- FINDING   (twin witness: x=1 -> real [2, 4], twin [3, 6])
  r0_s262 x fstar [wrong-constant]: real=refuted twin=refuted  <-- FINDING   (twin witness: x=0, y=0 -> real 0, twin 1)
  r0_s261 x fstar [wrong-var]: real=verified twin=refuted   (twin witness: a=0, b=1, c=0 -> real 1, twin 2)
  r0_s267 x fstar [wrong-constant#1]: real=refuted twin=refuted  <-- FINDING   (twin witness: a=1, b=2 -> real 1, twin 0)
  r0_s268 x fstar [off-by-one]: real=verified twin=refuted   (twin witness: a=1, b=1 -> real 1, twin 0)
  r0_s269 x fstar [off-by-one]: real=verified twin=refuted   (twin witness: n=2 -> real 3, twin 4)
  r0_s271 x fstar [off-by-one]: real=refuted twin=refuted  <-- FINDING   (twin witness: n=1 -> real 6, twin 7)
  r0_s276 x fstar [off-by-one]: real=refuted twin=refuted  <-- FINDING   (twin witness: n=6 -> real 181, twin 211)
  r0_s274 x fstar [off-by-one]: real=verified twin=refuted   (twin witness: n=0 -> real -1, twin -2)
  r0_s287 x fstar [collapse-if]: real=verified twin=refuted   (twin witness: let=0, match=1 -> real 1, twin 0)
  r0_s289 x fstar [off-by-one]: real=refuted twin=refuted  <-- FINDING   (twin witness: baseEdge=1, height=0 -> real 3, twin 4)
  r0_s285 x fstar [compare-flip]: real=unproved twin=refuted  <-- FINDING   (twin witness: a=[], b=[] -> real [], twin at index 0 outside [0,0))
  r0_s293 x fstar [off-by-one#2]: real=verified twin=refuted   (twin witness: x=1 -> real 3, twin 4)
  r0_s295 x fstar [compare-flip]: real=refuted twin=refuted  <-- FINDING   (twin witness: x=0, y=1 -> real 0, twin 1)
  r0_s298 x fstar [collapse-if]: real=refuted twin=refuted  <-- FINDING   (twin witness: x=1, y=0 -> real 1, twin -1)
  r0_s30 x fstar [compare-flip]: real=refuted twin=refuted  <-- FINDING   (twin witness: a=[0] -> real 1, twin at index 1 outside [0,1))
  r0_s297 x fstar [compare-flip]: real=verified twin=refuted   (twin witness: a=[], b=[] -> real [], twin at index 0 outside [0,0))
  r0_s306 x fstar [off-by-one]: real=refuted twin=refuted  <-- FINDING   (twin witness: a=[0] -> real [0], twin at index 1 outside [0,1))
  r0_s307 x fstar [compare-flip]: real=refuted twin=refuted  <-- FINDING   (twin witness: a=[], b=[] -> real [], twin at index 0 outside [0,0))
  r0_s316 x fstar [off-by-one]: real=refuted twin=refuted  <-- FINDING   (twin witness: n=2 -> real 1, twin 2)
  r0_s309 x fstar [compare-flip]: real=refuted twin=refuted  <-- FINDING   (twin witness: a=[], b=[] -> real [], twin at index 0 outside [0,0))
  r0_s32 x fstar [wrong-constant#1]: real=refuted twin=refuted  <-- FINDING   (twin witness: x=0 -> real 0, twin -1)
  r0_s317 x fstar [wrong-constant]: real=verified twin=refuted   (twin witness: a=0, b=0 -> real 0, twin 1)
  r0_s320 x fstar [wrong-var+nonrefuting]: real=verified twin=verified  <-- FINDING   (twin witness: x=11 -> real 22, twin 11)
  r0_s326 x fstar [negate-cond]: real=refuted twin=refuted  <-- FINDING   (twin witness: n=0 -> real 1, twin 16)
  r0_s329 x fstar [off-by-one]: real=refuted twin=refuted  <-- FINDING   (twin witness: n=0 -> real -5, twin -6)
  r0_s330 x fstar [off-by-one]: real=refuted twin=refuted  <-- FINDING   (twin witness: x=1 -> real 4, twin 5)
  r0_s340 x fstar [invariant-drop]: real=unproved twin=refuted  <-- FINDING   (twin witness: exit at a=2, y=0, x=0)
  r0_s338 x fstar [off-by-one]: real=verified twin=refuted   (twin witness: radius=1, width=0 -> real 2, twin 3)
  r0_s344 x fstar [off-by-one]: real=refuted twin=refuted  <-- FINDING   (twin witness: baseEdge=1, height=1 -> real 3, twin 4)
  r0_s355 x fstar [off-by-one]: real=verified twin=refuted   (twin witness: radius=1 -> real 2, twin 3)
  r0_s365 x fstar [off-by-one]: real=refuted twin=refuted  <-- FINDING   (twin witness: x=0 -> real 2, twin 3)
  r0_s373 x fstar [off-by-one]: real=verified twin=refuted   (twin witness: n=10 -> real 0, twin 10)
  r0_s374 x fstar [wrong-constant#1]: real=verified twin=refuted   (twin witness: n=0 -> real 0, twin -1)
  r0_s38 x fstar [compare-flip]: real=refuted twin=refuted  <-- FINDING   (twin witness: n=1 -> real 0, twin 1)
  r0_s368 x fstar [compare-flip]: real=verified twin=refuted   (twin witness: a=[], b=[] -> real [], twin at index 0 outside [0,0))
  r0_s381 x fstar [off-by-one]: real=refuted twin=refuted  <-- FINDING   (twin witness: n=1 -> real 4, twin 5)
  r0_s39 x fstar [off-by-one]: real=refuted twin=refuted  <-- FINDING   (twin witness: n=1 -> real 3, twin 4)
  r0_s390 x fstar [off-by-one]: real=refuted twin=refuted  <-- FINDING   (twin witness: n=110 -> real 0, twin 110)
  r0_s393 x fstar [off-by-one#1]: real=refuted twin=refuted  <-- FINDING   (twin witness: baseEdge=1, height=1 -> real 2, twin 1)
  r0_s4 x fstar [compare-flip]: real=refuted twin=refuted  <-- FINDING   (twin witness: x=0, y=1 -> real 6, twin 7)
  r0_s395 x fstar [off-by-one]: real=refuted twin=refuted  <-- FINDING   (twin witness: n=0 -> real 1, twin 2)
  r0_s400 x fstar [off-by-one#1]: real=verified twin=refuted   (twin witness: n=1 -> real 0, twin 1)
  r0_s402 x fstar [off-by-one]: real=refuted twin=refuted  <-- FINDING   (twin witness: n=7 -> real 7, twin 0)
  r0_s406 x fstar [off-by-one+nonrefuting]: real=refuted twin=unproved  <-- FINDING   (twin witness: n=2 -> real True, twin False)
  r0_s414 x fstar [off-by-one]: real=refuted twin=refuted  <-- FINDING   (twin witness: n=6 -> real 181, twin 211)
  r0_s429 x fstar [off-by-one]: real=refuted twin=refuted  <-- FINDING   (twin witness: n=2 -> real 3, twin 4)
  r0_s432 x fstar [wrong-var]: real=refuted twin=refuted  <-- FINDING   (twin witness: a=0, b=1 -> real 0, twin 1)
  r0_s441 x fstar [off-by-one]: real=refuted twin=refuted  <-- FINDING   (twin witness: n=1 -> real 2, twin 3)
  r0_s437 x fstar [off-by-one]: real=refuted twin=refuted  <-- FINDING   (twin witness: n=0 -> real 0, twin 1)
  r0_s45 x fstar [off-by-one]: real=verified twin=refuted   (twin witness: l=0, w=1, h=1 -> real 2, twin 3)
  r0_s450 x fstar [wrong-var]: real=verified twin=refuted   (twin witness: length=1, width=-1 -> real -1, twin 1)
  r0_s46 x fstar [off-by-one]: real=refuted twin=refuted  <-- FINDING   (twin witness: n=6 -> real 181, twin 211)
  r0_s464 x fstar [off-by-one#1]: real=refuted twin=refuted  <-- FINDING   (twin witness: n=1 -> real 1, twin 0)
  r0_s466 x fstar [boundary-swap]: real=refuted twin=refuted  <-- FINDING   (twin witness: n=1 -> real 1, twin 0)
  r0_s468 x fstar [off-by-one]: real=refuted twin=refuted  <-- FINDING   (twin witness: n=0 -> real 1, twin 2)
  r0_s471 x fstar [off-by-one]: real=refuted twin=refuted  <-- FINDING   (twin witness: n=1 -> real 6, twin 7)
  r0_s472 x fstar [off-by-one]: real=refuted twin=refuted  <-- FINDING   (twin witness: n=1 -> real 0, twin -1)
  r0_s484 x fstar [collapse-if]: real=verified twin=refuted   (twin witness: a=0, b=1 -> real 1, twin 0)
  r0_s491 x fstar [compare-flip]: real=refuted twin=refuted  <-- FINDING   (twin witness: a=[], b=[] -> real [], twin at index 0 outside [0,0))
  r0_s495 x fstar [off-by-one]: real=verified twin=refuted   (twin witness: n=0 -> real -1, twin -2)
  r0_s485 x fstar [compare-flip]: real=verified twin=refuted   (twin witness: a=[], b=[] -> real [], twin at index 0 outside [0,0))
  r0_s50 x fstar [compare-flip]: real=refuted twin=refuted  <-- FINDING   (twin witness: n=0 -> real 0, twin 3)
  r0_s58 x fstar [compare-flip]: real=refuted twin=refuted  <-- FINDING   (twin witness: n=0 -> real 0, twin 1)
  r0_s62 x fstar [off-by-one]: real=refuted twin=refuted  <-- FINDING   (twin witness: n=11 -> real True, twin False)
  r0_s65 x fstar [negate-cond+nonrefuting]: real=verified twin=unproved  <-- FINDING   (twin witness: x=-2 -> real 2, twin 0)
  r0_s61 x fstar [compare-flip]: real=unproved twin=refuted  <-- FINDING   (twin witness: n=0 -> real 0, twin 1)
  r0_s7 x fstar [off-by-one#2]: real=verified twin=refuted   (twin witness: x=1 -> real 3, twin 4)
  r0_s69 x fstar [compare-flip]: real=unproved twin=refuted  <-- FINDING   (twin witness: a=[], b=[] -> real [], twin at index 0 outside [0,0))
  r0_s74 x fstar [off-by-one]: real=refuted twin=refuted  <-- FINDING   (twin witness: n=1 -> real 2, twin 3)
  r0_s84 x fstar [off-by-one]: real=refuted twin=refuted  <-- FINDING   (twin witness: x=0, y=0 -> real 1, twin 2)
  r0_s89 x fstar [off-by-one]: real=refuted twin=refuted  <-- FINDING   (twin witness: baseEdge=-1, height=1 -> real -2, twin -3)
  r0_s79 x fstar [off-by-one]: real=refuted twin=refuted  <-- FINDING   (twin witness: a=[0] -> real [0], twin at index 1 outside [0,1))
  r0_s92 x fstar [wrong-operator]: real=verified twin=refuted   (twin witness: x=0 -> real 1, twin -1)
  r0_s94 x fstar [wrong-var]: real=verified twin=refuted   (twin witness: length=0, width=1 -> real 0, twin 1)

7 kernels, 112 tasks: DISAGREEMENT, a finding, see /Users/juliangarcia/tup/t/out/loop-filter-mac/r0/kernels.md
