2026-07-25 03:28:14  === overnight start | deadline=07/25/2026 11:28:14 | start_pairs=50 ===
2026-07-25 03:28:14  round 1 : forge generate
[two_sum] generating 4 candidates...
  -> solved, no pair (candidates tied)
[roman] generating 4 candidates...
  -> solved, no pair (candidates tied)
[balanced] generating 4 candidates...
  -> solved, no pair (candidates tied)
[spiral] generating 4 candidates...
  -> correctness pair. rationale: Solution B fails because it attempts to pop elements from an empty list when the
[atoi] generating 4 candidates...
  -> correctness pair. rationale: Solution B fails to correctly handle the case where a '+' sign is present at the
[lps] generating 4 candidates...
  -> correctness pair. rationale: Solution B fails to handle non-alphanumeric characters correctly by including th
[merge_intervals] generating 4 candidates...
  -> correctness pair. rationale: Solution B fails because it modifies the last element of the `merged` list by re
[simplify_path] generating 4 candidates...
  -> correctness pair. rationale: Solution B fails to remove trailing slashes from the resulting path, whereas Sol
[decode_ways] generating 4 candidates...
  -> correctness pair. rationale: Solution B fails to correctly handle leading zeros by not considering the case w
[three_sum] generating 4 candidates...
  -> solved, no pair (candidates tied)
[word_break] generating 4 candidates...
  -> solved, no pair (candidates tied)
[multiply_strings] generating 4 candidates...
  -> unsolved, added to curriculum
[next_permutation] generating 4 candidates...
  -> correctness pair. rationale: Solution B fails because it incorrectly swaps the first element with the last el

done. tasks=13 solved=12 pairs=7 (correctness=7 conciseness=0) unsolved=['multiply_strings']
DPO data : C:\Users\t\Projects\srlm-forge\data\dpo_pairs.jsonl
Curriculum: C:\Users\t\Projects\srlm-forge\data\failures.jsonl
Round log : C:\Users\t\Projects\srlm-forge\data\round_stats.jsonl
2026-07-25 03:29:27  round 1 done : total_pairs=57
2026-07-25 03:29:47  round 2 : forge generate
[two_sum] generating 4 candidates...
  -> solved, no pair (candidates tied)
[roman] generating 4 candidates...
  -> solved, no pair (candidates tied)
[balanced] generating 4 candidates...
  -> correctness pair. rationale: Solution B fails to correctly handle the case where a closing bracket matches wi
[spiral] generating 4 candidates...
  -> correctness pair. rationale: Solution B fails because it does not properly handle the case where there are re
[atoi] generating 4 candidates...
  -> correctness pair. rationale: Solution B fails to correctly handle cases where a sign is present at the beginn
[lps] generating 4 candidates...
  -> solved, no pair (candidates tied)
[merge_intervals] generating 4 candidates...
  -> solved, no pair (candidates tied)
[simplify_path] generating 4 candidates...
  -> solved, no pair (candidates tied)
[decode_ways] generating 4 candidates...
  -> solved, no pair (candidates tied)
[three_sum] generating 4 candidates...
  -> solved, no pair (candidates tied)
[word_break] generating 4 candidates...
  -> solved, no pair (candidates tied)
[multiply_strings] generating 4 candidates...
  -> unsolved, added to curriculum
[next_permutation] generating 4 candidates...
  -> correctness pair. rationale: Solution B fails because it does not correctly handle the case where the input l

done. tasks=13 solved=12 pairs=4 (correctness=4 conciseness=0) unsolved=['multiply_strings']
DPO data : C:\Users\t\Projects\srlm-forge\data\dpo_pairs.jsonl
Curriculum: C:\Users\t\Projects\srlm-forge\data\failures.jsonl
Round log : C:\Users\t\Projects\srlm-forge\data\round_stats.jsonl
2026-07-25 03:31:01  round 2 done : total_pairs=61
