Looking in indexes: https://download.pytorch.org/whl/cu121
Requirement already satisfied: pip in c:\users\t\projects\srlm-forge\.venv-train\lib\site-packages (24.0)
Collecting torch==2.5.1
  Downloading https://download-r2.pytorch.org/whl/cu121/torch-2.5.1%2Bcu121-cp311-cp311-win_amd64.whl (2449.4 MB)
     ---------------------------------------- 2.4/2.4 GB 3.3 MB/s eta 0:00:00
Collecting filelock (from torch==2.5.1)
  Downloading filelock-3.29.0-py3-none-any.whl.metadata (2.0 kB)
Collecting typing-extensions>=4.8.0 (from torch==2.5.1)
  Downloading https://download.pytorch.org/whl/typing_extensions-4.15.0-py3-none-any.whl.metadata (3.3 kB)
Collecting networkx (from torch==2.5.1)
  Downloading networkx-3.6.1-py3-none-any.whl.metadata (6.8 kB)
Collecting jinja2 (from torch==2.5.1)
  Downloading https://download.pytorch.org/whl/jinja2-3.1.6-py3-none-any.whl.metadata (2.9 kB)
Collecting fsspec (from torch==2.5.1)
  Downloading fsspec-2026.4.0-py3-none-any.whl.metadata (10 kB)
Collecting sympy==1.13.1 (from torch==2.5.1)
  Downloading sympy-1.13.1-py3-none-any.whl.metadata (12 kB)
Collecting mpmath<1.4,>=1.1.0 (from sympy==1.13.1->torch==2.5.1)
  Downloading mpmath-1.3.0-py3-none-any.whl.metadata (8.6 kB)
Collecting MarkupSafe>=2.0 (from jinja2->torch==2.5.1)
  Downloading https://download.pytorch.org/whl/markupsafe-3.0.3-cp311-cp311-win_amd64.whl.metadata (2.8 kB)
Downloading sympy-1.13.1-py3-none-any.whl (6.2 MB)
   ---------------------------------------- 6.2/6.2 MB 9.7 MB/s eta 0:00:00
Downloading https://download.pytorch.org/whl/typing_extensions-4.15.0-py3-none-any.whl (44 kB)
   ---------------------------------------- 44.6/44.6 kB ? eta 0:00:00
Downloading filelock-3.29.0-py3-none-any.whl (39 kB)
Downloading fsspec-2026.4.0-py3-none-any.whl (203 kB)
   ---------------------------------------- 203.4/203.4 kB ? eta 0:00:00
Downloading https://download.pytorch.org/whl/jinja2-3.1.6-py3-none-any.whl (134 kB)
   ---------------------------------------- 134.9/134.9 kB 4.0 MB/s eta 0:00:00
Downloading networkx-3.6.1-py3-none-any.whl (2.1 MB)
   ---------------------------------------- 2.1/2.1 MB 14.6 MB/s eta 0:00:00
Downloading https://download.pytorch.org/whl/markupsafe-3.0.3-cp311-cp311-win_amd64.whl (15 kB)
Downloading mpmath-1.3.0-py3-none-any.whl (536 kB)
   --------------------------------------- 536.2/536.2 kB 17.0 MB/s eta 0:00:00
Installing collected packages: mpmath, typing-extensions, sympy, networkx, MarkupSafe, fsspec, filelock, jinja2, torch
Successfully installed MarkupSafe-3.0.3 filelock-3.29.0 fsspec-2026.4.0 jinja2-3.1.6 mpmath-1.3.0 networkx-3.6.1 sympy-1.13.1 torch-2.5.1+cu121 typing-extensions-4.15.0
