[driver] interleaving 2 arms: ctl-his, ctl-null
[round 1/15] ctl-his  (+0.0 min)
    [noise] replicate 1: pass@1=0.5226 (2.2m elapsed)
    
    [noise] appended to C:\Users\Kingo\source\srlm-forge\data\ruler_noise.jsonl. Run `analyze`.
[round 1/15] ctl-null  (+2.2 min)
    [noise] replicate 1: pass@1=0.4903 (1.7m elapsed)
    
    [noise] appended to C:\Users\Kingo\source\srlm-forge\data\ruler_noise.jsonl. Run `analyze`.
[round 2/15] ctl-his  (+3.9 min)
    [noise] replicate 2: pass@1=0.4839 (2.3m elapsed)
    
    [noise] appended to C:\Users\Kingo\source\srlm-forge\data\ruler_noise.jsonl. Run `analyze`.
[round 2/15] ctl-null  (+6.3 min)
    [noise] replicate 2: pass@1=0.6065 (2.3m elapsed)
    
    [noise] appended to C:\Users\Kingo\source\srlm-forge\data\ruler_noise.jsonl. Run `analyze`.
[round 3/15] ctl-his  (+8.6 min)
    [noise] replicate 3: pass@1=0.471 (2.7m elapsed)
    
    [noise] appended to C:\Users\Kingo\source\srlm-forge\data\ruler_noise.jsonl. Run `analyze`.
[round 3/15] ctl-null  (+11.2 min)
    [noise] replicate 3: pass@1=0.4839 (1.8m elapsed)
    
    [noise] appended to C:\Users\Kingo\source\srlm-forge\data\ruler_noise.jsonl. Run `analyze`.
[round 4/15] ctl-his  (+13.0 min)
    [noise] replicate 4: pass@1=0.4968 (2.2m elapsed)
    
    [noise] appended to C:\Users\Kingo\source\srlm-forge\data\ruler_noise.jsonl. Run `analyze`.
[round 4/15] ctl-null  (+15.2 min)
    [noise] replicate 4: pass@1=0.5097 (1.8m elapsed)
    
    [noise] appended to C:\Users\Kingo\source\srlm-forge\data\ruler_noise.jsonl. Run `analyze`.
[round 5/15] ctl-his  (+16.9 min)
    [noise] replicate 5: pass@1=0.529 (2.2m elapsed)
    
    [noise] appended to C:\Users\Kingo\source\srlm-forge\data\ruler_noise.jsonl. Run `analyze`.
[round 5/15] ctl-null  (+19.1 min)
    [noise] replicate 5: pass@1=0.4968 (1.7m elapsed)
    
    [noise] appended to C:\Users\Kingo\source\srlm-forge\data\ruler_noise.jsonl. Run `analyze`.
[round 6/15] ctl-his  (+20.8 min)
    [noise] replicate 6: pass@1=0.5226 (2.2m elapsed)
    
    [noise] appended to C:\Users\Kingo\source\srlm-forge\data\ruler_noise.jsonl. Run `analyze`.
[round 6/15] ctl-null  (+23.0 min)
    [noise] replicate 6: pass@1=0.5355 (1.8m elapsed)
    
    [noise] appended to C:\Users\Kingo\source\srlm-forge\data\ruler_noise.jsonl. Run `analyze`.
[round 7/15] ctl-his  (+24.8 min)
    [noise] replicate 7: pass@1=0.5161 (2.2m elapsed)
    
    [noise] appended to C:\Users\Kingo\source\srlm-forge\data\ruler_noise.jsonl. Run `analyze`.
[round 7/15] ctl-null  (+27.0 min)
    [noise] replicate 7: pass@1=0.5226 (1.7m elapsed)
    
    [noise] appended to C:\Users\Kingo\source\srlm-forge\data\ruler_noise.jsonl. Run `analyze`.
[round 8/15] ctl-his  (+28.7 min)
    [noise] replicate 8: pass@1=0.4581 (2.1m elapsed)
    
    [noise] appended to C:\Users\Kingo\source\srlm-forge\data\ruler_noise.jsonl. Run `analyze`.
[round 8/15] ctl-null  (+30.9 min)
    [noise] replicate 8: pass@1=0.5613 (1.8m elapsed)
    
    [noise] appended to C:\Users\Kingo\source\srlm-forge\data\ruler_noise.jsonl. Run `analyze`.
[round 9/15] ctl-his  (+32.7 min)
    [noise] replicate 9: pass@1=0.5613 (2.2m elapsed)
    
    [noise] appended to C:\Users\Kingo\source\srlm-forge\data\ruler_noise.jsonl. Run `analyze`.
[round 9/15] ctl-null  (+34.9 min)
    [noise] replicate 9: pass@1=0.471 (1.7m elapsed)
    
    [noise] appended to C:\Users\Kingo\source\srlm-forge\data\ruler_noise.jsonl. Run `analyze`.
[round 10/15] ctl-his  (+36.6 min)
    [noise] replicate 10: pass@1=0.4839 (2.1m elapsed)
    
    [noise] appended to C:\Users\Kingo\source\srlm-forge\data\ruler_noise.jsonl. Run `analyze`.
[round 10/15] ctl-null  (+38.7 min)
    [noise] replicate 10: pass@1=0.471 (1.8m elapsed)
    
    [noise] appended to C:\Users\Kingo\source\srlm-forge\data\ruler_noise.jsonl. Run `analyze`.
[round 11/15] ctl-his  (+40.6 min)
    [noise] replicate 11: pass@1=0.4774 (2.1m elapsed)
    
    [noise] appended to C:\Users\Kingo\source\srlm-forge\data\ruler_noise.jsonl. Run `analyze`.
[round 11/15] ctl-null  (+42.7 min)
    [noise] replicate 11: pass@1=0.4968 (1.7m elapsed)
    
    [noise] appended to C:\Users\Kingo\source\srlm-forge\data\ruler_noise.jsonl. Run `analyze`.
[round 12/15] ctl-his  (+44.4 min)
    [noise] replicate 12: pass@1=0.5548 (2.1m elapsed)
    
    [noise] appended to C:\Users\Kingo\source\srlm-forge\data\ruler_noise.jsonl. Run `analyze`.
[round 12/15] ctl-null  (+46.5 min)
    [noise] replicate 12: pass@1=0.4903 (1.7m elapsed)
    
    [noise] appended to C:\Users\Kingo\source\srlm-forge\data\ruler_noise.jsonl. Run `analyze`.
[round 13/15] ctl-his  (+48.3 min)
    [noise] replicate 13: pass@1=0.529 (2.1m elapsed)
    
    [noise] appended to C:\Users\Kingo\source\srlm-forge\data\ruler_noise.jsonl. Run `analyze`.
[round 13/15] ctl-null  (+50.4 min)
    [noise] replicate 13: pass@1=0.5032 (1.8m elapsed)
    
    [noise] appended to C:\Users\Kingo\source\srlm-forge\data\ruler_noise.jsonl. Run `analyze`.
[round 14/15] ctl-his  (+52.2 min)
    [noise] replicate 14: pass@1=0.529 (2.2m elapsed)
    
    [noise] appended to C:\Users\Kingo\source\srlm-forge\data\ruler_noise.jsonl. Run `analyze`.
[round 14/15] ctl-null  (+54.4 min)
    [noise] replicate 14: pass@1=0.5548 (1.7m elapsed)
    
    [noise] appended to C:\Users\Kingo\source\srlm-forge\data\ruler_noise.jsonl. Run `analyze`.
[round 15/15] ctl-his  (+56.1 min)
    [noise] replicate 15: pass@1=0.4645 (2.1m elapsed)
    
    [noise] appended to C:\Users\Kingo\source\srlm-forge\data\ruler_noise.jsonl. Run `analyze`.
[round 15/15] ctl-null  (+58.2 min)
    [noise] replicate 15: pass@1=0.4129 (1.7m elapsed)
    
    [noise] appended to C:\Users\Kingo\source\srlm-forge\data\ruler_noise.jsonl. Run `analyze`.

DONE: 15 replicates per arm in 59.9 min
